Archive member included to satisfy reference by file (symbol)

c:/st/stm32cubeide_1.10.1/stm32cubeide/plugins/com.st.stm32cube.ide.mcu.externaltools.gnu-tools-for-stm32.10.3-2021.10.win32_1.0.0.202111181127/tools/bin/../lib/gcc/arm-none-eabi/10.3.1/../../../../arm-none-eabi/lib/thumb/v7e-m+fp/hard\libc_nano.a(lib_a-errno.o)
                              ./Core/Src/syscalls.o (__errno)
c:/st/stm32cubeide_1.10.1/stm32cubeide/plugins/com.st.stm32cube.ide.mcu.externaltools.gnu-tools-for-stm32.10.3-2021.10.win32_1.0.0.202111181127/tools/bin/../lib/gcc/arm-none-eabi/10.3.1/../../../../arm-none-eabi/lib/thumb/v7e-m+fp/hard\libc_nano.a(lib_a-exit.o)
                              c:/st/stm32cubeide_1.10.1/stm32cubeide/plugins/com.st.stm32cube.ide.mcu.externaltools.gnu-tools-for-stm32.10.3-2021.10.win32_1.0.0.202111181127/tools/bin/../lib/gcc/arm-none-eabi/10.3.1/../../../../arm-none-eabi/lib/thumb/v7e-m+fp/hard/crt0.o (exit)
c:/st/stm32cubeide_1.10.1/stm32cubeide/plugins/com.st.stm32cube.ide.mcu.externaltools.gnu-tools-for-stm32.10.3-2021.10.win32_1.0.0.202111181127/tools/bin/../lib/gcc/arm-none-eabi/10.3.1/../../../../arm-none-eabi/lib/thumb/v7e-m+fp/hard\libc_nano.a(lib_a-impure.o)
                              c:/st/stm32cubeide_1.10.1/stm32cubeide/plugins/com.st.stm32cube.ide.mcu.externaltools.gnu-tools-for-stm32.10.3-2021.10.win32_1.0.0.202111181127/tools/bin/../lib/gcc/arm-none-eabi/10.3.1/../../../../arm-none-eabi/lib/thumb/v7e-m+fp/hard\libc_nano.a(lib_a-exit.o) (_global_impure_ptr)
c:/st/stm32cubeide_1.10.1/stm32cubeide/plugins/com.st.stm32cube.ide.mcu.externaltools.gnu-tools-for-stm32.10.3-2021.10.win32_1.0.0.202111181127/tools/bin/../lib/gcc/arm-none-eabi/10.3.1/../../../../arm-none-eabi/lib/thumb/v7e-m+fp/hard\libc_nano.a(lib_a-init.o)
                              c:/st/stm32cubeide_1.10.1/stm32cubeide/plugins/com.st.stm32cube.ide.mcu.externaltools.gnu-tools-for-stm32.10.3-2021.10.win32_1.0.0.202111181127/tools/bin/../lib/gcc/arm-none-eabi/10.3.1/../../../../arm-none-eabi/lib/thumb/v7e-m+fp/hard/crt0.o (__libc_init_array)
c:/st/stm32cubeide_1.10.1/stm32cubeide/plugins/com.st.stm32cube.ide.mcu.externaltools.gnu-tools-for-stm32.10.3-2021.10.win32_1.0.0.202111181127/tools/bin/../lib/gcc/arm-none-eabi/10.3.1/../../../../arm-none-eabi/lib/thumb/v7e-m+fp/hard\libc_nano.a(lib_a-memset.o)
                              c:/st/stm32cubeide_1.10.1/stm32cubeide/plugins/com.st.stm32cube.ide.mcu.externaltools.gnu-tools-for-stm32.10.3-2021.10.win32_1.0.0.202111181127/tools/bin/../lib/gcc/arm-none-eabi/10.3.1/../../../../arm-none-eabi/lib/thumb/v7e-m+fp/hard/crt0.o (memset)
c:/st/stm32cubeide_1.10.1/stm32cubeide/plugins/com.st.stm32cube.ide.mcu.externaltools.gnu-tools-for-stm32.10.3-2021.10.win32_1.0.0.202111181127/tools/bin/../lib/gcc/arm-none-eabi/10.3.1/../../../../arm-none-eabi/lib/thumb/v7e-m+fp/hard\libc_nano.a(lib_a-printf.o)
                              ./Core/Src/main.o (printf)
c:/st/stm32cubeide_1.10.1/stm32cubeide/plugins/com.st.stm32cube.ide.mcu.externaltools.gnu-tools-for-stm32.10.3-2021.10.win32_1.0.0.202111181127/tools/bin/../lib/gcc/arm-none-eabi/10.3.1/../../../../arm-none-eabi/lib/thumb/v7e-m+fp/hard\libc_nano.a(lib_a-findfp.o)
                              c:/st/stm32cubeide_1.10.1/stm32cubeide/plugins/com.st.stm32cube.ide.mcu.externaltools.gnu-tools-for-stm32.10.3-2021.10.win32_1.0.0.202111181127/tools/bin/../lib/gcc/arm-none-eabi/10.3.1/../../../../arm-none-eabi/lib/thumb/v7e-m+fp/hard\libc_nano.a(lib_a-printf.o) (__sinit)
c:/st/stm32cubeide_1.10.1/stm32cubeide/plugins/com.st.stm32cube.ide.mcu.externaltools.gnu-tools-for-stm32.10.3-2021.10.win32_1.0.0.202111181127/tools/bin/../lib/gcc/arm-none-eabi/10.3.1/../../../../arm-none-eabi/lib/thumb/v7e-m+fp/hard\libc_nano.a(lib_a-fwalk.o)
                              c:/st/stm32cubeide_1.10.1/stm32cubeide/plugins/com.st.stm32cube.ide.mcu.externaltools.gnu-tools-for-stm32.10.3-2021.10.win32_1.0.0.202111181127/tools/bin/../lib/gcc/arm-none-eabi/10.3.1/../../../../arm-none-eabi/lib/thumb/v7e-m+fp/hard\libc_nano.a(lib_a-findfp.o) (_fwalk)
c:/st/stm32cubeide_1.10.1/stm32cubeide/plugins/com.st.stm32cube.ide.mcu.externaltools.gnu-tools-for-stm32.10.3-2021.10.win32_1.0.0.202111181127/tools/bin/../lib/gcc/arm-none-eabi/10.3.1/../../../../arm-none-eabi/lib/thumb/v7e-m+fp/hard\libc_nano.a(lib_a-lock.o)
                              c:/st/stm32cubeide_1.10.1/stm32cubeide/plugins/com.st.stm32cube.ide.mcu.externaltools.gnu-tools-for-stm32.10.3-2021.10.win32_1.0.0.202111181127/tools/bin/../lib/gcc/arm-none-eabi/10.3.1/../../../../arm-none-eabi/lib/thumb/v7e-m+fp/hard\libc_nano.a(lib_a-findfp.o) (__retarget_lock_init_recursive)
c:/st/stm32cubeide_1.10.1/stm32cubeide/plugins/com.st.stm32cube.ide.mcu.externaltools.gnu-tools-for-stm32.10.3-2021.10.win32_1.0.0.202111181127/tools/bin/../lib/gcc/arm-none-eabi/10.3.1/../../../../arm-none-eabi/lib/thumb/v7e-m+fp/hard\libc_nano.a(lib_a-nano-mallocr.o)
[...]
Memory Configuration

Name             Origin             Length             Attributes
RAM              0x0000000020000000 0x0000000000018000 xrw
RAM2             0x0000000010000000 0x0000000000008000 xrw
FLASH            0x0000000008000000 0x0000000000100000 xr
*default*        0x0000000000000000 0xffffffffffffffff

Linker script and memory map

LOAD c:/st/stm32cubeide_1.10.1/stm32cubeide/plugins/com.st.stm32cube.ide.mcu.externaltools.gnu-tools-for-stm32.10.3-2021.10.win32_1.0.0.202111181127/tools/bin/../lib/gcc/arm-none-eabi/10.3.1/thumb/v7e-m+fp/hard/crti.o
LOAD c:/st/stm32cubeide_1.10.1/stm32cubeide/plugins/com.st.stm32cube.ide.mcu.externaltools.gnu-tools-for-stm32.10.3-2021.10.win32_1.0.0.202111181127/tools/bin/../lib/gcc/arm-none-eabi/10.3.1/thumb/v7e-m+fp/hard/crtbegin.o
LOAD c:/st/stm32cubeide_1.10.1/stm32cubeide/plugins/com.st.stm32cube.ide.mcu.externaltools.gnu-tools-for-stm32.10.3-2021.10.win32_1.0.0.202111181127/tools/bin/../lib/gcc/arm-none-eabi/10.3.1/../../../../arm-none-eabi/lib/thumb/v7e-m+fp/hard/crt0.o
LOAD ./Core/Src/main.o
LOAD ./Core/Src/stm32l4xx_hal_msp.o
LOAD ./Core/Src/stm32l4xx_hal_timebase_tim.o
LOAD ./Core/Src/stm32l4xx_it.o
LOAD ./Core/Src/syscalls.o
LOAD ./Core/Src/sysmem.o
LOAD ./Core/Src/system_stm32l4xx.o
LOAD ./Core/Startup/startup_stm32l476rgtx.o
LOAD ./Drivers/STM32L4xx_HAL_Driver/Src/stm32l4xx_hal.o
LOAD ./Drivers/STM32L4xx_HAL_Driver/Src/stm32l4xx_hal_cortex.o
LOAD ./Drivers/STM32L4xx_HAL_Driver/Src/stm32l4xx_hal_dma.o
LOAD ./Drivers/STM32L4xx_HAL_Driver/Src/stm32l4xx_hal_dma_ex.o
LOAD ./Drivers/STM32L4xx_HAL_Driver/Src/stm32l4xx_hal_exti.o
LOAD ./Drivers/STM32L4xx_HAL_Driver/Src/stm32l4xx_hal_flash.o
LOAD ./Drivers/STM32L4xx_HAL_Driver/Src/stm32l4xx_hal_flash_ex.o
LOAD ./Drivers/STM32L4xx_HAL_Driver/Src/stm32l4xx_hal_flash_ramfunc.o
LOAD ./Drivers/STM32L4xx_HAL_Driver/Src/stm32l4xx_hal_gpio.o
LOAD ./Drivers/STM32L4xx_HAL_Driver/Src/stm32l4xx_hal_i2c.o
LOAD ./Drivers/STM32L4xx_HAL_Driver/Src/stm32l4xx_hal_i2c_ex.o
LOAD ./Drivers/STM32L4xx_HAL_Driver/Src/stm32l4xx_hal_pcd.o
LOAD ./Drivers/STM32L4xx_HAL_Driver/Src/stm32l4xx_hal_pcd_ex.o
LOAD ./Drivers/STM32L4xx_HAL_Driver/Src/stm32l4xx_hal_pwr.o
LOAD ./Drivers/STM32L4xx_HAL_Driver/Src/stm32l4xx_hal_pwr_ex.o
LOAD ./Drivers/STM32L4xx_HAL_Driver/Src/stm32l4xx_hal_rcc.o
LOAD ./Drivers/STM32L4xx_HAL_Driver/Src/stm32l4xx_hal_rcc_ex.o
LOAD ./Drivers/STM32L4xx_HAL_Driver/Src/stm32l4xx_hal_tim.o
LOAD ./Drivers/STM32L4xx_HAL_Driver/Src/stm32l4xx_hal_tim_ex.o
LOAD ./Drivers/STM32L4xx_HAL_Driver/Src/stm32l4xx_hal_uart.o
LOAD ./Drivers/STM32L4xx_HAL_Driver/Src/stm32l4xx_hal_uart_ex.o
LOAD ./Drivers/STM32L4xx_HAL_Driver/Src/stm32l4xx_ll_usb.o
LOAD ./Fatar/fatar_port.o
LOAD ./MIDI/src/midi.o
LOAD ./MIDI/src/midi_port.o
LOAD ./MIDI/src/usbmidi.o
LOAD ./Middlewares/ST/STM32_USB_Device_Library/Class/AUDIO/Src/usbd_audio.o
LOAD ./Middlewares/ST/STM32_USB_Device_Library/Class/MIDI/Src/usbd_midi.o
LOAD ./Middlewares/ST/STM32_USB_Device_Library/Core/Src/usbd_core.o
LOAD ./Middlewares/ST/STM32_USB_Device_Library/Core/Src/usbd_ctlreq.o
LOAD ./Middlewares/ST/STM32_USB_Device_Library/Core/Src/usbd_ioreq.o
LOAD ./USB_DEVICE/App/usb_device.o
LOAD ./USB_DEVICE/App/usbd_audio_if.o
LOAD ./USB_DEVICE/App/usbd_desc.o
LOAD ./USB_DEVICE/App/usbd_midi_if.o
LOAD ./USB_DEVICE/Target/usbd_conf.o
START GROUP
LOAD c:/st/stm32cubeide_1.10.1/stm32cubeide/plugins/com.st.stm32cube.ide.mcu.externaltools.gnu-tools-for-stm32.10.3-2021.10.win32_1.0.0.202111181127/tools/bin/../lib/gcc/arm-none-eabi/10.3.1/../../../../arm-none-eabi/lib/thumb/v7e-m+fp/hard\libc_nano.a
LOAD c:/st/stm32cubeide_1.10.1/stm32cubeide/plugins/com.st.stm32cube.ide.mcu.externaltools.gnu-tools-for-stm32.10.3-2021.10.win32_1.0.0.202111181127/tools/bin/../lib/gcc/arm-none-eabi/10.3.1/../../../../arm-none-eabi/lib/thumb/v7e-m+fp/hard\libm.a
END GROUP
START GROUP
LOAD c:/st/stm32cubeide_1.10.1/stm32cubeide/plugins/com.st.stm32cube.ide.mcu.externaltools.gnu-tools-for-stm32.10.3-2021.10.win32_1.0.0.202111181127/tools/bin/../lib/gcc/arm-none-eabi/10.3.1/thumb/v7e-m+fp/hard\libgcc.a
LOAD c:/st/stm32cubeide_1.10.1/stm32cubeide/plugins/com.st.stm32cube.ide.mcu.externaltools.gnu-tools-for-stm32.10.3-2021.10.win32_1.0.0.202111181127/tools/bin/../lib/gcc/arm-none-eabi/10.3.1/../../../../arm-none-eabi/lib/thumb/v7e-m+fp/hard\libc_nano.a
END GROUP
START GROUP
LOAD c:/st/stm32cubeide_1.10.1/stm32cubeide/plugins/com.st.stm32cube.ide.mcu.externaltools.gnu-tools-for-stm32.10.3-2021.10.win32_1.0.0.202111181127/tools/bin/../lib/gcc/arm-none-eabi/10.3.1/thumb/v7e-m+fp/hard\libgcc.a
LOAD c:/st/stm32cubeide_1.10.1/stm32cubeide/plugins/com.st.stm32cube.ide.mcu.externaltools.gnu-tools-for-stm32.10.3-2021.10.win32_1.0.0.202111181127/tools/bin/../lib/gcc/arm-none-eabi/10.3.1/../../../../arm-none-eabi/lib/thumb/v7e-m+fp/hard\libc_nano.a
LOAD c:/st/stm32cubeide_1.10.1/stm32cubeide/plugins/com.st.stm32cube.ide.mcu.externaltools.gnu-tools-for-stm32.10.3-2021.10.win32_1.0.0.202111181127/tools/bin/../lib/gcc/arm-none-eabi/10.3.1/../../../../arm-none-eabi/lib/thumb/v7e-m+fp/hard\libnosys.a
END GROUP
START GROUP
LOAD c:/st/stm32cubeide_1.10.1/stm32cubeide/plugins/com.st.stm32cube.ide.mcu.externaltools.gnu-tools-for-stm32.10.3-2021.10.win32_1.0.0.202111181127/tools/bin/../lib/gcc/arm-none-eabi/10.3.1/thumb/v7e-m+fp/hard\libgcc.a
LOAD c:/st/stm32cubeide_1.10.1/stm32cubeide/plugins/com.st.stm32cube.ide.mcu.externaltools.gnu-tools-for-stm32.10.3-2021.10.win32_1.0.0.202111181127/tools/bin/../lib/gcc/arm-none-eabi/10.3.1/../../../../arm-none-eabi/lib/thumb/v7e-m+fp/hard\libc_nano.a
LOAD c:/st/stm32cubeide_1.10.1/stm32cubeide/plugins/com.st.stm32cube.ide.mcu.externaltools.gnu-tools-for-stm32.10.3-2021.10.win32_1.0.0.202111181127/tools/bin/../lib/gcc/arm-none-eabi/10.3.1/../../../../arm-none-eabi/lib/thumb/v7e-m+fp/hard\libnosys.a
END GROUP
LOAD c:/st/stm32cubeide_1.10.1/stm32cubeide/plugins/com.st.stm32cube.ide.mcu.externaltools.gnu-tools-for-stm32.10.3-2021.10.win32_1.0.0.202111181127/tools/bin/../lib/gcc/arm-none-eabi/10.3.1/thumb/v7e-m+fp/hard/crtend.o
LOAD c:/st/stm32cubeide_1.10.1/stm32cubeide/plugins/com.st.stm32cube.ide.mcu.externaltools.gnu-tools-for-stm32.10.3-2021.10.win32_1.0.0.202111181127/tools/bin/../lib/gcc/arm-none-eabi/10.3.1/thumb/v7e-m+fp/hard/crtn.o
                0x0000000020018000                _estack = (ORIGIN (RAM) + LENGTH (RAM))
                0x0000000000000200                _Min_Heap_Size = 0x200
                0x0000000000000400                _Min_Stack_Size = 0x400

.isr_vector     0x0000000008000000      0x188
                0x0000000008000000                . = ALIGN (0x4)
 *(.isr_vector)
 .isr_vector    0x0000000008000000      0x188 ./Core/Startup/startup_stm32l476rgtx.o
                0x0000000008000000                g_pfnVectors
                0x0000000008000188                . = ALIGN (0x4)

.text           0x0000000008000190     0x9ea4
                0x0000000008000190                . = ALIGN (0x4)
 *(.text)
 .text          0x0000000008000190       0x40 c:/st/stm32cubeide_1.10.1/stm32cubeide/plugins/com.st.stm32cube.ide.mcu.externaltools.gnu-tools-for-stm32.10.3-2021.10.win32_1.0.0.202111181127/tools/bin/../lib/gcc/arm-none-eabi/10.3.1/thumb/v7e-m+fp/hard/crtbegin.o
 .text          0x00000000080001d0       0xa0 c:/st/stm32cubeide_1.10.1/stm32cubeide/plugins/com.st.stm32cube.ide.mcu.externaltools.gnu-tools-for-stm32.10.3-2021.10.win32_1.0.0.202111181127/tools/bin/../lib/gcc/arm-none-eabi/10.3.1/../../../../arm-none-eabi/lib/thumb/v7e-m+fp/hard\libc_nano.a(lib_a-memchr.o)
                0x00000000080001d0                memchr
 .text          0x0000000008000270       0x30 c:/st/stm32cubeide_1.10.1/stm32cubeide/plugins/com.st.stm32cube.ide.mcu.externaltools.gnu-tools-for-stm32.10.3-2021.10.win32_1.0.0.202111181127/tools/bin/../lib/gcc/arm-none-eabi/10.3.1/thumb/v7e-m+fp/hard\libgcc.a(_aeabi_uldivmod.o)
                0x0000000008000270                __aeabi_uldivmod
 .text          0x00000000080002a0      0x2d0 c:/st/stm32cubeide_1.10.1/stm32cubeide/plugins/com.st.stm32cube.ide.mcu.externaltools.gnu-tools-for-stm32.10.3-2021.10.win32_1.0.0.202111181127/tools/bin/../lib/gcc/arm-none-eabi/10.3.1/thumb/v7e-m+fp/hard\libgcc.a(_udivmoddi4.o)
                0x00000000080002a0                __udivmoddi4
 .text          0x0000000008000570        0x4 c:/st/stm32cubeide_1.10.1/stm32cubeide/plugins/com.st.stm32cube.ide.mcu.externaltools.gnu-tools-for-stm32.10.3-2021.10.win32_1.0.0.202111181127/tools/bin/../lib/gcc/arm-none-eabi/10.3.1/thumb/v7e-m+fp/hard\libgcc.a(_dvmd_tls.o)
                0x0000000008000570                __aeabi_idiv0
                0x0000000008000570                __aeabi_ldiv0
 *(.text*)
 .text.ITM_SendChar
                0x0000000008000574       0x4e ./Core/Src/main.o
 .text.__io_putchar
                0x00000000080005c2       0x1a ./Core/Src/main.o
                0x00000000080005c2                __io_putchar
 .text.main     0x00000000080005dc       0x7c ./Core/Src/main.o
                0x00000000080005dc                main
 .text.SystemClock_Config
                0x0000000008000658       0xa4 ./Core/Src/main.o
                0x0000000008000658                SystemClock_Config
 .text.MX_USART2_UART_Init
                0x00000000080006fc       0x60 ./Core/Src/main.o
 .text.MX_GPIO_Init
                0x000000000800075c      0x1a4 ./Core/Src/main.o
 .text.HAL_TIM_PeriodElapsedCallback
                0x0000000008000900       0x24 ./Core/Src/main.o
                0x0000000008000900                HAL_TIM_PeriodElapsedCallback
 .text.Error_Handler
                0x0000000008000924        0xa ./Core/Src/main.o
                0x0000000008000924                Error_Handler
 *fill*         0x000000000800092e        0x2 
 .text.HAL_MspInit
                0x0000000008000930       0x48 ./Core/Src/stm32l4xx_hal_msp.o
                0x0000000008000930                HAL_MspInit
 .text.HAL_UART_MspInit
                0x0000000008000978       0xb8 ./Core/Src/stm32l4xx_hal_msp.o
                0x0000000008000978                HAL_UART_MspInit
 .text.HAL_InitTick
                0x0000000008000a30       0xdc ./Core/Src/stm32l4xx_hal_timebase_tim.o
                0x0000000008000a30                HAL_InitTick
 .text.NMI_Handler
                0x0000000008000b0c        0x6 ./Core/Src/stm32l4xx_it.o
                0x0000000008000b0c                NMI_Handler
 .text.HardFault_Handler
                0x0000000008000b12        0x6 ./Core/Src/stm32l4xx_it.o
                0x0000000008000b12                HardFault_Handler
 .text.MemManage_Handler
                0x0000000008000b18        0x6 ./Core/Src/stm32l4xx_it.o
                0x0000000008000b18                MemManage_Handler
 .text.BusFault_Handler
                0x0000000008000b1e        0x6 ./Core/Src/stm32l4xx_it.o
                0x0000000008000b1e                BusFault_Handler
 .text.UsageFault_Handler
                0x0000000008000b24        0x6 ./Core/Src/stm32l4xx_it.o
                0x0000000008000b24                UsageFault_Handler
 .text.SVC_Handler
                0x0000000008000b2a        0xe ./Core/Src/stm32l4xx_it.o
                0x0000000008000b2a                SVC_Handler
 .text.DebugMon_Handler
                0x0000000008000b38        0xe ./Core/Src/stm32l4xx_it.o
                0x0000000008000b38                DebugMon_Handler
 .text.PendSV_Handler
                0x0000000008000b46        0xe ./Core/Src/stm32l4xx_it.o
                0x0000000008000b46                PendSV_Handler
 .text.SysTick_Handler
                0x0000000008000b54        0xe ./Core/Src/stm32l4xx_it.o
                0x0000000008000b54                SysTick_Handler
 *fill*         0x0000000008000b62        0x2 
 .text.TIM1_UP_TIM16_IRQHandler
                0x0000000008000b64       0x14 ./Core/Src/stm32l4xx_it.o
                0x0000000008000b64                TIM1_UP_TIM16_IRQHandler
 .text.OTG_FS_IRQHandler
                0x0000000008000b78       0x14 ./Core/Src/stm32l4xx_it.o
                0x0000000008000b78                OTG_FS_IRQHandler
 .text._read    0x0000000008000b8c       0x3a ./Core/Src/syscalls.o
                0x0000000008000b8c                _read
 .text._write   0x0000000008000bc6       0x38 ./Core/Src/syscalls.o
                0x0000000008000bc6                _write
 .text._close   0x0000000008000bfe       0x18 ./Core/Src/syscalls.o
                0x0000000008000bfe                _close
 .text._fstat   0x0000000008000c16       0x20 ./Core/Src/syscalls.o
                0x0000000008000c16                _fstat
 .text._isatty  0x0000000008000c36       0x16 ./Core/Src/syscalls.o
                0x0000000008000c36                _isatty
 .text._lseek   0x0000000008000c4c       0x1a ./Core/Src/syscalls.o
                0x0000000008000c4c                _lseek
 *fill*         0x0000000008000c66        0x2 
 .text._sbrk    0x0000000008000c68       0x6c ./Core/Src/sysmem.o
                0x0000000008000c68                _sbrk
 .text.SystemInit
                0x0000000008000cd4       0x24 ./Core/Src/system_stm32l4xx.o
                0x0000000008000cd4                SystemInit
 .text.Reset_Handler
                0x0000000008000cf8       0x50 ./Core/Startup/startup_stm32l476rgtx.o
                0x0000000008000cf8                Reset_Handler
 .text.Default_Handler
                0x0000000008000d48        0x2 ./Core/Startup/startup_stm32l476rgtx.o
                0x0000000008000d48                RTC_Alarm_IRQHandler
                0x0000000008000d48                EXTI2_IRQHandler
                0x0000000008000d48                TIM8_TRG_COM_IRQHandler
                0x0000000008000d48                TIM8_CC_IRQHandler
                0x0000000008000d48                TIM1_CC_IRQHandler
                0x0000000008000d48                TSC_IRQHandler
                0x0000000008000d48                TAMP_STAMP_IRQHandler
                0x0000000008000d48                EXTI3_IRQHandler
                0x0000000008000d48                LPTIM2_IRQHandler
                0x0000000008000d48                DFSDM1_FLT1_IRQHandler
                0x0000000008000d48                I2C3_ER_IRQHandler
                0x0000000008000d48                DFSDM1_FLT2_IRQHandler
                0x0000000008000d48                EXTI0_IRQHandler
                0x0000000008000d48                I2C2_EV_IRQHandler
                0x0000000008000d48                CAN1_RX0_IRQHandler
                0x0000000008000d48                FPU_IRQHandler
                0x0000000008000d48                ADC1_2_IRQHandler
                0x0000000008000d48                SPI1_IRQHandler
                0x0000000008000d48                TIM6_DAC_IRQHandler
                0x0000000008000d48                TIM8_UP_IRQHandler
                0x0000000008000d48                DMA2_Channel2_IRQHandler
                0x0000000008000d48                DMA1_Channel4_IRQHandler
                0x0000000008000d48                SAI2_IRQHandler
                0x0000000008000d48                DFSDM1_FLT3_IRQHandler
                0x0000000008000d48                USART3_IRQHandler
                0x0000000008000d48                DMA1_Channel7_IRQHandler
                0x0000000008000d48                CAN1_RX1_IRQHandler
                0x0000000008000d48                LCD_IRQHandler
                0x0000000008000d48                UART5_IRQHandler
                0x0000000008000d48                ADC3_IRQHandler
                0x0000000008000d48                TIM4_IRQHandler
                0x0000000008000d48                DMA2_Channel1_IRQHandler
                0x0000000008000d48                QUADSPI_IRQHandler
                0x0000000008000d48                I2C1_EV_IRQHandler
                0x0000000008000d48                DMA1_Channel6_IRQHandler
                0x0000000008000d48                UART4_IRQHandler
                0x0000000008000d48                DMA2_Channel4_IRQHandler
                0x0000000008000d48                TIM3_IRQHandler
                0x0000000008000d48                RCC_IRQHandler
                0x0000000008000d48                DMA1_Channel1_IRQHandler
                0x0000000008000d48                Default_Handler
                0x0000000008000d48                DMA2_Channel7_IRQHandler
                0x0000000008000d48                EXTI15_10_IRQHandler
                0x0000000008000d48                TIM7_IRQHandler
                0x0000000008000d48                SDMMC1_IRQHandler
                0x0000000008000d48                TIM5_IRQHandler
                0x0000000008000d48                I2C3_EV_IRQHandler
                0x0000000008000d48                EXTI9_5_IRQHandler
                0x0000000008000d48                RTC_WKUP_IRQHandler
                0x0000000008000d48                PVD_PVM_IRQHandler
                0x0000000008000d48                SPI2_IRQHandler
                0x0000000008000d48                CAN1_TX_IRQHandler
                0x0000000008000d48                DMA2_Channel5_IRQHandler
                0x0000000008000d48                DMA1_Channel5_IRQHandler
                0x0000000008000d48                EXTI4_IRQHandler
                0x0000000008000d48                RNG_IRQHandler
                0x0000000008000d48                TIM1_TRG_COM_TIM17_IRQHandler
                0x0000000008000d48                DMA1_Channel3_IRQHandler
                0x0000000008000d48                COMP_IRQHandler
                0x0000000008000d48                WWDG_IRQHandler
                0x0000000008000d48                LPUART1_IRQHandler
                0x0000000008000d48                DMA2_Channel6_IRQHandler
                0x0000000008000d48                TIM2_IRQHandler
                0x0000000008000d48                EXTI1_IRQHandler
                0x0000000008000d48                USART2_IRQHandler
                0x0000000008000d48                DFSDM1_FLT0_IRQHandler
                0x0000000008000d48                I2C2_ER_IRQHandler
                0x0000000008000d48                DMA1_Channel2_IRQHandler
                0x0000000008000d48                TIM8_BRK_IRQHandler
                0x0000000008000d48                CAN1_SCE_IRQHandler
                0x0000000008000d48                FLASH_IRQHandler
                0x0000000008000d48                USART1_IRQHandler
                0x0000000008000d48                SPI3_IRQHandler
                0x0000000008000d48                I2C1_ER_IRQHandler
                0x0000000008000d48                FMC_IRQHandler
                0x0000000008000d48                SWPMI1_IRQHandler
                0x0000000008000d48                LPTIM1_IRQHandler
                0x0000000008000d48                SAI1_IRQHandler
                0x0000000008000d48                DMA2_Channel3_IRQHandler
                0x0000000008000d48                TIM1_BRK_TIM15_IRQHandler
 .text.HAL_Init
                0x0000000008000d4a       0x30 ./Drivers/STM32L4xx_HAL_Driver/Src/stm32l4xx_hal.o
                0x0000000008000d4a                HAL_Init
 *fill*         0x0000000008000d7a        0x2 
 .text.HAL_IncTick
                0x0000000008000d7c       0x28 ./Drivers/STM32L4xx_HAL_Driver/Src/stm32l4xx_hal.o
                0x0000000008000d7c                HAL_IncTick
 .text.HAL_GetTick
                0x0000000008000da4       0x18 ./Drivers/STM32L4xx_HAL_Driver/Src/stm32l4xx_hal.o
                0x0000000008000da4                HAL_GetTick
 .text.HAL_Delay
                0x0000000008000dbc       0x48 ./Drivers/STM32L4xx_HAL_Driver/Src/stm32l4xx_hal.o
                0x0000000008000dbc                HAL_Delay
 .text.__NVIC_SetPriorityGrouping
                0x0000000008000e04       0x48 ./Drivers/STM32L4xx_HAL_Driver/Src/stm32l4xx_hal_cortex.o
 .text.__NVIC_GetPriorityGrouping
                0x0000000008000e4c       0x1c ./Drivers/STM32L4xx_HAL_Driver/Src/stm32l4xx_hal_cortex.o
 .text.__NVIC_EnableIRQ
                0x0000000008000e68       0x3c ./Drivers/STM32L4xx_HAL_Driver/Src/stm32l4xx_hal_cortex.o
 .text.__NVIC_SetPriority
                0x0000000008000ea4       0x54 ./Drivers/STM32L4xx_HAL_Driver/Src/stm32l4xx_hal_cortex.o
 .text.NVIC_EncodePriority
                0x0000000008000ef8       0x66 ./Drivers/STM32L4xx_HAL_Driver/Src/stm32l4xx_hal_cortex.o
 .text.HAL_NVIC_SetPriorityGrouping
                0x0000000008000f5e       0x16 ./Drivers/STM32L4xx_HAL_Driver/Src/stm32l4xx_hal_cortex.o
                0x0000000008000f5e                HAL_NVIC_SetPriorityGrouping
 .text.HAL_NVIC_SetPriority
                0x0000000008000f74       0x38 ./Drivers/STM32L4xx_HAL_Driver/Src/stm32l4xx_hal_cortex.o
                0x0000000008000f74                HAL_NVIC_SetPriority
 .text.HAL_NVIC_EnableIRQ
                0x0000000008000fac       0x1c ./Drivers/STM32L4xx_HAL_Driver/Src/stm32l4xx_hal_cortex.o
                0x0000000008000fac                HAL_NVIC_EnableIRQ
 .text.HAL_GPIO_Init
                0x0000000008000fc8      0x354 ./Drivers/STM32L4xx_HAL_Driver/Src/stm32l4xx_hal_gpio.o
                0x0000000008000fc8                HAL_GPIO_Init
 .text.HAL_GPIO_WritePin
                0x000000000800131c       0x30 ./Drivers/STM32L4xx_HAL_Driver/Src/stm32l4xx_hal_gpio.o
                0x000000000800131c                HAL_GPIO_WritePin
 .text.HAL_PCD_Init
                0x000000000800134c      0x248 ./Drivers/STM32L4xx_HAL_Driver/Src/stm32l4xx_hal_pcd.o
                0x000000000800134c                HAL_PCD_Init
 .text.HAL_PCD_Start
                0x0000000008001594       0x5e ./Drivers/STM32L4xx_HAL_Driver/Src/stm32l4xx_hal_pcd.o
                0x0000000008001594                HAL_PCD_Start
 .text.HAL_PCD_IRQHandler
                0x00000000080015f2      0x926 ./Drivers/STM32L4xx_HAL_Driver/Src/stm32l4xx_hal_pcd.o
                0x00000000080015f2                HAL_PCD_IRQHandler
 .text.HAL_PCD_SetAddress
                0x0000000008001f18       0x4a ./Drivers/STM32L4xx_HAL_Driver/Src/stm32l4xx_hal_pcd.o
                0x0000000008001f18                HAL_PCD_SetAddress
 .text.HAL_PCD_EP_Open
                0x0000000008001f62       0xd0 ./Drivers/STM32L4xx_HAL_Driver/Src/stm32l4xx_hal_pcd.o
                0x0000000008001f62                HAL_PCD_EP_Open
 .text.HAL_PCD_EP_Close
                0x0000000008002032       0x94 ./Drivers/STM32L4xx_HAL_Driver/Src/stm32l4xx_hal_pcd.o
                0x0000000008002032                HAL_PCD_EP_Close
 .text.HAL_PCD_EP_Receive
                0x00000000080020c6       0x7c ./Drivers/STM32L4xx_HAL_Driver/Src/stm32l4xx_hal_pcd.o
                0x00000000080020c6                HAL_PCD_EP_Receive
 .text.HAL_PCD_EP_GetRxCount
                0x0000000008002142       0x30 ./Drivers/STM32L4xx_HAL_Driver/Src/stm32l4xx_hal_pcd.o
                0x0000000008002142                HAL_PCD_EP_GetRxCount
 .text.HAL_PCD_EP_Transmit
                0x0000000008002172       0x7a ./Drivers/STM32L4xx_HAL_Driver/Src/stm32l4xx_hal_pcd.o
                0x0000000008002172                HAL_PCD_EP_Transmit
 .text.HAL_PCD_EP_SetStall
                0x00000000080021ec       0xc4 ./Drivers/STM32L4xx_HAL_Driver/Src/stm32l4xx_hal_pcd.o
                0x00000000080021ec                HAL_PCD_EP_SetStall
 .text.HAL_PCD_EP_ClrStall
                0x00000000080022b0       0xac ./Drivers/STM32L4xx_HAL_Driver/Src/stm32l4xx_hal_pcd.o
                0x00000000080022b0                HAL_PCD_EP_ClrStall
 .text.HAL_PCD_EP_Abort
                0x000000000800235c       0x62 ./Drivers/STM32L4xx_HAL_Driver/Src/stm32l4xx_hal_pcd.o
                0x000000000800235c                HAL_PCD_EP_Abort
 .text.PCD_WriteEmptyTxFifo
                0x00000000080023be      0x110 ./Drivers/STM32L4xx_HAL_Driver/Src/stm32l4xx_hal_pcd.o
 *fill*         0x00000000080024ce        0x2 
 .text.PCD_EP_OutXfrComplete_int
                0x00000000080024d0       0x9c ./Drivers/STM32L4xx_HAL_Driver/Src/stm32l4xx_hal_pcd.o
 .text.PCD_EP_OutSetupPacket_int
                0x000000000800256c       0x68 ./Drivers/STM32L4xx_HAL_Driver/Src/stm32l4xx_hal_pcd.o
 .text.HAL_PCDEx_SetTxFiFo
                0x00000000080025d4       0x8e ./Drivers/STM32L4xx_HAL_Driver/Src/stm32l4xx_hal_pcd_ex.o
                0x00000000080025d4                HAL_PCDEx_SetTxFiFo
 .text.HAL_PCDEx_SetRxFiFo
                0x0000000008002662       0x22 ./Drivers/STM32L4xx_HAL_Driver/Src/stm32l4xx_hal_pcd_ex.o
                0x0000000008002662                HAL_PCDEx_SetRxFiFo
 .text.HAL_PCDEx_ActivateLPM
                0x0000000008002684       0x48 ./Drivers/STM32L4xx_HAL_Driver/Src/stm32l4xx_hal_pcd_ex.o
                0x0000000008002684                HAL_PCDEx_ActivateLPM
 .text.HAL_PWREx_GetVoltageRange
                0x00000000080026cc       0x1c ./Drivers/STM32L4xx_HAL_Driver/Src/stm32l4xx_hal_pwr_ex.o
                0x00000000080026cc                HAL_PWREx_GetVoltageRange
 .text.HAL_PWREx_ControlVoltageScaling
                0x00000000080026e8       0xac ./Drivers/STM32L4xx_HAL_Driver/Src/stm32l4xx_hal_pwr_ex.o
                0x00000000080026e8                HAL_PWREx_ControlVoltageScaling
 .text.HAL_PWREx_EnableVddUSB
                0x0000000008002794       0x20 ./Drivers/STM32L4xx_HAL_Driver/Src/stm32l4xx_hal_pwr_ex.o
                0x0000000008002794                HAL_PWREx_EnableVddUSB
 .text.HAL_RCC_OscConfig
                0x00000000080027b4      0x7b8 ./Drivers/STM32L4xx_HAL_Driver/Src/stm32l4xx_hal_rcc.o
                0x00000000080027b4                HAL_RCC_OscConfig
 .text.HAL_RCC_ClockConfig
                0x0000000008002f6c      0x200 ./Drivers/STM32L4xx_HAL_Driver/Src/stm32l4xx_hal_rcc.o
                0x0000000008002f6c                HAL_RCC_ClockConfig
 .text.HAL_RCC_GetSysClockFreq
                0x000000000800316c      0x118 ./Drivers/STM32L4xx_HAL_Driver/Src/stm32l4xx_hal_rcc.o
                0x000000000800316c                HAL_RCC_GetSysClockFreq
 .text.HAL_RCC_GetHCLKFreq
                0x0000000008003284       0x18 ./Drivers/STM32L4xx_HAL_Driver/Src/stm32l4xx_hal_rcc.o
                0x0000000008003284                HAL_RCC_GetHCLKFreq
 .text.HAL_RCC_GetPCLK1Freq
                0x000000000800329c       0x2c ./Drivers/STM32L4xx_HAL_Driver/Src/stm32l4xx_hal_rcc.o
                0x000000000800329c                HAL_RCC_GetPCLK1Freq
 .text.HAL_RCC_GetPCLK2Freq
                0x00000000080032c8       0x2c ./Drivers/STM32L4xx_HAL_Driver/Src/stm32l4xx_hal_rcc.o
                0x00000000080032c8                HAL_RCC_GetPCLK2Freq
 .text.HAL_RCC_GetClockConfig
                0x00000000080032f4       0x64 ./Drivers/STM32L4xx_HAL_Driver/Src/stm32l4xx_hal_rcc.o
                0x00000000080032f4                HAL_RCC_GetClockConfig
 .text.RCC_SetFlashLatencyFromMSIRange
                0x0000000008003358       0xc0 ./Drivers/STM32L4xx_HAL_Driver/Src/stm32l4xx_hal_rcc.o
 .text.HAL_RCCEx_PeriphCLKConfig
                0x0000000008003418      0x5d4 ./Drivers/STM32L4xx_HAL_Driver/Src/stm32l4xx_hal_rcc_ex.o
                0x0000000008003418                HAL_RCCEx_PeriphCLKConfig
 .text.RCCEx_PLLSAI1_Config
                0x00000000080039ec      0x1e8 ./Drivers/STM32L4xx_HAL_Driver/Src/stm32l4xx_hal_rcc_ex.o
 .text.RCCEx_PLLSAI2_Config
                0x0000000008003bd4      0x1bc ./Drivers/STM32L4xx_HAL_Driver/Src/stm32l4xx_hal_rcc_ex.o
 .text.HAL_TIM_Base_Init
                0x0000000008003d90       0xae ./Drivers/STM32L4xx_HAL_Driver/Src/stm32l4xx_hal_tim.o
                0x0000000008003d90                HAL_TIM_Base_Init
 .text.HAL_TIM_Base_MspInit
                0x0000000008003e3e       0x14 ./Drivers/STM32L4xx_HAL_Driver/Src/stm32l4xx_hal_tim.o
                0x0000000008003e3e                HAL_TIM_Base_MspInit
 *fill*         0x0000000008003e52        0x2 
 .text.HAL_TIM_Base_Start_IT
                0x0000000008003e54       0xe0 ./Drivers/STM32L4xx_HAL_Driver/Src/stm32l4xx_hal_tim.o
                0x0000000008003e54                HAL_TIM_Base_Start_IT
 .text.HAL_TIM_IRQHandler
                0x0000000008003f34      0x23e ./Drivers/STM32L4xx_HAL_Driver/Src/stm32l4xx_hal_tim.o
                0x0000000008003f34                HAL_TIM_IRQHandler
 .text.HAL_TIM_OC_DelayElapsedCallback
                0x0000000008004172       0x14 ./Drivers/STM32L4xx_HAL_Driver/Src/stm32l4xx_hal_tim.o
                0x0000000008004172                HAL_TIM_OC_DelayElapsedCallback
 .text.HAL_TIM_IC_CaptureCallback
                0x0000000008004186       0x14 ./Drivers/STM32L4xx_HAL_Driver/Src/stm32l4xx_hal_tim.o
                0x0000000008004186                HAL_TIM_IC_CaptureCallback
 .text.HAL_TIM_PWM_PulseFinishedCallback
                0x000000000800419a       0x14 ./Drivers/STM32L4xx_HAL_Driver/Src/stm32l4xx_hal_tim.o
                0x000000000800419a                HAL_TIM_PWM_PulseFinishedCallback
 .text.HAL_TIM_TriggerCallback
                0x00000000080041ae       0x14 ./Drivers/STM32L4xx_HAL_Driver/Src/stm32l4xx_hal_tim.o
                0x00000000080041ae                HAL_TIM_TriggerCallback
 *fill*         0x00000000080041c2        0x2 
 .text.TIM_Base_SetConfig
                0x00000000080041c4      0x134 ./Drivers/STM32L4xx_HAL_Driver/Src/stm32l4xx_hal_tim.o
                0x00000000080041c4                TIM_Base_SetConfig
 .text.HAL_TIMEx_CommutCallback
                0x00000000080042f8       0x14 ./Drivers/STM32L4xx_HAL_Driver/Src/stm32l4xx_hal_tim_ex.o
                0x00000000080042f8                HAL_TIMEx_CommutCallback
 .text.HAL_TIMEx_BreakCallback
                0x000000000800430c       0x14 ./Drivers/STM32L4xx_HAL_Driver/Src/stm32l4xx_hal_tim_ex.o
                0x000000000800430c                HAL_TIMEx_BreakCallback
 .text.HAL_TIMEx_Break2Callback
                0x0000000008004320       0x14 ./Drivers/STM32L4xx_HAL_Driver/Src/stm32l4xx_hal_tim_ex.o
                0x0000000008004320                HAL_TIMEx_Break2Callback
 .text.HAL_UART_Init
                0x0000000008004334       0x9c ./Drivers/STM32L4xx_HAL_Driver/Src/stm32l4xx_hal_uart.o
                0x0000000008004334                HAL_UART_Init
 .text.HAL_UART_Transmit
                0x00000000080043d0      0x128 ./Drivers/STM32L4xx_HAL_Driver/Src/stm32l4xx_hal_uart.o
                0x00000000080043d0                HAL_UART_Transmit
 .text.UART_SetConfig
                0x00000000080044f8      0x570 ./Drivers/STM32L4xx_HAL_Driver/Src/stm32l4xx_hal_uart.o
                0x00000000080044f8                UART_SetConfig
 .text.UART_AdvFeatureConfig
                0x0000000008004a68      0x144 ./Drivers/STM32L4xx_HAL_Driver/Src/stm32l4xx_hal_uart.o
                0x0000000008004a68                UART_AdvFeatureConfig
 .text.UART_CheckIdleState
                0x0000000008004bac       0x92 ./Drivers/STM32L4xx_HAL_Driver/Src/stm32l4xx_hal_uart.o
                0x0000000008004bac                UART_CheckIdleState
 .text.UART_WaitOnFlagUntilTimeout
                0x0000000008004c3e      0x188 ./Drivers/STM32L4xx_HAL_Driver/Src/stm32l4xx_hal_uart.o
                0x0000000008004c3e                UART_WaitOnFlagUntilTimeout
 .text.USB_CoreInit
                0x0000000008004dc6       0x58 ./Drivers/STM32L4xx_HAL_Driver/Src/stm32l4xx_ll_usb.o
                0x0000000008004dc6                USB_CoreInit
 *fill*         0x0000000008004e1e        0x2 
 .text.USB_SetTurnaroundTime
                0x0000000008004e20      0x138 ./Drivers/STM32L4xx_HAL_Driver/Src/stm32l4xx_ll_usb.o
                0x0000000008004e20                USB_SetTurnaroundTime
 .text.USB_EnableGlobalInt
                0x0000000008004f58       0x22 ./Drivers/STM32L4xx_HAL_Driver/Src/stm32l4xx_ll_usb.o
                0x0000000008004f58                USB_EnableGlobalInt
 .text.USB_DisableGlobalInt
                0x0000000008004f7a       0x22 ./Drivers/STM32L4xx_HAL_Driver/Src/stm32l4xx_ll_usb.o
                0x0000000008004f7a                USB_DisableGlobalInt
 .text.USB_SetCurrentMode
                0x0000000008004f9c       0x98 ./Drivers/STM32L4xx_HAL_Driver/Src/stm32l4xx_ll_usb.o
                0x0000000008004f9c                USB_SetCurrentMode
 .text.USB_DevInit
                0x0000000008005034      0x298 ./Drivers/STM32L4xx_HAL_Driver/Src/stm32l4xx_ll_usb.o
                0x0000000008005034                USB_DevInit
 .text.USB_FlushTxFifo
                0x00000000080052cc       0x68 ./Drivers/STM32L4xx_HAL_Driver/Src/stm32l4xx_ll_usb.o
                0x00000000080052cc                USB_FlushTxFifo
 .text.USB_FlushRxFifo
                0x0000000008005334       0x60 ./Drivers/STM32L4xx_HAL_Driver/Src/stm32l4xx_ll_usb.o
                0x0000000008005334                USB_FlushRxFifo
 .text.USB_SetDevSpeed
                0x0000000008005394       0x32 ./Drivers/STM32L4xx_HAL_Driver/Src/stm32l4xx_ll_usb.o
                0x0000000008005394                USB_SetDevSpeed
 .text.USB_GetDevSpeed
                0x00000000080053c6       0x3e ./Drivers/STM32L4xx_HAL_Driver/Src/stm32l4xx_ll_usb.o
                0x00000000080053c6                USB_GetDevSpeed
 .text.USB_ActivateEndpoint
                0x0000000008005404      0x10e ./Drivers/STM32L4xx_HAL_Driver/Src/stm32l4xx_ll_usb.o
                0x0000000008005404                USB_ActivateEndpoint
 *fill*         0x0000000008005512        0x2 
 .text.USB_DeactivateEndpoint
                0x0000000008005514      0x1b8 ./Drivers/STM32L4xx_HAL_Driver/Src/stm32l4xx_ll_usb.o
                0x0000000008005514                USB_DeactivateEndpoint
 .text.USB_EPStartXfer
                0x00000000080056cc      0x3c0 ./Drivers/STM32L4xx_HAL_Driver/Src/stm32l4xx_ll_usb.o
                0x00000000080056cc                USB_EPStartXfer
 .text.USB_EP0StartXfer
                0x0000000008005a8c      0x244 ./Drivers/STM32L4xx_HAL_Driver/Src/stm32l4xx_ll_usb.o
                0x0000000008005a8c                USB_EP0StartXfer
 .text.USB_EPStopXfer
                0x0000000008005cd0      0x154 ./Drivers/STM32L4xx_HAL_Driver/Src/stm32l4xx_ll_usb.o
                0x0000000008005cd0                USB_EPStopXfer
 .text.USB_WritePacket
                0x0000000008005e24       0x74 ./Drivers/STM32L4xx_HAL_Driver/Src/stm32l4xx_ll_usb.o
                0x0000000008005e24                USB_WritePacket
 .text.USB_ReadPacket
                0x0000000008005e98       0xb0 ./Drivers/STM32L4xx_HAL_Driver/Src/stm32l4xx_ll_usb.o
                0x0000000008005e98                USB_ReadPacket
 .text.USB_EPSetStall
                0x0000000008005f48       0xdc ./Drivers/STM32L4xx_HAL_Driver/Src/stm32l4xx_ll_usb.o
                0x0000000008005f48                USB_EPSetStall
 .text.USB_EPClearStall
                0x0000000008006024       0xcc ./Drivers/STM32L4xx_HAL_Driver/Src/stm32l4xx_ll_usb.o
                0x0000000008006024                USB_EPClearStall
 .text.USB_SetDevAddress
                0x00000000080060f0       0x4c ./Drivers/STM32L4xx_HAL_Driver/Src/stm32l4xx_ll_usb.o
                0x00000000080060f0                USB_SetDevAddress
 .text.USB_DevConnect
                0x000000000800613c       0x42 ./Drivers/STM32L4xx_HAL_Driver/Src/stm32l4xx_ll_usb.o
                0x000000000800613c                USB_DevConnect
 .text.USB_DevDisconnect
                0x000000000800617e       0x42 ./Drivers/STM32L4xx_HAL_Driver/Src/stm32l4xx_ll_usb.o
                0x000000000800617e                USB_DevDisconnect
 .text.USB_ReadInterrupts
                0x00000000080061c0       0x26 ./Drivers/STM32L4xx_HAL_Driver/Src/stm32l4xx_ll_usb.o
                0x00000000080061c0                USB_ReadInterrupts
 .text.USB_ReadDevAllOutEpInterrupt
                0x00000000080061e6       0x34 ./Drivers/STM32L4xx_HAL_Driver/Src/stm32l4xx_ll_usb.o
                0x00000000080061e6                USB_ReadDevAllOutEpInterrupt
 .text.USB_ReadDevAllInEpInterrupt
                0x000000000800621a       0x34 ./Drivers/STM32L4xx_HAL_Driver/Src/stm32l4xx_ll_usb.o
                0x000000000800621a                USB_ReadDevAllInEpInterrupt
 .text.USB_ReadDevOutEPInterrupt
                0x000000000800624e       0x3c ./Drivers/STM32L4xx_HAL_Driver/Src/stm32l4xx_ll_usb.o
                0x000000000800624e                USB_ReadDevOutEPInterrupt
 .text.USB_ReadDevInEPInterrupt
                0x000000000800628a       0x5c ./Drivers/STM32L4xx_HAL_Driver/Src/stm32l4xx_ll_usb.o
                0x000000000800628a                USB_ReadDevInEPInterrupt
 .text.USB_GetMode
                0x00000000080062e6       0x1c ./Drivers/STM32L4xx_HAL_Driver/Src/stm32l4xx_ll_usb.o
                0x00000000080062e6                USB_GetMode
 .text.USB_ActivateSetup
                0x0000000008006302       0x46 ./Drivers/STM32L4xx_HAL_Driver/Src/stm32l4xx_ll_usb.o
                0x0000000008006302                USB_ActivateSetup
 .text.USB_EP0_OutStart
                0x0000000008006348       0x90 ./Drivers/STM32L4xx_HAL_Driver/Src/stm32l4xx_ll_usb.o
                0x0000000008006348                USB_EP0_OutStart
 .text.USB_CoreReset
                0x00000000080063d8       0x68 ./Drivers/STM32L4xx_HAL_Driver/Src/stm32l4xx_ll_usb.o
 .text.midi_note_off
                0x0000000008006440       0x42 ./MIDI/src/midi.o
                0x0000000008006440                midi_note_off
 .text.midi_note_on
                0x0000000008006482       0x42 ./MIDI/src/midi.o
                0x0000000008006482                midi_note_on
 .text._usbmidi_port_tx_bytes
                0x00000000080064c4       0x26 ./MIDI/src/midi_port.o
                0x00000000080064c4                _usbmidi_port_tx_bytes
 .text._usbmidi_port_rx_bytes
                0x00000000080064ea       0x20 ./MIDI/src/midi_port.o
                0x00000000080064ea                _usbmidi_port_rx_bytes
 *fill*         0x000000000800650a        0x2 
 .text._uartmidi_port_tx_bytes
                0x000000000800650c       0x28 ./MIDI/src/midi_port.o
                0x000000000800650c                _uartmidi_port_tx_bytes
 .text._uartmidi_port_rx_bytes
                0x0000000008006534       0x1a ./MIDI/src/midi_port.o
                0x0000000008006534                _uartmidi_port_rx_bytes
 .text.usbmidi_note_off
                0x000000000800654e       0x48 ./MIDI/src/usbmidi.o
                0x000000000800654e                usbmidi_note_off
 .text.usbmidi_note_on
                0x0000000008006596       0x48 ./MIDI/src/usbmidi.o
                0x0000000008006596                usbmidi_note_on
 .text.usbmidi_tx_bytes
                0x00000000080065de       0x24 ./MIDI/src/usbmidi.o
                0x00000000080065de                usbmidi_tx_bytes
 *fill*         0x0000000008006602        0x2 
 .text.usbmidi_tx
                0x0000000008006604      0x24c ./MIDI/src/usbmidi.o
                0x0000000008006604                usbmidi_tx
 .text.USBD_AUDIO_Init
                0x0000000008006850       0xc8 ./Middlewares/ST/STM32_USB_Device_Library/Class/AUDIO/Src/usbd_audio.o
 .text.USBD_AUDIO_DeInit
                0x0000000008006918       0x58 ./Middlewares/ST/STM32_USB_Device_Library/Class/AUDIO/Src/usbd_audio.o
 .text.USBD_AUDIO_Setup
                0x0000000008006970      0x194 ./Middlewares/ST/STM32_USB_Device_Library/Class/AUDIO/Src/usbd_audio.o
 .text.USBD_AUDIO_GetCfgDesc
                0x0000000008006b04       0x20 ./Middlewares/ST/STM32_USB_Device_Library/Class/AUDIO/Src/usbd_audio.o
 .text.USBD_AUDIO_DataIn
                0x0000000008006b24       0x1a ./Middlewares/ST/STM32_USB_Device_Library/Class/AUDIO/Src/usbd_audio.o
 .text.USBD_AUDIO_EP0_RxReady
                0x0000000008006b3e       0x6e ./Middlewares/ST/STM32_USB_Device_Library/Class/AUDIO/Src/usbd_audio.o
 .text.USBD_AUDIO_EP0_TxReady
                0x0000000008006bac       0x16 ./Middlewares/ST/STM32_USB_Device_Library/Class/AUDIO/Src/usbd_audio.o
 .text.USBD_AUDIO_SOF
                0x0000000008006bc2       0x16 ./Middlewares/ST/STM32_USB_Device_Library/Class/AUDIO/Src/usbd_audio.o
 .text.USBD_AUDIO_IsoINIncomplete
                0x0000000008006bd8       0x1a ./Middlewares/ST/STM32_USB_Device_Library/Class/AUDIO/Src/usbd_audio.o
 .text.USBD_AUDIO_IsoOutIncomplete
                0x0000000008006bf2       0x1a ./Middlewares/ST/STM32_USB_Device_Library/Class/AUDIO/Src/usbd_audio.o
 .text.USBD_AUDIO_DataOut
                0x0000000008006c0c      0x106 ./Middlewares/ST/STM32_USB_Device_Library/Class/AUDIO/Src/usbd_audio.o
 .text.AUDIO_REQ_GetCurrent
                0x0000000008006d12       0x48 ./Middlewares/ST/STM32_USB_Device_Library/Class/AUDIO/Src/usbd_audio.o
 .text.AUDIO_REQ_SetCurrent
                0x0000000008006d5a       0x6e ./Middlewares/ST/STM32_USB_Device_Library/Class/AUDIO/Src/usbd_audio.o
 .text.USBD_AUDIO_GetDeviceQualifierDesc
                0x0000000008006dc8       0x20 ./Middlewares/ST/STM32_USB_Device_Library/Class/AUDIO/Src/usbd_audio.o
 .text.USBD_AUDIO_RegisterInterface
                0x0000000008006de8       0x2a ./Middlewares/ST/STM32_USB_Device_Library/Class/AUDIO/Src/usbd_audio.o
                0x0000000008006de8                USBD_AUDIO_RegisterInterface
 *fill*         0x0000000008006e12        0x2 
 .text.USBD_MIDI_Init
                0x0000000008006e14       0x48 ./Middlewares/ST/STM32_USB_Device_Library/Class/MIDI/Src/usbd_midi.o
 .text.USBD_MIDI_DeInit
                0x0000000008006e5c       0x30 ./Middlewares/ST/STM32_USB_Device_Library/Class/MIDI/Src/usbd_midi.o
 .text.USBD_MIDI_DataIn
                0x0000000008006e8c       0x2c ./Middlewares/ST/STM32_USB_Device_Library/Class/MIDI/Src/usbd_midi.o
 .text.USBD_MIDI_DataOut
                0x0000000008006eb8       0x54 ./Middlewares/ST/STM32_USB_Device_Library/Class/MIDI/Src/usbd_midi.o
 .text.USBD_MIDI_SendPacket
                0x0000000008006f0c       0xe0 ./Middlewares/ST/STM32_USB_Device_Library/Class/MIDI/Src/usbd_midi.o
                0x0000000008006f0c                USBD_MIDI_SendPacket
 .text.USBD_MIDI_GetCfgDesc
                0x0000000008006fec       0x20 ./Middlewares/ST/STM32_USB_Device_Library/Class/MIDI/Src/usbd_midi.o
 .text.USBD_MIDI_RegisterInterface
                0x000000000800700c       0x2e ./Middlewares/ST/STM32_USB_Device_Library/Class/MIDI/Src/usbd_midi.o
                0x000000000800700c                USBD_MIDI_RegisterInterface
 .text.USBD_Init
                0x000000000800703a       0x60 ./Middlewares/ST/STM32_USB_Device_Library/Core/Src/usbd_core.o
                0x000000000800703a                USBD_Init
 .text.USBD_RegisterClass
                0x000000000800709a       0x4e ./Middlewares/ST/STM32_USB_Device_Library/Core/Src/usbd_core.o
                0x000000000800709a                USBD_RegisterClass
 .text.USBD_Start
                0x00000000080070e8       0x18 ./Middlewares/ST/STM32_USB_Device_Library/Core/Src/usbd_core.o
                0x00000000080070e8                USBD_Start
 .text.USBD_RunTestMode
                0x0000000008007100       0x16 ./Middlewares/ST/STM32_USB_Device_Library/Core/Src/usbd_core.o
                0x0000000008007100                USBD_RunTestMode
 .text.USBD_SetClassConfig
                0x0000000008007116       0x38 ./Middlewares/ST/STM32_USB_Device_Library/Core/Src/usbd_core.o
                0x0000000008007116                USBD_SetClassConfig
 .text.USBD_ClrClassConfig
                0x000000000800714e       0x30 ./Middlewares/ST/STM32_USB_Device_Library/Core/Src/usbd_core.o
                0x000000000800714e                USBD_ClrClassConfig
 .text.USBD_LL_SetupStage
                0x000000000800717e       0xaa ./Middlewares/ST/STM32_USB_Device_Library/Core/Src/usbd_core.o
                0x000000000800717e                USBD_LL_SetupStage
 .text.USBD_LL_DataOutStage
                0x0000000008007228       0xc6 ./Middlewares/ST/STM32_USB_Device_Library/Core/Src/usbd_core.o
                0x0000000008007228                USBD_LL_DataOutStage
 .text.USBD_LL_DataInStage
                0x00000000080072ee      0x12c ./Middlewares/ST/STM32_USB_Device_Library/Core/Src/usbd_core.o
                0x00000000080072ee                USBD_LL_DataInStage
 .text.USBD_LL_Reset
                0x000000000800741a       0x9c ./Middlewares/ST/STM32_USB_Device_Library/Core/Src/usbd_core.o
                0x000000000800741a                USBD_LL_Reset
 .text.USBD_LL_SetSpeed
                0x00000000080074b6       0x20 ./Middlewares/ST/STM32_USB_Device_Library/Core/Src/usbd_core.o
                0x00000000080074b6                USBD_LL_SetSpeed
 .text.USBD_LL_Suspend
                0x00000000080074d6       0x2c ./Middlewares/ST/STM32_USB_Device_Library/Core/Src/usbd_core.o
                0x00000000080074d6                USBD_LL_Suspend
 .text.USBD_LL_Resume
                0x0000000008007502       0x30 ./Middlewares/ST/STM32_USB_Device_Library/Core/Src/usbd_core.o
                0x0000000008007502                USBD_LL_Resume
 .text.USBD_LL_SOF
                0x0000000008007532       0x44 ./Middlewares/ST/STM32_USB_Device_Library/Core/Src/usbd_core.o
                0x0000000008007532                USBD_LL_SOF
 .text.USBD_LL_IsoINIncomplete
                0x0000000008007576       0x4c ./Middlewares/ST/STM32_USB_Device_Library/Core/Src/usbd_core.o
                0x0000000008007576                USBD_LL_IsoINIncomplete
 .text.USBD_LL_IsoOUTIncomplete
                0x00000000080075c2       0x4c ./Middlewares/ST/STM32_USB_Device_Library/Core/Src/usbd_core.o
                0x00000000080075c2                USBD_LL_IsoOUTIncomplete
 .text.USBD_LL_DevConnected
                0x000000000800760e       0x16 ./Middlewares/ST/STM32_USB_Device_Library/Core/Src/usbd_core.o
                0x000000000800760e                USBD_LL_DevConnected
 .text.USBD_LL_DevDisconnected
                0x0000000008007624       0x38 ./Middlewares/ST/STM32_USB_Device_Library/Core/Src/usbd_core.o
                0x0000000008007624                USBD_LL_DevDisconnected
 .text.SWAPBYTE
                0x000000000800765c       0x3c ./Middlewares/ST/STM32_USB_Device_Library/Core/Src/usbd_ctlreq.o
 .text.USBD_StdDevReq
                0x0000000008007698       0xdc ./Middlewares/ST/STM32_USB_Device_Library/Core/Src/usbd_ctlreq.o
                0x0000000008007698                USBD_StdDevReq
 .text.USBD_StdItfReq
                0x0000000008007774       0x92 ./Middlewares/ST/STM32_USB_Device_Library/Core/Src/usbd_ctlreq.o
                0x0000000008007774                USBD_StdItfReq
 .text.USBD_StdEPReq
                0x0000000008007806      0x2c4 ./Middlewares/ST/STM32_USB_Device_Library/Core/Src/usbd_ctlreq.o
                0x0000000008007806                USBD_StdEPReq
 *fill*         0x0000000008007aca        0x2 
 .text.USBD_GetDescriptor
                0x0000000008007acc      0x328 ./Middlewares/ST/STM32_USB_Device_Library/Core/Src/usbd_ctlreq.o
 .text.USBD_SetAddress
                0x0000000008007df4       0x88 ./Middlewares/ST/STM32_USB_Device_Library/Core/Src/usbd_ctlreq.o
 .text.USBD_SetConfig
                0x0000000008007e7c      0x14c ./Middlewares/ST/STM32_USB_Device_Library/Core/Src/usbd_ctlreq.o
 .text.USBD_GetConfig
                0x0000000008007fc8       0x6c ./Middlewares/ST/STM32_USB_Device_Library/Core/Src/usbd_ctlreq.o
 .text.USBD_GetStatus
                0x0000000008008034       0x68 ./Middlewares/ST/STM32_USB_Device_Library/Core/Src/usbd_ctlreq.o
 .text.USBD_SetFeature
                0x000000000800809c       0x28 ./Middlewares/ST/STM32_USB_Device_Library/Core/Src/usbd_ctlreq.o
 .text.USBD_ClrFeature
                0x00000000080080c4       0x44 ./Middlewares/ST/STM32_USB_Device_Library/Core/Src/usbd_ctlreq.o
 .text.USBD_ParseSetupRequest
                0x0000000008008108       0x74 ./Middlewares/ST/STM32_USB_Device_Library/Core/Src/usbd_ctlreq.o
                0x0000000008008108                USBD_ParseSetupRequest
 .text.USBD_CtlError
                0x000000000800817c       0x22 ./Middlewares/ST/STM32_USB_Device_Library/Core/Src/usbd_ctlreq.o
                0x000000000800817c                USBD_CtlError
 .text.USBD_GetString
                0x000000000800819e       0x8c ./Middlewares/ST/STM32_USB_Device_Library/Core/Src/usbd_ctlreq.o
                0x000000000800819e                USBD_GetString
 .text.USBD_GetLen
                0x000000000800822a       0x34 ./Middlewares/ST/STM32_USB_Device_Library/Core/Src/usbd_ctlreq.o
 .text.USBD_CtlSendData
                0x000000000800825e       0x36 ./Middlewares/ST/STM32_USB_Device_Library/Core/Src/usbd_ioreq.o
                0x000000000800825e                USBD_CtlSendData
 .text.USBD_CtlContinueSendData
                0x0000000008008294       0x22 ./Middlewares/ST/STM32_USB_Device_Library/Core/Src/usbd_ioreq.o
                0x0000000008008294                USBD_CtlContinueSendData
 .text.USBD_CtlPrepareRx
                0x00000000080082b6       0x3a ./Middlewares/ST/STM32_USB_Device_Library/Core/Src/usbd_ioreq.o
                0x00000000080082b6                USBD_CtlPrepareRx
 .text.USBD_CtlContinueRx
                0x00000000080082f0       0x22 ./Middlewares/ST/STM32_USB_Device_Library/Core/Src/usbd_ioreq.o
                0x00000000080082f0                USBD_CtlContinueRx
 .text.USBD_CtlSendStatus
                0x0000000008008312       0x26 ./Middlewares/ST/STM32_USB_Device_Library/Core/Src/usbd_ioreq.o
                0x0000000008008312                USBD_CtlSendStatus
 .text.USBD_CtlReceiveStatus
                0x0000000008008338       0x26 ./Middlewares/ST/STM32_USB_Device_Library/Core/Src/usbd_ioreq.o
                0x0000000008008338                USBD_CtlReceiveStatus
 *fill*         0x000000000800835e        0x2 
 .text.MX_USB_DEVICE_Init
                0x0000000008008360       0x9c ./USB_DEVICE/App/usb_device.o
                0x0000000008008360                MX_USB_DEVICE_Init
 .text.AUDIO_Init_FS
                0x00000000080083fc       0x1a ./USB_DEVICE/App/usbd_audio_if.o
 .text.AUDIO_DeInit_FS
                0x0000000008008416       0x16 ./USB_DEVICE/App/usbd_audio_if.o
 .text.AUDIO_AudioCmd_FS
                0x000000000800842c       0x28 ./USB_DEVICE/App/usbd_audio_if.o
 .text.AUDIO_VolumeCtl_FS
                0x0000000008008454       0x18 ./USB_DEVICE/App/usbd_audio_if.o
 .text.AUDIO_MuteCtl_FS
                0x000000000800846c       0x18 ./USB_DEVICE/App/usbd_audio_if.o
 .text.AUDIO_PeriodicTC_FS
                0x0000000008008484       0x1c ./USB_DEVICE/App/usbd_audio_if.o
 .text.AUDIO_GetState_FS
                0x00000000080084a0       0x10 ./USB_DEVICE/App/usbd_audio_if.o
 .text.USBD_FS_DeviceDescriptor
                0x00000000080084b0       0x24 ./USB_DEVICE/App/usbd_desc.o
                0x00000000080084b0                USBD_FS_DeviceDescriptor
 .text.USBD_FS_LangIDStrDescriptor
                0x00000000080084d4       0x24 ./USB_DEVICE/App/usbd_desc.o
                0x00000000080084d4                USBD_FS_LangIDStrDescriptor
 .text.USBD_FS_ProductStrDescriptor
                0x00000000080084f8       0x3c ./USB_DEVICE/App/usbd_desc.o
                0x00000000080084f8                USBD_FS_ProductStrDescriptor
 .text.USBD_FS_ManufacturerStrDescriptor
                0x0000000008008534       0x28 ./USB_DEVICE/App/usbd_desc.o
                0x0000000008008534                USBD_FS_ManufacturerStrDescriptor
 .text.USBD_FS_SerialStrDescriptor
                0x000000000800855c       0x24 ./USB_DEVICE/App/usbd_desc.o
                0x000000000800855c                USBD_FS_SerialStrDescriptor
 .text.USBD_FS_ConfigStrDescriptor
                0x0000000008008580       0x3c ./USB_DEVICE/App/usbd_desc.o
                0x0000000008008580                USBD_FS_ConfigStrDescriptor
 .text.USBD_FS_InterfaceStrDescriptor
                0x00000000080085bc       0x3c ./USB_DEVICE/App/usbd_desc.o
                0x00000000080085bc                USBD_FS_InterfaceStrDescriptor
 .text.USBD_FS_USR_BOSDescriptor
                0x00000000080085f8       0x24 ./USB_DEVICE/App/usbd_desc.o
                0x00000000080085f8                USBD_FS_USR_BOSDescriptor
 .text.Get_SerialNum
                0x000000000800861c       0x58 ./USB_DEVICE/App/usbd_desc.o
 .text.IntToUnicode
                0x0000000008008674       0x7e ./USB_DEVICE/App/usbd_desc.o
 *fill*         0x00000000080086f2        0x2 
 .text.MIDI_DataRx
                0x00000000080086f4       0xc0 ./USB_DEVICE/App/usbd_midi_if.o
                0x00000000080086f4                MIDI_DataRx
 .text.MIDI_DataTx
                0x00000000080087b4       0x60 ./USB_DEVICE/App/usbd_midi_if.o
                0x00000000080087b4                MIDI_DataTx
 .text.HAL_PCD_MspInit
                0x0000000008008814      0x124 ./USB_DEVICE/Target/usbd_conf.o
                0x0000000008008814                HAL_PCD_MspInit
 .text.HAL_PCD_SetupStageCallback
                0x0000000008008938       0x24 ./USB_DEVICE/Target/usbd_conf.o
                0x0000000008008938                HAL_PCD_SetupStageCallback
 .text.HAL_PCD_DataOutStageCallback
                0x000000000800895c       0x36 ./USB_DEVICE/Target/usbd_conf.o
                0x000000000800895c                HAL_PCD_DataOutStageCallback
 .text.HAL_PCD_DataInStageCallback
                0x0000000008008992       0x34 ./USB_DEVICE/Target/usbd_conf.o
                0x0000000008008992                HAL_PCD_DataInStageCallback
 .text.HAL_PCD_SOFCallback
                0x00000000080089c6       0x1c ./USB_DEVICE/Target/usbd_conf.o
                0x00000000080089c6                HAL_PCD_SOFCallback
 .text.HAL_PCD_ResetCallback
                0x00000000080089e2       0x3c ./USB_DEVICE/Target/usbd_conf.o
                0x00000000080089e2                HAL_PCD_ResetCallback
 *fill*         0x0000000008008a1e        0x2 
 .text.HAL_PCD_SuspendCallback
                0x0000000008008a20       0x4c ./USB_DEVICE/Target/usbd_conf.o
                0x0000000008008a20                HAL_PCD_SuspendCallback
 .text.HAL_PCD_ResumeCallback
                0x0000000008008a6c       0x50 ./USB_DEVICE/Target/usbd_conf.o
                0x0000000008008a6c                HAL_PCD_ResumeCallback
 .text.HAL_PCD_ISOOUTIncompleteCallback
                0x0000000008008abc       0x24 ./USB_DEVICE/Target/usbd_conf.o
                0x0000000008008abc                HAL_PCD_ISOOUTIncompleteCallback
 .text.HAL_PCD_ISOINIncompleteCallback
                0x0000000008008ae0       0x24 ./USB_DEVICE/Target/usbd_conf.o
                0x0000000008008ae0                HAL_PCD_ISOINIncompleteCallback
 .text.HAL_PCD_ConnectCallback
                0x0000000008008b04       0x1c ./USB_DEVICE/Target/usbd_conf.o
                0x0000000008008b04                HAL_PCD_ConnectCallback
 .text.HAL_PCD_DisconnectCallback
                0x0000000008008b20       0x1c ./USB_DEVICE/Target/usbd_conf.o
                0x0000000008008b20                HAL_PCD_DisconnectCallback
 .text.USBD_LL_Init
                0x0000000008008b3c       0x98 ./USB_DEVICE/Target/usbd_conf.o
                0x0000000008008b3c                USBD_LL_Init
 .text.USBD_LL_Start
                0x0000000008008bd4       0x64 ./USB_DEVICE/Target/usbd_conf.o
                0x0000000008008bd4                USBD_LL_Start
 .text.USBD_LL_OpenEP
                0x0000000008008c38       0x7c ./USB_DEVICE/Target/usbd_conf.o
                0x0000000008008c38                USBD_LL_OpenEP
 .text.USBD_LL_CloseEP
                0x0000000008008cb4       0x6c ./USB_DEVICE/Target/usbd_conf.o
                0x0000000008008cb4                USBD_LL_CloseEP
 .text.USBD_LL_StallEP
                0x0000000008008d20       0x6c ./USB_DEVICE/Target/usbd_conf.o
                0x0000000008008d20                USBD_LL_StallEP
 .text.USBD_LL_ClearStallEP
                0x0000000008008d8c       0x6c ./USB_DEVICE/Target/usbd_conf.o
                0x0000000008008d8c                USBD_LL_ClearStallEP
 .text.USBD_LL_IsStallEP
                0x0000000008008df8       0x58 ./USB_DEVICE/Target/usbd_conf.o
                0x0000000008008df8                USBD_LL_IsStallEP
 .text.USBD_LL_SetUSBAddress
                0x0000000008008e50       0x6c ./USB_DEVICE/Target/usbd_conf.o
                0x0000000008008e50                USBD_LL_SetUSBAddress
 .text.USBD_LL_Transmit
                0x0000000008008ebc       0x70 ./USB_DEVICE/Target/usbd_conf.o
                0x0000000008008ebc                USBD_LL_Transmit
 .text.USBD_LL_PrepareReceive
                0x0000000008008f2c       0x70 ./USB_DEVICE/Target/usbd_conf.o
                0x0000000008008f2c                USBD_LL_PrepareReceive
 .text.USBD_LL_GetRxDataSize
                0x0000000008008f9c       0x26 ./USB_DEVICE/Target/usbd_conf.o
                0x0000000008008f9c                USBD_LL_GetRxDataSize
 *fill*         0x0000000008008fc2        0x2 
 .text.HAL_PCDEx_LPM_Callback
                0x0000000008008fc4       0x9c ./USB_DEVICE/Target/usbd_conf.o
                0x0000000008008fc4                HAL_PCDEx_LPM_Callback
 .text.USBD_static_malloc
                0x0000000008009060       0x1c ./USB_DEVICE/Target/usbd_conf.o
                0x0000000008009060                USBD_static_malloc
 .text.USBD_static_free
                0x000000000800907c       0x14 ./USB_DEVICE/Target/usbd_conf.o
                0x000000000800907c                USBD_static_free
 .text.SystemClockConfig_Resume
                0x0000000008009090        0xc ./USB_DEVICE/Target/usbd_conf.o
 .text.__errno  0x000000000800909c        0xc c:/st/stm32cubeide_1.10.1/stm32cubeide/plugins/com.st.stm32cube.ide.mcu.externaltools.gnu-tools-for-stm32.10.3-2021.10.win32_1.0.0.202111181127/tools/bin/../lib/gcc/arm-none-eabi/10.3.1/../../../../arm-none-eabi/lib/thumb/v7e-m+fp/hard\libc_nano.a(lib_a-errno.o)
                0x000000000800909c                __errno
 .text.__libc_init_array
                0x00000000080090a8       0x48 c:/st/stm32cubeide_1.10.1/stm32cubeide/plugins/com.st.stm32cube.ide.mcu.externaltools.gnu-tools-for-stm32.10.3-2021.10.win32_1.0.0.202111181127/tools/bin/../lib/gcc/arm-none-eabi/10.3.1/../../../../arm-none-eabi/lib/thumb/v7e-m+fp/hard\libc_nano.a(lib_a-init.o)
                0x00000000080090a8                __libc_init_array
 .text.memset   0x00000000080090f0       0x10 c:/st/stm32cubeide_1.10.1/stm32cubeide/plugins/com.st.stm32cube.ide.mcu.externaltools.gnu-tools-for-stm32.10.3-2021.10.win32_1.0.0.202111181127/tools/bin/../lib/gcc/arm-none-eabi/10.3.1/../../../../arm-none-eabi/lib/thumb/v7e-m+fp/hard\libc_nano.a(lib_a-memset.o)
                0x00000000080090f0                memset
 .text.printf   0x0000000008009100       0x30 c:/st/stm32cubeide_1.10.1/stm32cubeide/plugins/com.st.stm32cube.ide.mcu.externaltools.gnu-tools-for-stm32.10.3-2021.10.win32_1.0.0.202111181127/tools/bin/../lib/gcc/arm-none-eabi/10.3.1/../../../../arm-none-eabi/lib/thumb/v7e-m+fp/hard\libc_nano.a(lib_a-printf.o)
                0x0000000008009100                iprintf
                0x0000000008009100                printf
 .text.std      0x0000000008009130       0x48 c:/st/stm32cubeide_1.10.1/stm32cubeide/plugins/com.st.stm32cube.ide.mcu.externaltools.gnu-tools-for-stm32.10.3-2021.10.win32_1.0.0.202111181127/tools/bin/../lib/gcc/arm-none-eabi/10.3.1/../../../../arm-none-eabi/lib/thumb/v7e-m+fp/hard\libc_nano.a(lib_a-findfp.o)
 .text._cleanup_r
                0x0000000008009178        0xc c:/st/stm32cubeide_1.10.1/stm32cubeide/plugins/com.st.stm32cube.ide.mcu.externaltools.gnu-tools-for-stm32.10.3-2021.10.win32_1.0.0.202111181127/tools/bin/../lib/gcc/arm-none-eabi/10.3.1/../../../../arm-none-eabi/lib/thumb/v7e-m+fp/hard\libc_nano.a(lib_a-findfp.o)
                0x0000000008009178                _cleanup_r
 .text.__sfmoreglue
                0x0000000008009184       0x2c c:/st/stm32cubeide_1.10.1/stm32cubeide/plugins/com.st.stm32cube.ide.mcu.externaltools.gnu-tools-for-stm32.10.3-2021.10.win32_1.0.0.202111181127/tools/bin/../lib/gcc/arm-none-eabi/10.3.1/../../../../arm-none-eabi/lib/thumb/v7e-m+fp/hard\libc_nano.a(lib_a-findfp.o)
                0x0000000008009184                __sfmoreglue
 .text.__sfp_lock_acquire
                0x00000000080091b0        0xc c:/st/stm32cubeide_1.10.1/stm32cubeide/plugins/com.st.stm32cube.ide.mcu.externaltools.gnu-tools-for-stm32.10.3-2021.10.win32_1.0.0.202111181127/tools/bin/../lib/gcc/arm-none-eabi/10.3.1/../../../../arm-none-eabi/lib/thumb/v7e-m+fp/hard\libc_nano.a(lib_a-findfp.o)
                0x00000000080091b0                __sfp_lock_acquire
 .text.__sfp_lock_release
                0x00000000080091bc        0xc c:/st/stm32cubeide_1.10.1/stm32cubeide/plugins/com.st.stm32cube.ide.mcu.externaltools.gnu-tools-for-stm32.10.3-2021.10.win32_1.0.0.202111181127/tools/bin/../lib/gcc/arm-none-eabi/10.3.1/../../../../arm-none-eabi/lib/thumb/v7e-m+fp/hard\libc_nano.a(lib_a-findfp.o)
                0x00000000080091bc                __sfp_lock_release
 .text.__sinit_lock_acquire
                0x00000000080091c8        0xc c:/st/stm32cubeide_1.10.1/stm32cubeide/plugins/com.st.stm32cube.ide.mcu.externaltools.gnu-tools-for-stm32.10.3-2021.10.win32_1.0.0.202111181127/tools/bin/../lib/gcc/arm-none-eabi/10.3.1/../../../../arm-none-eabi/lib/thumb/v7e-m+fp/hard\libc_nano.a(lib_a-findfp.o)
                0x00000000080091c8                __sinit_lock_acquire
 .text.__sinit_lock_release
                0x00000000080091d4        0xc c:/st/stm32cubeide_1.10.1/stm32cubeide/plugins/com.st.stm32cube.ide.mcu.externaltools.gnu-tools-for-stm32.10.3-2021.10.win32_1.0.0.202111181127/tools/bin/../lib/gcc/arm-none-eabi/10.3.1/../../../../arm-none-eabi/lib/thumb/v7e-m+fp/hard\libc_nano.a(lib_a-findfp.o)
                0x00000000080091d4                __sinit_lock_release
 .text.__sinit  0x00000000080091e0       0x70 c:/st/stm32cubeide_1.10.1/stm32cubeide/plugins/com.st.stm32cube.ide.mcu.externaltools.gnu-tools-for-stm32.10.3-2021.10.win32_1.0.0.202111181127/tools/bin/../lib/gcc/arm-none-eabi/10.3.1/../../../../arm-none-eabi/lib/thumb/v7e-m+fp/hard\libc_nano.a(lib_a-findfp.o)
                0x00000000080091e0                __sinit
 .text.__sfp    0x0000000008009250       0x8c c:/st/stm32cubeide_1.10.1/stm32cubeide/plugins/com.st.stm32cube.ide.mcu.externaltools.gnu-tools-for-stm32.10.3-2021.10.win32_1.0.0.202111181127/tools/bin/../lib/gcc/arm-none-eabi/10.3.1/../../../../arm-none-eabi/lib/thumb/v7e-m+fp/hard\libc_nano.a(lib_a-findfp.o)
                0x0000000008009250                __sfp
 .text._fwalk_reent
                0x00000000080092dc       0x3e c:/st/stm32cubeide_1.10.1/stm32cubeide/plugins/com.st.stm32cube.ide.mcu.externaltools.gnu-tools-for-stm32.10.3-2021.10.win32_1.0.0.202111181127/tools/bin/../lib/gcc/arm-none-eabi/10.3.1/../../../../arm-none-eabi/lib/thumb/v7e-m+fp/hard\libc_nano.a(lib_a-fwalk.o)
                0x00000000080092dc                _fwalk_reent
 .text.__retarget_lock_init_recursive
                0x000000000800931a        0x2 c:/st/stm32cubeide_1.10.1/stm32cubeide/plugins/com.st.stm32cube.ide.mcu.externaltools.gnu-tools-for-stm32.10.3-2021.10.win32_1.0.0.202111181127/tools/bin/../lib/gcc/arm-none-eabi/10.3.1/../../../../arm-none-eabi/lib/thumb/v7e-m+fp/hard\libc_nano.a(lib_a-lock.o)
                0x000000000800931a                __retarget_lock_init_recursive
 .text.__retarget_lock_acquire_recursive
                0x000000000800931c        0x2 c:/st/stm32cubeide_1.10.1/stm32cubeide/plugins/com.st.stm32cube.ide.mcu.externaltools.gnu-tools-for-stm32.10.3-2021.10.win32_1.0.0.202111181127/tools/bin/../lib/gcc/arm-none-eabi/10.3.1/../../../../arm-none-eabi/lib/thumb/v7e-m+fp/hard\libc_nano.a(lib_a-lock.o)
                0x000000000800931c                __retarget_lock_acquire_recursive
 .text.__retarget_lock_release_recursive
                0x000000000800931e        0x2 c:/st/stm32cubeide_1.10.1/stm32cubeide/plugins/com.st.stm32cube.ide.mcu.externaltools.gnu-tools-for-stm32.10.3-2021.10.win32_1.0.0.202111181127/tools/bin/../lib/gcc/arm-none-eabi/10.3.1/../../../../arm-none-eabi/lib/thumb/v7e-m+fp/hard\libc_nano.a(lib_a-lock.o)
                0x000000000800931e                __retarget_lock_release_recursive
 .text.sbrk_aligned
                0x0000000008009320       0x40 c:/st/stm32cubeide_1.10.1/stm32cubeide/plugins/com.st.stm32cube.ide.mcu.externaltools.gnu-tools-for-stm32.10.3-2021.10.win32_1.0.0.202111181127/tools/bin/../lib/gcc/arm-none-eabi/10.3.1/../../../../arm-none-eabi/lib/thumb/v7e-m+fp/hard\libc_nano.a(lib_a-nano-mallocr.o)
 .text._malloc_r
                0x0000000008009360       0xe8 c:/st/stm32cubeide_1.10.1/stm32cubeide/plugins/com.st.stm32cube.ide.mcu.externaltools.gnu-tools-for-stm32.10.3-2021.10.win32_1.0.0.202111181127/tools/bin/../lib/gcc/arm-none-eabi/10.3.1/../../../../arm-none-eabi/lib/thumb/v7e-m+fp/hard\libc_nano.a(lib_a-nano-mallocr.o)
                0x0000000008009360                _malloc_r
 .text.__sfputc_r
                0x0000000008009448       0x2e c:/st/stm32cubeide_1.10.1/stm32cubeide/plugins/com.st.stm32cube.ide.mcu.externaltools.gnu-tools-for-stm32.10.3-2021.10.win32_1.0.0.202111181127/tools/bin/../lib/gcc/arm-none-eabi/10.3.1/../../../../arm-none-eabi/lib/thumb/v7e-m+fp/hard\libc_nano.a(lib_a-nano-vfprintf.o)
 .text.__sfputs_r
                0x0000000008009476       0x24 c:/st/stm32cubeide_1.10.1/stm32cubeide/plugins/com.st.stm32cube.ide.mcu.externaltools.gnu-tools-for-stm32.10.3-2021.10.win32_1.0.0.202111181127/tools/bin/../lib/gcc/arm-none-eabi/10.3.1/../../../../arm-none-eabi/lib/thumb/v7e-m+fp/hard\libc_nano.a(lib_a-nano-vfprintf.o)
                0x0000000008009476                __sfputs_r
 *fill*         0x000000000800949a        0x2 
 .text._vfprintf_r
                0x000000000800949c      0x260 c:/st/stm32cubeide_1.10.1/stm32cubeide/plugins/com.st.stm32cube.ide.mcu.externaltools.gnu-tools-for-stm32.10.3-2021.10.win32_1.0.0.202111181127/tools/bin/../lib/gcc/arm-none-eabi/10.3.1/../../../../arm-none-eabi/lib/thumb/v7e-m+fp/hard\libc_nano.a(lib_a-nano-vfprintf.o)
                0x000000000800949c                _vfprintf_r
                0x000000000800949c                _vfiprintf_r
 .text._printf_common
                0x00000000080096fc       0xda c:/st/stm32cubeide_1.10.1/stm32cubeide/plugins/com.st.stm32cube.ide.mcu.externaltools.gnu-tools-for-stm32.10.3-2021.10.win32_1.0.0.202111181127/tools/bin/../lib/gcc/arm-none-eabi/10.3.1/../../../../arm-none-eabi/lib/thumb/v7e-m+fp/hard\libc_nano.a(lib_a-nano-vfprintf_i.o)
                0x00000000080096fc                _printf_common
 *fill*         0x00000000080097d6        0x2 
 .text._printf_i
                0x00000000080097d8      0x24c c:/st/stm32cubeide_1.10.1/stm32cubeide/plugins/com.st.stm32cube.ide.mcu.externaltools.gnu-tools-for-stm32.10.3-2021.10.win32_1.0.0.202111181127/tools/bin/../lib/gcc/arm-none-eabi/10.3.1/../../../../arm-none-eabi/lib/thumb/v7e-m+fp/hard\libc_nano.a(lib_a-nano-vfprintf_i.o)
                0x00000000080097d8                _printf_i
 .text._sbrk_r  0x0000000008009a24       0x20 c:/st/stm32cubeide_1.10.1/stm32cubeide/plugins/com.st.stm32cube.ide.mcu.externaltools.gnu-tools-for-stm32.10.3-2021.10.win32_1.0.0.202111181127/tools/bin/../lib/gcc/arm-none-eabi/10.3.1/../../../../arm-none-eabi/lib/thumb/v7e-m+fp/hard\libc_nano.a(lib_a-sbrkr.o)
                0x0000000008009a24                _sbrk_r
 .text.__sread  0x0000000008009a44       0x22 c:/st/stm32cubeide_1.10.1/stm32cubeide/plugins/com.st.stm32cube.ide.mcu.externaltools.gnu-tools-for-stm32.10.3-2021.10.win32_1.0.0.202111181127/tools/bin/../lib/gcc/arm-none-eabi/10.3.1/../../../../arm-none-eabi/lib/thumb/v7e-m+fp/hard\libc_nano.a(lib_a-stdio.o)
                0x0000000008009a44                __sread
 .text.__swrite
                0x0000000008009a66       0x38 c:/st/stm32cubeide_1.10.1/stm32cubeide/plugins/com.st.stm32cube.ide.mcu.externaltools.gnu-tools-for-stm32.10.3-2021.10.win32_1.0.0.202111181127/tools/bin/../lib/gcc/arm-none-eabi/10.3.1/../../../../arm-none-eabi/lib/thumb/v7e-m+fp/hard\libc_nano.a(lib_a-stdio.o)
                0x0000000008009a66                __swrite
 .text.__sseek  0x0000000008009a9e       0x24 c:/st/stm32cubeide_1.10.1/stm32cubeide/plugins/com.st.stm32cube.ide.mcu.externaltools.gnu-tools-for-stm32.10.3-2021.10.win32_1.0.0.202111181127/tools/bin/../lib/gcc/arm-none-eabi/10.3.1/../../../../arm-none-eabi/lib/thumb/v7e-m+fp/hard\libc_nano.a(lib_a-stdio.o)
                0x0000000008009a9e                __sseek
 .text.__sclose
                0x0000000008009ac2        0x8 c:/st/stm32cubeide_1.10.1/stm32cubeide/plugins/com.st.stm32cube.ide.mcu.externaltools.gnu-tools-for-stm32.10.3-2021.10.win32_1.0.0.202111181127/tools/bin/../lib/gcc/arm-none-eabi/10.3.1/../../../../arm-none-eabi/lib/thumb/v7e-m+fp/hard\libc_nano.a(lib_a-stdio.o)
                0x0000000008009ac2                __sclose
 *fill*         0x0000000008009aca        0x2 
 .text.__swbuf_r
                0x0000000008009acc       0xa4 c:/st/stm32cubeide_1.10.1/stm32cubeide/plugins/com.st.stm32cube.ide.mcu.externaltools.gnu-tools-for-stm32.10.3-2021.10.win32_1.0.0.202111181127/tools/bin/../lib/gcc/arm-none-eabi/10.3.1/../../../../arm-none-eabi/lib/thumb/v7e-m+fp/hard\libc_nano.a(lib_a-wbuf.o)
                0x0000000008009acc                __swbuf_r
 .text._write_r
                0x0000000008009b70       0x24 c:/st/stm32cubeide_1.10.1/stm32cubeide/plugins/com.st.stm32cube.ide.mcu.externaltools.gnu-tools-for-stm32.10.3-2021.10.win32_1.0.0.202111181127/tools/bin/../lib/gcc/arm-none-eabi/10.3.1/../../../../arm-none-eabi/lib/thumb/v7e-m+fp/hard\libc_nano.a(lib_a-writer.o)
                0x0000000008009b70                _write_r
 .text.__swsetup_r
                0x0000000008009b94       0xdc c:/st/stm32cubeide_1.10.1/stm32cubeide/plugins/com.st.stm32cube.ide.mcu.externaltools.gnu-tools-for-stm32.10.3-2021.10.win32_1.0.0.202111181127/tools/bin/../lib/gcc/arm-none-eabi/10.3.1/../../../../arm-none-eabi/lib/thumb/v7e-m+fp/hard\libc_nano.a(lib_a-wsetup.o)
                0x0000000008009b94                __swsetup_r
 .text._close_r
                0x0000000008009c70       0x20 c:/st/stm32cubeide_1.10.1/stm32cubeide/plugins/com.st.stm32cube.ide.mcu.externaltools.gnu-tools-for-stm32.10.3-2021.10.win32_1.0.0.202111181127/tools/bin/../lib/gcc/arm-none-eabi/10.3.1/../../../../arm-none-eabi/lib/thumb/v7e-m+fp/hard\libc_nano.a(lib_a-closer.o)
                0x0000000008009c70                _close_r
 .text.__sflush_r
                0x0000000008009c90      0x10c c:/st/stm32cubeide_1.10.1/stm32cubeide/plugins/com.st.stm32cube.ide.mcu.externaltools.gnu-tools-for-stm32.10.3-2021.10.win32_1.0.0.202111181127/tools/bin/../lib/gcc/arm-none-eabi/10.3.1/../../../../arm-none-eabi/lib/thumb/v7e-m+fp/hard\libc_nano.a(lib_a-fflush.o)
                0x0000000008009c90                __sflush_r
 .text._fflush_r
                0x0000000008009d9c       0x78 c:/st/stm32cubeide_1.10.1/stm32cubeide/plugins/com.st.stm32cube.ide.mcu.externaltools.gnu-tools-for-stm32.10.3-2021.10.win32_1.0.0.202111181127/tools/bin/../lib/gcc/arm-none-eabi/10.3.1/../../../../arm-none-eabi/lib/thumb/v7e-m+fp/hard\libc_nano.a(lib_a-fflush.o)
                0x0000000008009d9c                _fflush_r
 .text._lseek_r
                0x0000000008009e14       0x24 c:/st/stm32cubeide_1.10.1/stm32cubeide/plugins/com.st.stm32cube.ide.mcu.externaltools.gnu-tools-for-stm32.10.3-2021.10.win32_1.0.0.202111181127/tools/bin/../lib/gcc/arm-none-eabi/10.3.1/../../../../arm-none-eabi/lib/thumb/v7e-m+fp/hard\libc_nano.a(lib_a-lseekr.o)
                0x0000000008009e14                _lseek_r
 .text.__swhatbuf_r
                0x0000000008009e38       0x4a c:/st/stm32cubeide_1.10.1/stm32cubeide/plugins/com.st.stm32cube.ide.mcu.externaltools.gnu-tools-for-stm32.10.3-2021.10.win32_1.0.0.202111181127/tools/bin/../lib/gcc/arm-none-eabi/10.3.1/../../../../arm-none-eabi/lib/thumb/v7e-m+fp/hard\libc_nano.a(lib_a-makebuf.o)
                0x0000000008009e38                __swhatbuf_r
 *fill*         0x0000000008009e82        0x2 
 .text.__smakebuf_r
                0x0000000008009e84       0x80 c:/st/stm32cubeide_1.10.1/stm32cubeide/plugins/com.st.stm32cube.ide.mcu.externaltools.gnu-tools-for-stm32.10.3-2021.10.win32_1.0.0.202111181127/tools/bin/../lib/gcc/arm-none-eabi/10.3.1/../../../../arm-none-eabi/lib/thumb/v7e-m+fp/hard\libc_nano.a(lib_a-makebuf.o)
                0x0000000008009e84                __smakebuf_r
 .text.__malloc_lock
                0x0000000008009f04        0xc c:/st/stm32cubeide_1.10.1/stm32cubeide/plugins/com.st.stm32cube.ide.mcu.externaltools.gnu-tools-for-stm32.10.3-2021.10.win32_1.0.0.202111181127/tools/bin/../lib/gcc/arm-none-eabi/10.3.1/../../../../arm-none-eabi/lib/thumb/v7e-m+fp/hard\libc_nano.a(lib_a-mlock.o)
                0x0000000008009f04                __malloc_lock
 .text.__malloc_unlock
                0x0000000008009f10        0xc c:/st/stm32cubeide_1.10.1/stm32cubeide/plugins/com.st.stm32cube.ide.mcu.externaltools.gnu-tools-for-stm32.10.3-2021.10.win32_1.0.0.202111181127/tools/bin/../lib/gcc/arm-none-eabi/10.3.1/../../../../arm-none-eabi/lib/thumb/v7e-m+fp/hard\libc_nano.a(lib_a-mlock.o)
                0x0000000008009f10                __malloc_unlock
 .text._free_r  0x0000000008009f1c       0x98 c:/st/stm32cubeide_1.10.1/stm32cubeide/plugins/com.st.stm32cube.ide.mcu.externaltools.gnu-tools-for-stm32.10.3-2021.10.win32_1.0.0.202111181127/tools/bin/../lib/gcc/arm-none-eabi/10.3.1/../../../../arm-none-eabi/lib/thumb/v7e-m+fp/hard\libc_nano.a(lib_a-nano-freer.o)
                0x0000000008009f1c                _free_r
 .text._read_r  0x0000000008009fb4       0x24 c:/st/stm32cubeide_1.10.1/stm32cubeide/plugins/com.st.stm32cube.ide.mcu.externaltools.gnu-tools-for-stm32.10.3-2021.10.win32_1.0.0.202111181127/tools/bin/../lib/gcc/arm-none-eabi/10.3.1/../../../../arm-none-eabi/lib/thumb/v7e-m+fp/hard\libc_nano.a(lib_a-readr.o)
                0x0000000008009fb4                _read_r
 .text._fstat_r
                0x0000000008009fd8       0x24 c:/st/stm32cubeide_1.10.1/stm32cubeide/plugins/com.st.stm32cube.ide.mcu.externaltools.gnu-tools-for-stm32.10.3-2021.10.win32_1.0.0.202111181127/tools/bin/../lib/gcc/arm-none-eabi/10.3.1/../../../../arm-none-eabi/lib/thumb/v7e-m+fp/hard\libc_nano.a(lib_a-fstatr.o)
                0x0000000008009fd8                _fstat_r
 .text._isatty_r
                0x0000000008009ffc       0x20 c:/st/stm32cubeide_1.10.1/stm32cubeide/plugins/com.st.stm32cube.ide.mcu.externaltools.gnu-tools-for-stm32.10.3-2021.10.win32_1.0.0.202111181127/tools/bin/../lib/gcc/arm-none-eabi/10.3.1/../../../../arm-none-eabi/lib/thumb/v7e-m+fp/hard\libc_nano.a(lib_a-isattyr.o)
                0x0000000008009ffc                _isatty_r
 *(.glue_7)
 .glue_7        0x000000000800a01c        0x0 linker stubs
 *(.glue_7t)
 .glue_7t       0x000000000800a01c        0x0 linker stubs
 *(.eh_frame)
 .eh_frame      0x000000000800a01c        0x0 c:/st/stm32cubeide_1.10.1/stm32cubeide/plugins/com.st.stm32cube.ide.mcu.externaltools.gnu-tools-for-stm32.10.3-2021.10.win32_1.0.0.202111181127/tools/bin/../lib/gcc/arm-none-eabi/10.3.1/thumb/v7e-m+fp/hard/crtbegin.o
 *(.init)
 .init          0x000000000800a01c        0x4 c:/st/stm32cubeide_1.10.1/stm32cubeide/plugins/com.st.stm32cube.ide.mcu.externaltools.gnu-tools-for-stm32.10.3-2021.10.win32_1.0.0.202111181127/tools/bin/../lib/gcc/arm-none-eabi/10.3.1/thumb/v7e-m+fp/hard/crti.o
                0x000000000800a01c                _init
 .init          0x000000000800a020        0x8 c:/st/stm32cubeide_1.10.1/stm32cubeide/plugins/com.st.stm32cube.ide.mcu.externaltools.gnu-tools-for-stm32.10.3-2021.10.win32_1.0.0.202111181127/tools/bin/../lib/gcc/arm-none-eabi/10.3.1/thumb/v7e-m+fp/hard/crtn.o
 *(.fini)
 .fini          0x000000000800a028        0x4 c:/st/stm32cubeide_1.10.1/stm32cubeide/plugins/com.st.stm32cube.ide.mcu.externaltools.gnu-tools-for-stm32.10.3-2021.10.win32_1.0.0.202111181127/tools/bin/../lib/gcc/arm-none-eabi/10.3.1/thumb/v7e-m+fp/hard/crti.o
                0x000000000800a028                _fini
 .fini          0x000000000800a02c        0x8 c:/st/stm32cubeide_1.10.1/stm32cubeide/plugins/com.st.stm32cube.ide.mcu.externaltools.gnu-tools-for-stm32.10.3-2021.10.win32_1.0.0.202111181127/tools/bin/../lib/gcc/arm-none-eabi/10.3.1/thumb/v7e-m+fp/hard/crtn.o
                0x000000000800a034                . = ALIGN (0x4)
                0x000000000800a034                _etext = .

.vfp11_veneer   0x000000000800a034        0x0
 .vfp11_veneer  0x000000000800a034        0x0 linker stubs

.v4_bx          0x000000000800a034        0x0
 .v4_bx         0x000000000800a034        0x0 linker stubs

.iplt           0x000000000800a034        0x0
 .iplt          0x000000000800a034        0x0 c:/st/stm32cubeide_1.10.1/stm32cubeide/plugins/com.st.stm32cube.ide.mcu.externaltools.gnu-tools-for-stm32.10.3-2021.10.win32_1.0.0.202111181127/tools/bin/../lib/gcc/arm-none-eabi/10.3.1/thumb/v7e-m+fp/hard/crtbegin.o

.rodata         0x000000000800a034      0x12c
                0x000000000800a034                . = ALIGN (0x4)
 *(.rodata)
 .rodata        0x000000000800a034       0x11 ./Core/Src/main.o
 *fill*         0x000000000800a045        0x3 
 .rodata        0x000000000800a048       0x37 ./USB_DEVICE/App/usbd_desc.o
 *(.rodata*)
 *fill*         0x000000000800a07f        0x1 
 .rodata.AHBPrescTable
                0x000000000800a080       0x10 ./Core/Src/system_stm32l4xx.o
                0x000000000800a080                AHBPrescTable
 .rodata.APBPrescTable
                0x000000000800a090        0x8 ./Core/Src/system_stm32l4xx.o
                0x000000000800a090                APBPrescTable
 .rodata.MSIRangeTable
                0x000000000800a098       0x30 ./Core/Src/system_stm32l4xx.o
                0x000000000800a098                MSIRangeTable
 .rodata._global_impure_ptr
                0x000000000800a0c8        0x4 c:/st/stm32cubeide_1.10.1/stm32cubeide/plugins/com.st.stm32cube.ide.mcu.externaltools.gnu-tools-for-stm32.10.3-2021.10.win32_1.0.0.202111181127/tools/bin/../lib/gcc/arm-none-eabi/10.3.1/../../../../arm-none-eabi/lib/thumb/v7e-m+fp/hard\libc_nano.a(lib_a-impure.o)
                0x000000000800a0c8                _global_impure_ptr
 .rodata.__sf_fake_stderr
                0x000000000800a0cc       0x20 c:/st/stm32cubeide_1.10.1/stm32cubeide/plugins/com.st.stm32cube.ide.mcu.externaltools.gnu-tools-for-stm32.10.3-2021.10.win32_1.0.0.202111181127/tools/bin/../lib/gcc/arm-none-eabi/10.3.1/../../../../arm-none-eabi/lib/thumb/v7e-m+fp/hard\libc_nano.a(lib_a-findfp.o)
                0x000000000800a0cc                __sf_fake_stderr
 .rodata.__sf_fake_stdin
                0x000000000800a0ec       0x20 c:/st/stm32cubeide_1.10.1/stm32cubeide/plugins/com.st.stm32cube.ide.mcu.externaltools.gnu-tools-for-stm32.10.3-2021.10.win32_1.0.0.202111181127/tools/bin/../lib/gcc/arm-none-eabi/10.3.1/../../../../arm-none-eabi/lib/thumb/v7e-m+fp/hard\libc_nano.a(lib_a-findfp.o)
                0x000000000800a0ec                __sf_fake_stdin
 .rodata.__sf_fake_stdout
                0x000000000800a10c       0x20 c:/st/stm32cubeide_1.10.1/stm32cubeide/plugins/com.st.stm32cube.ide.mcu.externaltools.gnu-tools-for-stm32.10.3-2021.10.win32_1.0.0.202111181127/tools/bin/../lib/gcc/arm-none-eabi/10.3.1/../../../../arm-none-eabi/lib/thumb/v7e-m+fp/hard\libc_nano.a(lib_a-findfp.o)
                0x000000000800a10c                __sf_fake_stdout
 .rodata._vfprintf_r.str1.1
                0x000000000800a12c       0x11 c:/st/stm32cubeide_1.10.1/stm32cubeide/plugins/com.st.stm32cube.ide.mcu.externaltools.gnu-tools-for-stm32.10.3-2021.10.win32_1.0.0.202111181127/tools/bin/../lib/gcc/arm-none-eabi/10.3.1/../../../../arm-none-eabi/lib/thumb/v7e-m+fp/hard\libc_nano.a(lib_a-nano-vfprintf.o)
 .rodata._printf_i.str1.1
                0x000000000800a13d       0x22 c:/st/stm32cubeide_1.10.1/stm32cubeide/plugins/com.st.stm32cube.ide.mcu.externaltools.gnu-tools-for-stm32.10.3-2021.10.win32_1.0.0.202111181127/tools/bin/../lib/gcc/arm-none-eabi/10.3.1/../../../../arm-none-eabi/lib/thumb/v7e-m+fp/hard\libc_nano.a(lib_a-nano-vfprintf_i.o)
                0x000000000800a160                . = ALIGN (0x4)
 *fill*         0x000000000800a15f        0x1 

.ARM.extab      0x000000000800a160        0x0
                0x000000000800a160                . = ALIGN (0x4)
 *(.ARM.extab* .gnu.linkonce.armextab.*)
                0x000000000800a160                . = ALIGN (0x4)

.ARM            0x000000000800a160        0x8
                0x000000000800a160                . = ALIGN (0x4)
                0x000000000800a160                __exidx_start = .
 *(.ARM.exidx*)
 .ARM.exidx     0x000000000800a160        0x8 c:/st/stm32cubeide_1.10.1/stm32cubeide/plugins/com.st.stm32cube.ide.mcu.externaltools.gnu-tools-for-stm32.10.3-2021.10.win32_1.0.0.202111181127/tools/bin/../lib/gcc/arm-none-eabi/10.3.1/thumb/v7e-m+fp/hard\libgcc.a(_udivmoddi4.o)
                0x000000000800a168                __exidx_end = .
                0x000000000800a168                . = ALIGN (0x4)

.rel.dyn        0x000000000800a168        0x0
 .rel.iplt      0x000000000800a168        0x0 c:/st/stm32cubeide_1.10.1/stm32cubeide/plugins/com.st.stm32cube.ide.mcu.externaltools.gnu-tools-for-stm32.10.3-2021.10.win32_1.0.0.202111181127/tools/bin/../lib/gcc/arm-none-eabi/10.3.1/thumb/v7e-m+fp/hard/crtbegin.o

.preinit_array  0x000000000800a168        0x0
                0x000000000800a168                . = ALIGN (0x4)
                0x000000000800a168                PROVIDE (__preinit_array_start = .)
 *(.preinit_array*)
                0x000000000800a168                PROVIDE (__preinit_array_end = .)
                0x000000000800a168                . = ALIGN (0x4)

.init_array     0x000000000800a168        0x4
                0x000000000800a168                . = ALIGN (0x4)
                0x000000000800a168                PROVIDE (__init_array_start = .)
 *(SORT_BY_NAME(.init_array.*))
 *(.init_array*)
 .init_array    0x000000000800a168        0x4 c:/st/stm32cubeide_1.10.1/stm32cubeide/plugins/com.st.stm32cube.ide.mcu.externaltools.gnu-tools-for-stm32.10.3-2021.10.win32_1.0.0.202111181127/tools/bin/../lib/gcc/arm-none-eabi/10.3.1/thumb/v7e-m+fp/hard/crtbegin.o
                0x000000000800a16c                PROVIDE (__init_array_end = .)
                0x000000000800a16c                . = ALIGN (0x4)

.fini_array     0x000000000800a16c        0x4
                0x000000000800a16c                . = ALIGN (0x4)
                [!provide]                        PROVIDE (__fini_array_start = .)
 *(SORT_BY_NAME(.fini_array.*))
 *(.fini_array*)
 .fini_array    0x000000000800a16c        0x4 c:/st/stm32cubeide_1.10.1/stm32cubeide/plugins/com.st.stm32cube.ide.mcu.externaltools.gnu-tools-for-stm32.10.3-2021.10.win32_1.0.0.202111181127/tools/bin/../lib/gcc/arm-none-eabi/10.3.1/thumb/v7e-m+fp/hard/crtbegin.o
                [!provide]                        PROVIDE (__fini_array_end = .)
                0x000000000800a170                . = ALIGN (0x4)
                0x000000000800a170                _sidata = LOADADDR (.data)

.data           0x0000000020000000      0x26c load address 0x000000000800a170
                0x0000000020000000                . = ALIGN (0x4)
                0x0000000020000000                _sdata = .
 *(.data)
 *(.data*)
 .data.SystemCoreClock
                0x0000000020000000        0x4 ./Core/Src/system_stm32l4xx.o
                0x0000000020000000                SystemCoreClock
 .data.uwTickPrio
                0x0000000020000004        0x4 ./Drivers/STM32L4xx_HAL_Driver/Src/stm32l4xx_hal.o
                0x0000000020000004                uwTickPrio
 .data.uwTickFreq
                0x0000000020000008        0x1 ./Drivers/STM32L4xx_HAL_Driver/Src/stm32l4xx_hal.o
                0x0000000020000008                uwTickFreq
 *fill*         0x0000000020000009        0x3 
 .data.USBMIDI1
                0x000000002000000c        0xc ./MIDI/src/midi_port.o
                0x000000002000000c                USBMIDI1
 .data.MIDI1    0x0000000020000018        0x8 ./MIDI/src/midi_port.o
                0x0000000020000018                MIDI1
 .data.USBD_AUDIO
                0x0000000020000020       0x38 ./Middlewares/ST/STM32_USB_Device_Library/Class/AUDIO/Src/usbd_audio.o
                0x0000000020000020                USBD_AUDIO
 .data.USBD_AUDIO_CfgDesc
                0x0000000020000058       0x6d ./Middlewares/ST/STM32_USB_Device_Library/Class/AUDIO/Src/usbd_audio.o
 *fill*         0x00000000200000c5        0x3 
 .data.USBD_AUDIO_DeviceQualifierDesc
                0x00000000200000c8        0xa ./Middlewares/ST/STM32_USB_Device_Library/Class/AUDIO/Src/usbd_audio.o
 *fill*         0x00000000200000d2        0x2 
 .data.USBD_MIDI
                0x00000000200000d4       0x38 ./Middlewares/ST/STM32_USB_Device_Library/Class/MIDI/Src/usbd_midi.o
                0x00000000200000d4                USBD_MIDI
 .data.USBD_MIDI_CfgDesc
                0x000000002000010c       0x65 ./Middlewares/ST/STM32_USB_Device_Library/Class/MIDI/Src/usbd_midi.o
                0x000000002000010c                USBD_MIDI_CfgDesc
 *fill*         0x0000000020000171        0x3 
 .data.USBD_AUDIO_fops_FS
                0x0000000020000174       0x1c ./USB_DEVICE/App/usbd_audio_if.o
                0x0000000020000174                USBD_AUDIO_fops_FS
 .data.FS_Desc  0x0000000020000190       0x20 ./USB_DEVICE/App/usbd_desc.o
                0x0000000020000190                FS_Desc
 .data.USBD_FS_DeviceDesc
                0x00000000200001b0       0x12 ./USB_DEVICE/App/usbd_desc.o
                0x00000000200001b0                USBD_FS_DeviceDesc
 *fill*         0x00000000200001c2        0x2 
 .data.USBD_FS_BOSDesc
                0x00000000200001c4        0xc ./USB_DEVICE/App/usbd_desc.o
                0x00000000200001c4                USBD_FS_BOSDesc
 .data.USBD_LangIDDesc
                0x00000000200001d0        0x4 ./USB_DEVICE/App/usbd_desc.o
                0x00000000200001d0                USBD_LangIDDesc
 .data.USBD_StringSerial
                0x00000000200001d4       0x1a ./USB_DEVICE/App/usbd_desc.o
                0x00000000200001d4                USBD_StringSerial
 *fill*         0x00000000200001ee        0x2 
 .data.SysexID  0x00000000200001f0        0xf ./USB_DEVICE/App/usbd_midi_if.o
                0x00000000200001f0                SysexID
 *fill*         0x00000000200001ff        0x1 
 .data.USBD_Interface_fops_FS
                0x0000000020000200        0x8 ./USB_DEVICE/App/usbd_midi_if.o
                0x0000000020000200                USBD_Interface_fops_FS
 .data._impure_ptr
                0x0000000020000208        0x4 c:/st/stm32cubeide_1.10.1/stm32cubeide/plugins/com.st.stm32cube.ide.mcu.externaltools.gnu-tools-for-stm32.10.3-2021.10.win32_1.0.0.202111181127/tools/bin/../lib/gcc/arm-none-eabi/10.3.1/../../../../arm-none-eabi/lib/thumb/v7e-m+fp/hard\libc_nano.a(lib_a-impure.o)
                0x0000000020000208                _impure_ptr
 .data.impure_data
                0x000000002000020c       0x60 c:/st/stm32cubeide_1.10.1/stm32cubeide/plugins/com.st.stm32cube.ide.mcu.externaltools.gnu-tools-for-stm32.10.3-2021.10.win32_1.0.0.202111181127/tools/bin/../lib/gcc/arm-none-eabi/10.3.1/../../../../arm-none-eabi/lib/thumb/v7e-m+fp/hard\libc_nano.a(lib_a-impure.o)
 *(.RamFunc)
 *(.RamFunc*)
                0x000000002000026c                . = ALIGN (0x4)
                0x000000002000026c                _edata = .

.igot.plt       0x000000002000026c        0x0 load address 0x000000000800a3dc
 .igot.plt      0x000000002000026c        0x0 c:/st/stm32cubeide_1.10.1/stm32cubeide/plugins/com.st.stm32cube.ide.mcu.externaltools.gnu-tools-for-stm32.10.3-2021.10.win32_1.0.0.202111181127/tools/bin/../lib/gcc/arm-none-eabi/10.3.1/thumb/v7e-m+fp/hard/crtbegin.o
                0x000000002000026c                . = ALIGN (0x4)

.bss            0x000000002000026c     0x2808 load address 0x000000000800a3dc
                0x000000002000026c                _sbss = .
                0x000000002000026c                __bss_start__ = _sbss
 *(.bss)
 .bss           0x000000002000026c       0x1c c:/st/stm32cubeide_1.10.1/stm32cubeide/plugins/com.st.stm32cube.ide.mcu.externaltools.gnu-tools-for-stm32.10.3-2021.10.win32_1.0.0.202111181127/tools/bin/../lib/gcc/arm-none-eabi/10.3.1/thumb/v7e-m+fp/hard/crtbegin.o
 *(.bss*)
 .bss.huart2    0x0000000020000288       0x84 ./Core/Src/main.o
                0x0000000020000288                huart2
 .bss.htim1     0x000000002000030c       0x4c ./Core/Src/stm32l4xx_hal_timebase_tim.o
                0x000000002000030c                htim1
 .bss.__sbrk_heap_end
                0x0000000020000358        0x4 ./Core/Src/sysmem.o
 .bss.uwTick    0x000000002000035c        0x4 ./Drivers/STM32L4xx_HAL_Driver/Src/stm32l4xx_hal.o
                0x000000002000035c                uwTick
 .bss.pInstance
                0x0000000020000360        0x4 ./Middlewares/ST/STM32_USB_Device_Library/Class/MIDI/Src/usbd_midi.o
                0x0000000020000360                pInstance
 .bss.APP_Rx_ptr_in
                0x0000000020000364        0x4 ./Middlewares/ST/STM32_USB_Device_Library/Class/MIDI/Src/usbd_midi.o
                0x0000000020000364                APP_Rx_ptr_in
 .bss.APP_Rx_ptr_out
                0x0000000020000368        0x4 ./Middlewares/ST/STM32_USB_Device_Library/Class/MIDI/Src/usbd_midi.o
                0x0000000020000368                APP_Rx_ptr_out
 .bss.APP_Rx_length
                0x000000002000036c        0x4 ./Middlewares/ST/STM32_USB_Device_Library/Class/MIDI/Src/usbd_midi.o
                0x000000002000036c                APP_Rx_length
 .bss.USB_Tx_State
                0x0000000020000370        0x1 ./Middlewares/ST/STM32_USB_Device_Library/Class/MIDI/Src/usbd_midi.o
                0x0000000020000370                USB_Tx_State
 *fill*         0x0000000020000371        0x3 
 .bss.USB_Rx_Buffer
                0x0000000020000374       0x40 ./Middlewares/ST/STM32_USB_Device_Library/Class/MIDI/Src/usbd_midi.o
                0x0000000020000374                USB_Rx_Buffer
 .bss.APP_Rx_Buffer
                0x00000000200003b4      0x100 ./Middlewares/ST/STM32_USB_Device_Library/Class/MIDI/Src/usbd_midi.o
                0x00000000200003b4                APP_Rx_Buffer
 .bss.cfgidx.0  0x00000000200004b4        0x1 ./Middlewares/ST/STM32_USB_Device_Library/Core/Src/usbd_ctlreq.o
 *fill*         0x00000000200004b5        0x3 
 .bss.hUsbDeviceFS
                0x00000000200004b8      0x2d0 ./USB_DEVICE/App/usb_device.o
                0x00000000200004b8                hUsbDeviceFS
 .bss.USBD_StrDesc
                0x0000000020000788      0x200 ./USB_DEVICE/App/usbd_desc.o
                0x0000000020000788                USBD_StrDesc
 .bss.hpcd_USB_OTG_FS
                0x0000000020000988      0x50c ./USB_DEVICE/Target/usbd_conf.o
                0x0000000020000988                hpcd_USB_OTG_FS
 .bss.mem.0     0x0000000020000e94     0x1bd0 ./USB_DEVICE/Target/usbd_conf.o
 .bss.__lock___malloc_recursive_mutex
                0x0000000020002a64        0x1 c:/st/stm32cubeide_1.10.1/stm32cubeide/plugins/com.st.stm32cube.ide.mcu.externaltools.gnu-tools-for-stm32.10.3-2021.10.win32_1.0.0.202111181127/tools/bin/../lib/gcc/arm-none-eabi/10.3.1/../../../../arm-none-eabi/lib/thumb/v7e-m+fp/hard\libc_nano.a(lib_a-lock.o)
                0x0000000020002a64                __lock___malloc_recursive_mutex
 .bss.__lock___sfp_recursive_mutex
                0x0000000020002a65        0x1 c:/st/stm32cubeide_1.10.1/stm32cubeide/plugins/com.st.stm32cube.ide.mcu.externaltools.gnu-tools-for-stm32.10.3-2021.10.win32_1.0.0.202111181127/tools/bin/../lib/gcc/arm-none-eabi/10.3.1/../../../../arm-none-eabi/lib/thumb/v7e-m+fp/hard\libc_nano.a(lib_a-lock.o)
                0x0000000020002a65                __lock___sfp_recursive_mutex
 .bss.__lock___sinit_recursive_mutex
                0x0000000020002a66        0x1 c:/st/stm32cubeide_1.10.1/stm32cubeide/plugins/com.st.stm32cube.ide.mcu.externaltools.gnu-tools-for-stm32.10.3-2021.10.win32_1.0.0.202111181127/tools/bin/../lib/gcc/arm-none-eabi/10.3.1/../../../../arm-none-eabi/lib/thumb/v7e-m+fp/hard\libc_nano.a(lib_a-lock.o)
                0x0000000020002a66                __lock___sinit_recursive_mutex
 *fill*         0x0000000020002a67        0x1 
 .bss.__malloc_free_list
                0x0000000020002a68        0x4 c:/st/stm32cubeide_1.10.1/stm32cubeide/plugins/com.st.stm32cube.ide.mcu.externaltools.gnu-tools-for-stm32.10.3-2021.10.win32_1.0.0.202111181127/tools/bin/../lib/gcc/arm-none-eabi/10.3.1/../../../../arm-none-eabi/lib/thumb/v7e-m+fp/hard\libc_nano.a(lib_a-nano-mallocr.o)
                0x0000000020002a68                __malloc_free_list
 .bss.__malloc_sbrk_start
                0x0000000020002a6c        0x4 c:/st/stm32cubeide_1.10.1/stm32cubeide/plugins/com.st.stm32cube.ide.mcu.externaltools.gnu-tools-for-stm32.10.3-2021.10.win32_1.0.0.202111181127/tools/bin/../lib/gcc/arm-none-eabi/10.3.1/../../../../arm-none-eabi/lib/thumb/v7e-m+fp/hard\libc_nano.a(lib_a-nano-mallocr.o)
                0x0000000020002a6c                __malloc_sbrk_start
 .bss.errno     0x0000000020002a70        0x4 c:/st/stm32cubeide_1.10.1/stm32cubeide/plugins/com.st.stm32cube.ide.mcu.externaltools.gnu-tools-for-stm32.10.3-2021.10.win32_1.0.0.202111181127/tools/bin/../lib/gcc/arm-none-eabi/10.3.1/../../../../arm-none-eabi/lib/thumb/v7e-m+fp/hard\libc_nano.a(lib_a-reent.o)
                0x0000000020002a70                errno
 *(COMMON)
                0x0000000020002a74                . = ALIGN (0x4)
                0x0000000020002a74                _ebss = .
                0x0000000020002a74                __bss_end__ = _ebss

._user_heap_stack
                0x0000000020002a74      0x604 load address 0x000000000800a3dc
                0x0000000020002a78                . = ALIGN (0x8)
 *fill*         0x0000000020002a74        0x4 
                [!provide]                        PROVIDE (end = .)
                0x0000000020002a78                PROVIDE (_end = .)
                0x0000000020002c78                . = (. + _Min_Heap_Size)
 *fill*         0x0000000020002a78      0x200 
                0x0000000020003078                . = (. + _Min_Stack_Size)
 *fill*         0x0000000020002c78      0x400 
                0x0000000020003078                . = ALIGN (0x8)

/DISCARD/
 libc.a(*)
 libm.a(*)
 libgcc.a(*)

.ARM.attributes
                0x0000000000000000       0x30
 *(.ARM.attributes)
 .ARM.attributes
                0x0000000000000000       0x1e c:/st/stm32cubeide_1.10.1/stm32cubeide/plugins/com.st.stm32cube.ide.mcu.externaltools.gnu-tools-for-stm32.10.3-2021.10.win32_1.0.0.202111181127/tools/bin/../lib/gcc/arm-none-eabi/10.3.1/thumb/v7e-m+fp/hard/crti.o