Archive member included to satisfy reference by file (symbol)

c:/st/stm32cubeide_1.10.1/stm32cubeide/plugins/com.st.stm32cube.ide.mcu.externaltools.gnu-tools-for-stm32.10.3-2021.10.win32_1.0.0.202111181127/tools/bin/../lib/gcc/arm-none-eabi/10.3.1/../../../../arm-none-eabi/lib/thumb/v7e-m+fp/hard\libc_nano.a(lib_a-errno.o)
                              ./Core/Src/syscalls.o (__errno)
c:/st/stm32cubeide_1.10.1/stm32cubeide/plugins/com.st.stm32cube.ide.mcu.externaltools.gnu-tools-for-stm32.10.3-2021.10.win32_1.0.0.202111181127/tools/bin/../lib/gcc/arm-none-eabi/10.3.1/../../../../arm-none-eabi/lib/thumb/v7e-m+fp/hard\libc_nano.a(lib_a-exit.o)
                              c:/st/stm32cubeide_1.10.1/stm32cubeide/plugins/com.st.stm32cube.ide.mcu.externaltools.gnu-tools-for-stm32.10.3-2021.10.win32_1.0.0.202111181127/tools/bin/../lib/gcc/arm-none-eabi/10.3.1/../../../../arm-none-eabi/lib/thumb/v7e-m+fp/hard/crt0.o (exit)
c:/st/stm32cubeide_1.10.1/stm32cubeide/plugins/com.st.stm32cube.ide.mcu.externaltools.gnu-tools-for-stm32.10.3-2021.10.win32_1.0.0.202111181127/tools/bin/../lib/gcc/arm-none-eabi/10.3.1/../../../../arm-none-eabi/lib/thumb/v7e-m+fp/hard\libc_nano.a(lib_a-impure.o)
                              c:/st/stm32cubeide_1.10.1/stm32cubeide/plugins/com.st.stm32cube.ide.mcu.externaltools.gnu-tools-for-stm32.10.3-2021.10.win32_1.0.0.202111181127/tools/bin/../lib/gcc/arm-none-eabi/10.3.1/../../../../arm-none-eabi/lib/thumb/v7e-m+fp/hard\libc_nano.a(lib_a-exit.o) (_global_impure_ptr)
c:/st/stm32cubeide_1.10.1/stm32cubeide/plugins/com.st.stm32cube.ide.mcu.externaltools.gnu-tools-for-stm32.10.3-2021.10.win32_1.0.0.202111181127/tools/bin/../lib/gcc/arm-none-eabi/10.3.1/../../../../arm-none-eabi/lib/thumb/v7e-m+fp/hard\libc_nano.a(lib_a-init.o)
                              c:/st/stm32cubeide_1.10.1/stm32cubeide/plugins/com.st.stm32cube.ide.mcu.externaltools.gnu-tools-for-stm32.10.3-2021.10.win32_1.0.0.202111181127/tools/bin/../lib/gcc/arm-none-eabi/10.3.1/../../../../arm-none-eabi/lib/thumb/v7e-m+fp/hard/crt0.o (__libc_init_array)
c:/st/stm32cubeide_1.10.1/stm32cubeide/plugins/com.st.stm32cube.ide.mcu.externaltools.gnu-tools-for-stm32.10.3-2021.10.win32_1.0.0.202111181127/tools/bin/../lib/gcc/arm-none-eabi/10.3.1/../../../../arm-none-eabi/lib/thumb/v7e-m+fp/hard\libc_nano.a(lib_a-memset.o)
                              c:/st/stm32cubeide_1.10.1/stm32cubeide/plugins/com.st.stm32cube.ide.mcu.externaltools.gnu-tools-for-stm32.10.3-2021.10.win32_1.0.0.202111181127/tools/bin/../lib/gcc/arm-none-eabi/10.3.1/../../../../arm-none-eabi/lib/thumb/v7e-m+fp/hard/crt0.o (memset)
c:/st/stm32cubeide_1.10.1/stm32cubeide/plugins/com.st.stm32cube.ide.mcu.externaltools.gnu-tools-for-stm32.10.3-2021.10.win32_1.0.0.202111181127/tools/bin/../lib/gcc/arm-none-eabi/10.3.1/thumb/v7e-m+fp/hard\libgcc.a(_aeabi_uldivmod.o)
                              ./Drivers/STM32L4xx_HAL_Driver/Src/stm32l4xx_hal_uart.o (__aeabi_uldivmod)
c:/st/stm32cubeide_1.10.1/stm32cubeide/plugins/com.st.stm32cube.ide.mcu.externaltools.gnu-tools-for-stm32.10.3-2021.10.win32_1.0.0.202111181127/tools/bin/../lib/gcc/arm-none-eabi/10.3.1/thumb/v7e-m+fp/hard\libgcc.a(_udivmoddi4.o)
                              c:/st/stm32cubeide_1.10.1/stm32cubeide/plugins/com.st.stm32cube.ide.mcu.externaltools.gnu-tools-for-stm32.10.3-2021.10.win32_1.0.0.202111181127/tools/bin/../lib/gcc/arm-none-eabi/10.3.1/thumb/v7e-m+fp/hard\libgcc.a(_aeabi_uldivmod.o) (__udivmoddi4)
c:/st/stm32cubeide_1.10.1/stm32cubeide/plugins/com.st.stm32cube.ide.mcu.externaltools.gnu-tools-for-stm32.10.3-2021.10.win32_1.0.0.202111181127/tools/bin/../lib/gcc/arm-none-eabi/10.3.1/thumb/v7e-m+fp/hard\libgcc.a(_dvmd_tls.o)
                              c:/st/stm32cubeide_1.10.1/stm32cubeide/plugins/com.st.stm32cube.ide.mcu.externaltools.gnu-tools-for-stm32.10.3-2021.10.win32_1.0.0.202111181127/tools/bin/../lib/gcc/arm-none-eabi/10.3.1/thumb/v7e-m+fp/hard\libgcc.a(_aeabi_uldivmod.o) (__aeabi_ldiv0)

Discarded input sections

 .text          0x0000000000000000        0x0 c:/st/stm32cubeide_1.10.1/stm32cubeide/plugins/com.st.stm32cube.ide.mcu.externaltools.gnu-tools-for-stm32.10.3-2021.10.win32_1.0.0.202111181127/tools/bin/../lib/gcc/arm-none-eabi/10.3.1/thumb/v7e-m+fp/hard/crti.o
 .data          0x0000000000000000        0x0 c:/st/stm32cubeide_1.10.1/stm32cubeide/plugins/com.st.stm32cube.ide.mcu.externaltools.gnu-tools-for-stm32.10.3-2021.10.win32_1.0.0.202111181127/tools/bin/../lib/gcc/arm-none-eabi/10.3.1/thumb/v7e-m+fp/hard/crti.o
 .bss           0x0000000000000000        0x0 c:/st/stm32cubeide_1.10.1/stm32cubeide/plugins/com.st.stm32cube.ide.mcu.externaltools.gnu-tools-for-stm32.10.3-2021.10.win32_1.0.0.202111181127/tools/bin/../lib/gcc/arm-none-eabi/10.3.1/thumb/v7e-m+fp/hard/crti.o
[...]
Memory Configuration

Name             Origin             Length             Attributes
RAM              0x0000000020000000 0x0000000000018000 xrw
RAM2             0x0000000010000000 0x0000000000008000 xrw
FLASH            0x0000000008000000 0x0000000000100000 xr
*default*        0x0000000000000000 0xffffffffffffffff

Linker script and memory map

LOAD c:/st/stm32cubeide_1.10.1/stm32cubeide/plugins/com.st.stm32cube.ide.mcu.externaltools.gnu-tools-for-stm32.10.3-2021.10.win32_1.0.0.202111181127/tools/bin/../lib/gcc/arm-none-eabi/10.3.1/thumb/v7e-m+fp/hard/crti.o
LOAD c:/st/stm32cubeide_1.10.1/stm32cubeide/plugins/com.st.stm32cube.ide.mcu.externaltools.gnu-tools-for-stm32.10.3-2021.10.win32_1.0.0.202111181127/tools/bin/../lib/gcc/arm-none-eabi/10.3.1/thumb/v7e-m+fp/hard/crtbegin.o
LOAD c:/st/stm32cubeide_1.10.1/stm32cubeide/plugins/com.st.stm32cube.ide.mcu.externaltools.gnu-tools-for-stm32.10.3-2021.10.win32_1.0.0.202111181127/tools/bin/../lib/gcc/arm-none-eabi/10.3.1/../../../../arm-none-eabi/lib/thumb/v7e-m+fp/hard/crt0.o
LOAD ./Core/Src/main.o
LOAD ./Core/Src/stm32l4xx_hal_msp.o
LOAD ./Core/Src/stm32l4xx_hal_timebase_tim.o
LOAD ./Core/Src/stm32l4xx_it.o
LOAD ./Core/Src/syscalls.o
LOAD ./Core/Src/sysmem.o
LOAD ./Core/Src/system_stm32l4xx.o
LOAD ./Core/Startup/startup_stm32l476rgtx.o
LOAD ./Drivers/STM32L4xx_HAL_Driver/Src/stm32l4xx_hal.o
LOAD ./Drivers/STM32L4xx_HAL_Driver/Src/stm32l4xx_hal_cortex.o
LOAD ./Drivers/STM32L4xx_HAL_Driver/Src/stm32l4xx_hal_dma.o
LOAD ./Drivers/STM32L4xx_HAL_Driver/Src/stm32l4xx_hal_dma_ex.o
LOAD ./Drivers/STM32L4xx_HAL_Driver/Src/stm32l4xx_hal_exti.o
LOAD ./Drivers/STM32L4xx_HAL_Driver/Src/stm32l4xx_hal_flash.o
LOAD ./Drivers/STM32L4xx_HAL_Driver/Src/stm32l4xx_hal_flash_ex.o
LOAD ./Drivers/STM32L4xx_HAL_Driver/Src/stm32l4xx_hal_flash_ramfunc.o
LOAD ./Drivers/STM32L4xx_HAL_Driver/Src/stm32l4xx_hal_gpio.o
LOAD ./Drivers/STM32L4xx_HAL_Driver/Src/stm32l4xx_hal_i2c.o
LOAD ./Drivers/STM32L4xx_HAL_Driver/Src/stm32l4xx_hal_i2c_ex.o
LOAD ./Drivers/STM32L4xx_HAL_Driver/Src/stm32l4xx_hal_pcd.o
LOAD ./Drivers/STM32L4xx_HAL_Driver/Src/stm32l4xx_hal_pcd_ex.o
LOAD ./Drivers/STM32L4xx_HAL_Driver/Src/stm32l4xx_hal_pwr.o
LOAD ./Drivers/STM32L4xx_HAL_Driver/Src/stm32l4xx_hal_pwr_ex.o
LOAD ./Drivers/STM32L4xx_HAL_Driver/Src/stm32l4xx_hal_rcc.o
LOAD ./Drivers/STM32L4xx_HAL_Driver/Src/stm32l4xx_hal_rcc_ex.o
LOAD ./Drivers/STM32L4xx_HAL_Driver/Src/stm32l4xx_hal_tim.o
LOAD ./Drivers/STM32L4xx_HAL_Driver/Src/stm32l4xx_hal_tim_ex.o
LOAD ./Drivers/STM32L4xx_HAL_Driver/Src/stm32l4xx_hal_uart.o
LOAD ./Drivers/STM32L4xx_HAL_Driver/Src/stm32l4xx_hal_uart_ex.o
LOAD ./Drivers/STM32L4xx_HAL_Driver/Src/stm32l4xx_ll_usb.o
LOAD ./Fatar/fatar_port.o
LOAD ./MIDI/src/midi.o
LOAD ./MIDI/src/midi_port.o
LOAD ./MIDI/src/usbmidi.o
LOAD ./Middlewares/ST/STM32_USB_Device_Library/Class/AUDIO/Src/usbd_audio.o
LOAD ./Middlewares/ST/STM32_USB_Device_Library/Class/MIDI/Src/usbd_midi.o
LOAD ./Middlewares/ST/STM32_USB_Device_Library/Core/Src/usbd_core.o
LOAD ./Middlewares/ST/STM32_USB_Device_Library/Core/Src/usbd_ctlreq.o
LOAD ./Middlewares/ST/STM32_USB_Device_Library/Core/Src/usbd_ioreq.o
LOAD ./USB_DEVICE/App/usb_device.o
LOAD ./USB_DEVICE/App/usbd_audio_if.o
LOAD ./USB_DEVICE/App/usbd_desc.o
LOAD ./USB_DEVICE/App/usbd_midi_if.o
LOAD ./USB_DEVICE/Target/usbd_conf.o
START GROUP
LOAD c:/st/stm32cubeide_1.10.1/stm32cubeide/plugins/com.st.stm32cube.ide.mcu.externaltools.gnu-tools-for-stm32.10.3-2021.10.win32_1.0.0.202111181127/tools/bin/../lib/gcc/arm-none-eabi/10.3.1/../../../../arm-none-eabi/lib/thumb/v7e-m+fp/hard\libc_nano.a
LOAD c:/st/stm32cubeide_1.10.1/stm32cubeide/plugins/com.st.stm32cube.ide.mcu.externaltools.gnu-tools-for-stm32.10.3-2021.10.win32_1.0.0.202111181127/tools/bin/../lib/gcc/arm-none-eabi/10.3.1/../../../../arm-none-eabi/lib/thumb/v7e-m+fp/hard\libm.a
END GROUP
START GROUP
LOAD c:/st/stm32cubeide_1.10.1/stm32cubeide/plugins/com.st.stm32cube.ide.mcu.externaltools.gnu-tools-for-stm32.10.3-2021.10.win32_1.0.0.202111181127/tools/bin/../lib/gcc/arm-none-eabi/10.3.1/thumb/v7e-m+fp/hard\libgcc.a
LOAD c:/st/stm32cubeide_1.10.1/stm32cubeide/plugins/com.st.stm32cube.ide.mcu.externaltools.gnu-tools-for-stm32.10.3-2021.10.win32_1.0.0.202111181127/tools/bin/../lib/gcc/arm-none-eabi/10.3.1/../../../../arm-none-eabi/lib/thumb/v7e-m+fp/hard\libc_nano.a
END GROUP
START GROUP
LOAD c:/st/stm32cubeide_1.10.1/stm32cubeide/plugins/com.st.stm32cube.ide.mcu.externaltools.gnu-tools-for-stm32.10.3-2021.10.win32_1.0.0.202111181127/tools/bin/../lib/gcc/arm-none-eabi/10.3.1/thumb/v7e-m+fp/hard\libgcc.a
LOAD c:/st/stm32cubeide_1.10.1/stm32cubeide/plugins/com.st.stm32cube.ide.mcu.externaltools.gnu-tools-for-stm32.10.3-2021.10.win32_1.0.0.202111181127/tools/bin/../lib/gcc/arm-none-eabi/10.3.1/../../../../arm-none-eabi/lib/thumb/v7e-m+fp/hard\libc_nano.a
LOAD c:/st/stm32cubeide_1.10.1/stm32cubeide/plugins/com.st.stm32cube.ide.mcu.externaltools.gnu-tools-for-stm32.10.3-2021.10.win32_1.0.0.202111181127/tools/bin/../lib/gcc/arm-none-eabi/10.3.1/../../../../arm-none-eabi/lib/thumb/v7e-m+fp/hard\libnosys.a
END GROUP
START GROUP
LOAD c:/st/stm32cubeide_1.10.1/stm32cubeide/plugins/com.st.stm32cube.ide.mcu.externaltools.gnu-tools-for-stm32.10.3-2021.10.win32_1.0.0.202111181127/tools/bin/../lib/gcc/arm-none-eabi/10.3.1/thumb/v7e-m+fp/hard\libgcc.a
LOAD c:/st/stm32cubeide_1.10.1/stm32cubeide/plugins/com.st.stm32cube.ide.mcu.externaltools.gnu-tools-for-stm32.10.3-2021.10.win32_1.0.0.202111181127/tools/bin/../lib/gcc/arm-none-eabi/10.3.1/../../../../arm-none-eabi/lib/thumb/v7e-m+fp/hard\libc_nano.a
LOAD c:/st/stm32cubeide_1.10.1/stm32cubeide/plugins/com.st.stm32cube.ide.mcu.externaltools.gnu-tools-for-stm32.10.3-2021.10.win32_1.0.0.202111181127/tools/bin/../lib/gcc/arm-none-eabi/10.3.1/../../../../arm-none-eabi/lib/thumb/v7e-m+fp/hard\libnosys.a
END GROUP
LOAD c:/st/stm32cubeide_1.10.1/stm32cubeide/plugins/com.st.stm32cube.ide.mcu.externaltools.gnu-tools-for-stm32.10.3-2021.10.win32_1.0.0.202111181127/tools/bin/../lib/gcc/arm-none-eabi/10.3.1/thumb/v7e-m+fp/hard/crtend.o
LOAD c:/st/stm32cubeide_1.10.1/stm32cubeide/plugins/com.st.stm32cube.ide.mcu.externaltools.gnu-tools-for-stm32.10.3-2021.10.win32_1.0.0.202111181127/tools/bin/../lib/gcc/arm-none-eabi/10.3.1/thumb/v7e-m+fp/hard/crtn.o
                0x0000000020018000                _estack = (ORIGIN (RAM) + LENGTH (RAM))
                0x0000000000000200                _Min_Heap_Size = 0x200
                0x0000000000000400                _Min_Stack_Size = 0x400

.isr_vector     0x0000000008000000      0x188
                0x0000000008000000                . = ALIGN (0x4)
 *(.isr_vector)
 .isr_vector    0x0000000008000000      0x188 ./Core/Startup/startup_stm32l476rgtx.o
                0x0000000008000000                g_pfnVectors
                0x0000000008000188                . = ALIGN (0x4)

.text           0x0000000008000188     0x9258
                0x0000000008000188                . = ALIGN (0x4)
 *(.text)
 .text          0x0000000008000188       0x40 c:/st/stm32cubeide_1.10.1/stm32cubeide/plugins/com.st.stm32cube.ide.mcu.externaltools.gnu-tools-for-stm32.10.3-2021.10.win32_1.0.0.202111181127/tools/bin/../lib/gcc/arm-none-eabi/10.3.1/thumb/v7e-m+fp/hard/crtbegin.o
 .text          0x00000000080001c8       0x30 c:/st/stm32cubeide_1.10.1/stm32cubeide/plugins/com.st.stm32cube.ide.mcu.externaltools.gnu-tools-for-stm32.10.3-2021.10.win32_1.0.0.202111181127/tools/bin/../lib/gcc/arm-none-eabi/10.3.1/thumb/v7e-m+fp/hard\libgcc.a(_aeabi_uldivmod.o)
                0x00000000080001c8                __aeabi_uldivmod
 .text          0x00000000080001f8      0x2d0 c:/st/stm32cubeide_1.10.1/stm32cubeide/plugins/com.st.stm32cube.ide.mcu.externaltools.gnu-tools-for-stm32.10.3-2021.10.win32_1.0.0.202111181127/tools/bin/../lib/gcc/arm-none-eabi/10.3.1/thumb/v7e-m+fp/hard\libgcc.a(_udivmoddi4.o)
                0x00000000080001f8                __udivmoddi4
 .text          0x00000000080004c8        0x4 c:/st/stm32cubeide_1.10.1/stm32cubeide/plugins/com.st.stm32cube.ide.mcu.externaltools.gnu-tools-for-stm32.10.3-2021.10.win32_1.0.0.202111181127/tools/bin/../lib/gcc/arm-none-eabi/10.3.1/thumb/v7e-m+fp/hard\libgcc.a(_dvmd_tls.o)
                0x00000000080004c8                __aeabi_idiv0
                0x00000000080004c8                __aeabi_ldiv0
 *(.text*)
 .text.main     0x00000000080004cc       0x30 ./Core/Src/main.o
                0x00000000080004cc                main
 .text.SystemClock_Config
                0x00000000080004fc       0xa4 ./Core/Src/main.o
                0x00000000080004fc                SystemClock_Config
 .text.MX_USART2_UART_Init
                0x00000000080005a0       0x60 ./Core/Src/main.o
 .text.MX_GPIO_Init
                0x0000000008000600      0x1bc ./Core/Src/main.o
 .text.HAL_TIM_PeriodElapsedCallback
                0x00000000080007bc       0x24 ./Core/Src/main.o
                0x00000000080007bc                HAL_TIM_PeriodElapsedCallback
 .text.Error_Handler
                0x00000000080007e0        0xa ./Core/Src/main.o
                0x00000000080007e0                Error_Handler
 *fill*         0x00000000080007ea        0x2 
 .text.HAL_MspInit
                0x00000000080007ec       0x48 ./Core/Src/stm32l4xx_hal_msp.o
                0x00000000080007ec                HAL_MspInit
 .text.HAL_UART_MspInit
                0x0000000008000834       0xb8 ./Core/Src/stm32l4xx_hal_msp.o
                0x0000000008000834                HAL_UART_MspInit
 .text.HAL_InitTick
                0x00000000080008ec       0xdc ./Core/Src/stm32l4xx_hal_timebase_tim.o
                0x00000000080008ec                HAL_InitTick
 .text.NMI_Handler
                0x00000000080009c8        0x6 ./Core/Src/stm32l4xx_it.o
                0x00000000080009c8                NMI_Handler
 .text.HardFault_Handler
                0x00000000080009ce        0x6 ./Core/Src/stm32l4xx_it.o
                0x00000000080009ce                HardFault_Handler
 .text.MemManage_Handler
                0x00000000080009d4        0x6 ./Core/Src/stm32l4xx_it.o
                0x00000000080009d4                MemManage_Handler
 .text.BusFault_Handler
                0x00000000080009da        0x6 ./Core/Src/stm32l4xx_it.o
                0x00000000080009da                BusFault_Handler
 .text.UsageFault_Handler
                0x00000000080009e0        0x6 ./Core/Src/stm32l4xx_it.o
                0x00000000080009e0                UsageFault_Handler
 .text.SVC_Handler
                0x00000000080009e6        0xe ./Core/Src/stm32l4xx_it.o
                0x00000000080009e6                SVC_Handler
 .text.DebugMon_Handler
                0x00000000080009f4        0xe ./Core/Src/stm32l4xx_it.o
                0x00000000080009f4                DebugMon_Handler
 .text.PendSV_Handler
                0x0000000008000a02        0xe ./Core/Src/stm32l4xx_it.o
                0x0000000008000a02                PendSV_Handler
 .text.SysTick_Handler
                0x0000000008000a10        0xe ./Core/Src/stm32l4xx_it.o
                0x0000000008000a10                SysTick_Handler
 *fill*         0x0000000008000a1e        0x2 
 .text.TIM1_UP_TIM16_IRQHandler
                0x0000000008000a20       0x14 ./Core/Src/stm32l4xx_it.o
                0x0000000008000a20                TIM1_UP_TIM16_IRQHandler
 .text.OTG_FS_IRQHandler
                0x0000000008000a34       0x14 ./Core/Src/stm32l4xx_it.o
                0x0000000008000a34                OTG_FS_IRQHandler
 .text.SystemInit
                0x0000000008000a48       0x24 ./Core/Src/system_stm32l4xx.o
                0x0000000008000a48                SystemInit
 .text.Reset_Handler
                0x0000000008000a6c       0x50 ./Core/Startup/startup_stm32l476rgtx.o
                0x0000000008000a6c                Reset_Handler
 .text.Default_Handler
                0x0000000008000abc        0x2 ./Core/Startup/startup_stm32l476rgtx.o
                0x0000000008000abc                RTC_Alarm_IRQHandler
                0x0000000008000abc                EXTI2_IRQHandler
                0x0000000008000abc                TIM8_TRG_COM_IRQHandler
                0x0000000008000abc                TIM8_CC_IRQHandler
                0x0000000008000abc                TIM1_CC_IRQHandler
                0x0000000008000abc                TSC_IRQHandler
                0x0000000008000abc                TAMP_STAMP_IRQHandler
                0x0000000008000abc                EXTI3_IRQHandler
                0x0000000008000abc                LPTIM2_IRQHandler
                0x0000000008000abc                DFSDM1_FLT1_IRQHandler
                0x0000000008000abc                I2C3_ER_IRQHandler
                0x0000000008000abc                DFSDM1_FLT2_IRQHandler
                0x0000000008000abc                EXTI0_IRQHandler
                0x0000000008000abc                I2C2_EV_IRQHandler
                0x0000000008000abc                CAN1_RX0_IRQHandler
                0x0000000008000abc                FPU_IRQHandler
                0x0000000008000abc                ADC1_2_IRQHandler
                0x0000000008000abc                SPI1_IRQHandler
                0x0000000008000abc                TIM6_DAC_IRQHandler
                0x0000000008000abc                TIM8_UP_IRQHandler
                0x0000000008000abc                DMA2_Channel2_IRQHandler
                0x0000000008000abc                DMA1_Channel4_IRQHandler
                0x0000000008000abc                SAI2_IRQHandler
                0x0000000008000abc                DFSDM1_FLT3_IRQHandler
                0x0000000008000abc                USART3_IRQHandler
                0x0000000008000abc                DMA1_Channel7_IRQHandler
                0x0000000008000abc                CAN1_RX1_IRQHandler
                0x0000000008000abc                LCD_IRQHandler
                0x0000000008000abc                UART5_IRQHandler
                0x0000000008000abc                ADC3_IRQHandler
                0x0000000008000abc                TIM4_IRQHandler
                0x0000000008000abc                DMA2_Channel1_IRQHandler
                0x0000000008000abc                QUADSPI_IRQHandler
                0x0000000008000abc                I2C1_EV_IRQHandler
                0x0000000008000abc                DMA1_Channel6_IRQHandler
                0x0000000008000abc                UART4_IRQHandler
                0x0000000008000abc                DMA2_Channel4_IRQHandler
                0x0000000008000abc                TIM3_IRQHandler
                0x0000000008000abc                RCC_IRQHandler
                0x0000000008000abc                DMA1_Channel1_IRQHandler
                0x0000000008000abc                Default_Handler
                0x0000000008000abc                DMA2_Channel7_IRQHandler
                0x0000000008000abc                EXTI15_10_IRQHandler
                0x0000000008000abc                TIM7_IRQHandler
                0x0000000008000abc                SDMMC1_IRQHandler
                0x0000000008000abc                TIM5_IRQHandler
                0x0000000008000abc                I2C3_EV_IRQHandler
                0x0000000008000abc                EXTI9_5_IRQHandler
                0x0000000008000abc                RTC_WKUP_IRQHandler
                0x0000000008000abc                PVD_PVM_IRQHandler
                0x0000000008000abc                SPI2_IRQHandler
                0x0000000008000abc                CAN1_TX_IRQHandler
                0x0000000008000abc                DMA2_Channel5_IRQHandler
                0x0000000008000abc                DMA1_Channel5_IRQHandler
                0x0000000008000abc                EXTI4_IRQHandler
                0x0000000008000abc                RNG_IRQHandler
                0x0000000008000abc                TIM1_TRG_COM_TIM17_IRQHandler
                0x0000000008000abc                DMA1_Channel3_IRQHandler
                0x0000000008000abc                COMP_IRQHandler
                0x0000000008000abc                WWDG_IRQHandler
                0x0000000008000abc                LPUART1_IRQHandler
                0x0000000008000abc                DMA2_Channel6_IRQHandler
                0x0000000008000abc                TIM2_IRQHandler
                0x0000000008000abc                EXTI1_IRQHandler
                0x0000000008000abc                USART2_IRQHandler
                0x0000000008000abc                DFSDM1_FLT0_IRQHandler
                0x0000000008000abc                I2C2_ER_IRQHandler
                0x0000000008000abc                DMA1_Channel2_IRQHandler
                0x0000000008000abc                TIM8_BRK_IRQHandler
                0x0000000008000abc                CAN1_SCE_IRQHandler
                0x0000000008000abc                FLASH_IRQHandler
                0x0000000008000abc                USART1_IRQHandler
                0x0000000008000abc                SPI3_IRQHandler
                0x0000000008000abc                I2C1_ER_IRQHandler
                0x0000000008000abc                FMC_IRQHandler
                0x0000000008000abc                SWPMI1_IRQHandler
                0x0000000008000abc                LPTIM1_IRQHandler
                0x0000000008000abc                SAI1_IRQHandler
                0x0000000008000abc                DMA2_Channel3_IRQHandler
                0x0000000008000abc                TIM1_BRK_TIM15_IRQHandler
 .text.HAL_Init
                0x0000000008000abe       0x30 ./Drivers/STM32L4xx_HAL_Driver/Src/stm32l4xx_hal.o
                0x0000000008000abe                HAL_Init
 *fill*         0x0000000008000aee        0x2 
 .text.HAL_IncTick
                0x0000000008000af0       0x28 ./Drivers/STM32L4xx_HAL_Driver/Src/stm32l4xx_hal.o
                0x0000000008000af0                HAL_IncTick
 .text.HAL_GetTick
                0x0000000008000b18       0x18 ./Drivers/STM32L4xx_HAL_Driver/Src/stm32l4xx_hal.o
                0x0000000008000b18                HAL_GetTick
 .text.HAL_Delay
                0x0000000008000b30       0x48 ./Drivers/STM32L4xx_HAL_Driver/Src/stm32l4xx_hal.o
                0x0000000008000b30                HAL_Delay
 .text.__NVIC_SetPriorityGrouping
                0x0000000008000b78       0x48 ./Drivers/STM32L4xx_HAL_Driver/Src/stm32l4xx_hal_cortex.o
 .text.__NVIC_GetPriorityGrouping
                0x0000000008000bc0       0x1c ./Drivers/STM32L4xx_HAL_Driver/Src/stm32l4xx_hal_cortex.o
 .text.__NVIC_EnableIRQ
                0x0000000008000bdc       0x3c ./Drivers/STM32L4xx_HAL_Driver/Src/stm32l4xx_hal_cortex.o
 .text.__NVIC_SetPriority
                0x0000000008000c18       0x54 ./Drivers/STM32L4xx_HAL_Driver/Src/stm32l4xx_hal_cortex.o
 .text.NVIC_EncodePriority
                0x0000000008000c6c       0x66 ./Drivers/STM32L4xx_HAL_Driver/Src/stm32l4xx_hal_cortex.o
 .text.HAL_NVIC_SetPriorityGrouping
                0x0000000008000cd2       0x16 ./Drivers/STM32L4xx_HAL_Driver/Src/stm32l4xx_hal_cortex.o
                0x0000000008000cd2                HAL_NVIC_SetPriorityGrouping
 .text.HAL_NVIC_SetPriority
                0x0000000008000ce8       0x38 ./Drivers/STM32L4xx_HAL_Driver/Src/stm32l4xx_hal_cortex.o
                0x0000000008000ce8                HAL_NVIC_SetPriority
 .text.HAL_NVIC_EnableIRQ
                0x0000000008000d20       0x1c ./Drivers/STM32L4xx_HAL_Driver/Src/stm32l4xx_hal_cortex.o
                0x0000000008000d20                HAL_NVIC_EnableIRQ
 .text.HAL_GPIO_Init
                0x0000000008000d3c      0x354 ./Drivers/STM32L4xx_HAL_Driver/Src/stm32l4xx_hal_gpio.o
                0x0000000008000d3c                HAL_GPIO_Init
 .text.HAL_GPIO_ReadPin
                0x0000000008001090       0x30 ./Drivers/STM32L4xx_HAL_Driver/Src/stm32l4xx_hal_gpio.o
                0x0000000008001090                HAL_GPIO_ReadPin
 .text.HAL_GPIO_WritePin
                0x00000000080010c0       0x30 ./Drivers/STM32L4xx_HAL_Driver/Src/stm32l4xx_hal_gpio.o
                0x00000000080010c0                HAL_GPIO_WritePin
 .text.HAL_PCD_Init
                0x00000000080010f0      0x248 ./Drivers/STM32L4xx_HAL_Driver/Src/stm32l4xx_hal_pcd.o
                0x00000000080010f0                HAL_PCD_Init
 .text.HAL_PCD_Start
                0x0000000008001338       0x5e ./Drivers/STM32L4xx_HAL_Driver/Src/stm32l4xx_hal_pcd.o
                0x0000000008001338                HAL_PCD_Start
 .text.HAL_PCD_IRQHandler
                0x0000000008001396      0x926 ./Drivers/STM32L4xx_HAL_Driver/Src/stm32l4xx_hal_pcd.o
                0x0000000008001396                HAL_PCD_IRQHandler
 .text.HAL_PCD_SetAddress
                0x0000000008001cbc       0x4a ./Drivers/STM32L4xx_HAL_Driver/Src/stm32l4xx_hal_pcd.o
                0x0000000008001cbc                HAL_PCD_SetAddress
 .text.HAL_PCD_EP_Open
                0x0000000008001d06       0xd0 ./Drivers/STM32L4xx_HAL_Driver/Src/stm32l4xx_hal_pcd.o
                0x0000000008001d06                HAL_PCD_EP_Open
 .text.HAL_PCD_EP_Close
                0x0000000008001dd6       0x94 ./Drivers/STM32L4xx_HAL_Driver/Src/stm32l4xx_hal_pcd.o
                0x0000000008001dd6                HAL_PCD_EP_Close
 .text.HAL_PCD_EP_Receive
                0x0000000008001e6a       0x7c ./Drivers/STM32L4xx_HAL_Driver/Src/stm32l4xx_hal_pcd.o
                0x0000000008001e6a                HAL_PCD_EP_Receive
 .text.HAL_PCD_EP_GetRxCount
                0x0000000008001ee6       0x30 ./Drivers/STM32L4xx_HAL_Driver/Src/stm32l4xx_hal_pcd.o
                0x0000000008001ee6                HAL_PCD_EP_GetRxCount
 .text.HAL_PCD_EP_Transmit
                0x0000000008001f16       0x7a ./Drivers/STM32L4xx_HAL_Driver/Src/stm32l4xx_hal_pcd.o
                0x0000000008001f16                HAL_PCD_EP_Transmit
 .text.HAL_PCD_EP_SetStall
                0x0000000008001f90       0xc4 ./Drivers/STM32L4xx_HAL_Driver/Src/stm32l4xx_hal_pcd.o
                0x0000000008001f90                HAL_PCD_EP_SetStall
 .text.HAL_PCD_EP_ClrStall
                0x0000000008002054       0xac ./Drivers/STM32L4xx_HAL_Driver/Src/stm32l4xx_hal_pcd.o
                0x0000000008002054                HAL_PCD_EP_ClrStall
 .text.HAL_PCD_EP_Abort
                0x0000000008002100       0x62 ./Drivers/STM32L4xx_HAL_Driver/Src/stm32l4xx_hal_pcd.o
                0x0000000008002100                HAL_PCD_EP_Abort
 .text.PCD_WriteEmptyTxFifo
                0x0000000008002162      0x110 ./Drivers/STM32L4xx_HAL_Driver/Src/stm32l4xx_hal_pcd.o
 *fill*         0x0000000008002272        0x2 
 .text.PCD_EP_OutXfrComplete_int
                0x0000000008002274       0x9c ./Drivers/STM32L4xx_HAL_Driver/Src/stm32l4xx_hal_pcd.o
 .text.PCD_EP_OutSetupPacket_int
                0x0000000008002310       0x68 ./Drivers/STM32L4xx_HAL_Driver/Src/stm32l4xx_hal_pcd.o
 .text.HAL_PCDEx_SetTxFiFo
                0x0000000008002378       0x8e ./Drivers/STM32L4xx_HAL_Driver/Src/stm32l4xx_hal_pcd_ex.o
                0x0000000008002378                HAL_PCDEx_SetTxFiFo
 .text.HAL_PCDEx_SetRxFiFo
                0x0000000008002406       0x22 ./Drivers/STM32L4xx_HAL_Driver/Src/stm32l4xx_hal_pcd_ex.o
                0x0000000008002406                HAL_PCDEx_SetRxFiFo
 .text.HAL_PCDEx_ActivateLPM
                0x0000000008002428       0x48 ./Drivers/STM32L4xx_HAL_Driver/Src/stm32l4xx_hal_pcd_ex.o
                0x0000000008002428                HAL_PCDEx_ActivateLPM
 .text.HAL_PWREx_GetVoltageRange
                0x0000000008002470       0x1c ./Drivers/STM32L4xx_HAL_Driver/Src/stm32l4xx_hal_pwr_ex.o
                0x0000000008002470                HAL_PWREx_GetVoltageRange
 .text.HAL_PWREx_ControlVoltageScaling
                0x000000000800248c       0xac ./Drivers/STM32L4xx_HAL_Driver/Src/stm32l4xx_hal_pwr_ex.o
                0x000000000800248c                HAL_PWREx_ControlVoltageScaling
 .text.HAL_PWREx_EnableVddUSB
                0x0000000008002538       0x20 ./Drivers/STM32L4xx_HAL_Driver/Src/stm32l4xx_hal_pwr_ex.o
                0x0000000008002538                HAL_PWREx_EnableVddUSB
 .text.HAL_RCC_OscConfig
                0x0000000008002558      0x7b8 ./Drivers/STM32L4xx_HAL_Driver/Src/stm32l4xx_hal_rcc.o
                0x0000000008002558                HAL_RCC_OscConfig
 .text.HAL_RCC_ClockConfig
                0x0000000008002d10      0x200 ./Drivers/STM32L4xx_HAL_Driver/Src/stm32l4xx_hal_rcc.o
                0x0000000008002d10                HAL_RCC_ClockConfig
 .text.HAL_RCC_GetSysClockFreq
                0x0000000008002f10      0x118 ./Drivers/STM32L4xx_HAL_Driver/Src/stm32l4xx_hal_rcc.o
                0x0000000008002f10                HAL_RCC_GetSysClockFreq
 .text.HAL_RCC_GetHCLKFreq
                0x0000000008003028       0x18 ./Drivers/STM32L4xx_HAL_Driver/Src/stm32l4xx_hal_rcc.o
                0x0000000008003028                HAL_RCC_GetHCLKFreq
 .text.HAL_RCC_GetPCLK1Freq
                0x0000000008003040       0x2c ./Drivers/STM32L4xx_HAL_Driver/Src/stm32l4xx_hal_rcc.o
                0x0000000008003040                HAL_RCC_GetPCLK1Freq
 .text.HAL_RCC_GetPCLK2Freq
                0x000000000800306c       0x2c ./Drivers/STM32L4xx_HAL_Driver/Src/stm32l4xx_hal_rcc.o
                0x000000000800306c                HAL_RCC_GetPCLK2Freq
 .text.HAL_RCC_GetClockConfig
                0x0000000008003098       0x64 ./Drivers/STM32L4xx_HAL_Driver/Src/stm32l4xx_hal_rcc.o
                0x0000000008003098                HAL_RCC_GetClockConfig
 .text.RCC_SetFlashLatencyFromMSIRange
                0x00000000080030fc       0xc0 ./Drivers/STM32L4xx_HAL_Driver/Src/stm32l4xx_hal_rcc.o
 .text.HAL_RCCEx_PeriphCLKConfig
                0x00000000080031bc      0x5d4 ./Drivers/STM32L4xx_HAL_Driver/Src/stm32l4xx_hal_rcc_ex.o
                0x00000000080031bc                HAL_RCCEx_PeriphCLKConfig
 .text.RCCEx_PLLSAI1_Config
                0x0000000008003790      0x1e8 ./Drivers/STM32L4xx_HAL_Driver/Src/stm32l4xx_hal_rcc_ex.o
 .text.RCCEx_PLLSAI2_Config
                0x0000000008003978      0x1bc ./Drivers/STM32L4xx_HAL_Driver/Src/stm32l4xx_hal_rcc_ex.o
 .text.HAL_TIM_Base_Init
                0x0000000008003b34       0xae ./Drivers/STM32L4xx_HAL_Driver/Src/stm32l4xx_hal_tim.o
                0x0000000008003b34                HAL_TIM_Base_Init
 .text.HAL_TIM_Base_MspInit
                0x0000000008003be2       0x14 ./Drivers/STM32L4xx_HAL_Driver/Src/stm32l4xx_hal_tim.o
                0x0000000008003be2                HAL_TIM_Base_MspInit
 *fill*         0x0000000008003bf6        0x2 
 .text.HAL_TIM_Base_Start_IT
                0x0000000008003bf8       0xe0 ./Drivers/STM32L4xx_HAL_Driver/Src/stm32l4xx_hal_tim.o
                0x0000000008003bf8                HAL_TIM_Base_Start_IT
 .text.HAL_TIM_IRQHandler
                0x0000000008003cd8      0x23e ./Drivers/STM32L4xx_HAL_Driver/Src/stm32l4xx_hal_tim.o
                0x0000000008003cd8                HAL_TIM_IRQHandler
 .text.HAL_TIM_OC_DelayElapsedCallback
                0x0000000008003f16       0x14 ./Drivers/STM32L4xx_HAL_Driver/Src/stm32l4xx_hal_tim.o
                0x0000000008003f16                HAL_TIM_OC_DelayElapsedCallback
 .text.HAL_TIM_IC_CaptureCallback
                0x0000000008003f2a       0x14 ./Drivers/STM32L4xx_HAL_Driver/Src/stm32l4xx_hal_tim.o
                0x0000000008003f2a                HAL_TIM_IC_CaptureCallback
 .text.HAL_TIM_PWM_PulseFinishedCallback
                0x0000000008003f3e       0x14 ./Drivers/STM32L4xx_HAL_Driver/Src/stm32l4xx_hal_tim.o
                0x0000000008003f3e                HAL_TIM_PWM_PulseFinishedCallback
 .text.HAL_TIM_TriggerCallback
                0x0000000008003f52       0x14 ./Drivers/STM32L4xx_HAL_Driver/Src/stm32l4xx_hal_tim.o
                0x0000000008003f52                HAL_TIM_TriggerCallback
 *fill*         0x0000000008003f66        0x2 
 .text.TIM_Base_SetConfig
                0x0000000008003f68      0x134 ./Drivers/STM32L4xx_HAL_Driver/Src/stm32l4xx_hal_tim.o
                0x0000000008003f68                TIM_Base_SetConfig
 .text.HAL_TIMEx_CommutCallback
                0x000000000800409c       0x14 ./Drivers/STM32L4xx_HAL_Driver/Src/stm32l4xx_hal_tim_ex.o
                0x000000000800409c                HAL_TIMEx_CommutCallback
 .text.HAL_TIMEx_BreakCallback
                0x00000000080040b0       0x14 ./Drivers/STM32L4xx_HAL_Driver/Src/stm32l4xx_hal_tim_ex.o
                0x00000000080040b0                HAL_TIMEx_BreakCallback
 .text.HAL_TIMEx_Break2Callback
                0x00000000080040c4       0x14 ./Drivers/STM32L4xx_HAL_Driver/Src/stm32l4xx_hal_tim_ex.o
                0x00000000080040c4                HAL_TIMEx_Break2Callback
 .text.HAL_UART_Init
                0x00000000080040d8       0x9c ./Drivers/STM32L4xx_HAL_Driver/Src/stm32l4xx_hal_uart.o
                0x00000000080040d8                HAL_UART_Init
 .text.HAL_UART_Transmit
                0x0000000008004174      0x128 ./Drivers/STM32L4xx_HAL_Driver/Src/stm32l4xx_hal_uart.o
                0x0000000008004174                HAL_UART_Transmit
 .text.UART_SetConfig
                0x000000000800429c      0x570 ./Drivers/STM32L4xx_HAL_Driver/Src/stm32l4xx_hal_uart.o
                0x000000000800429c                UART_SetConfig
 .text.UART_AdvFeatureConfig
                0x000000000800480c      0x144 ./Drivers/STM32L4xx_HAL_Driver/Src/stm32l4xx_hal_uart.o
                0x000000000800480c                UART_AdvFeatureConfig
 .text.UART_CheckIdleState
                0x0000000008004950       0x92 ./Drivers/STM32L4xx_HAL_Driver/Src/stm32l4xx_hal_uart.o
                0x0000000008004950                UART_CheckIdleState
 .text.UART_WaitOnFlagUntilTimeout
                0x00000000080049e2      0x188 ./Drivers/STM32L4xx_HAL_Driver/Src/stm32l4xx_hal_uart.o
                0x00000000080049e2                UART_WaitOnFlagUntilTimeout
 .text.USB_CoreInit
                0x0000000008004b6a       0x58 ./Drivers/STM32L4xx_HAL_Driver/Src/stm32l4xx_ll_usb.o
                0x0000000008004b6a                USB_CoreInit
 *fill*         0x0000000008004bc2        0x2 
 .text.USB_SetTurnaroundTime
                0x0000000008004bc4      0x138 ./Drivers/STM32L4xx_HAL_Driver/Src/stm32l4xx_ll_usb.o
                0x0000000008004bc4                USB_SetTurnaroundTime
 .text.USB_EnableGlobalInt
                0x0000000008004cfc       0x22 ./Drivers/STM32L4xx_HAL_Driver/Src/stm32l4xx_ll_usb.o
                0x0000000008004cfc                USB_EnableGlobalInt
 .text.USB_DisableGlobalInt
                0x0000000008004d1e       0x22 ./Drivers/STM32L4xx_HAL_Driver/Src/stm32l4xx_ll_usb.o
                0x0000000008004d1e                USB_DisableGlobalInt
 .text.USB_SetCurrentMode
                0x0000000008004d40       0x98 ./Drivers/STM32L4xx_HAL_Driver/Src/stm32l4xx_ll_usb.o
                0x0000000008004d40                USB_SetCurrentMode
 .text.USB_DevInit
                0x0000000008004dd8      0x298 ./Drivers/STM32L4xx_HAL_Driver/Src/stm32l4xx_ll_usb.o
                0x0000000008004dd8                USB_DevInit
 .text.USB_FlushTxFifo
                0x0000000008005070       0x68 ./Drivers/STM32L4xx_HAL_Driver/Src/stm32l4xx_ll_usb.o
                0x0000000008005070                USB_FlushTxFifo
 .text.USB_FlushRxFifo
                0x00000000080050d8       0x60 ./Drivers/STM32L4xx_HAL_Driver/Src/stm32l4xx_ll_usb.o
                0x00000000080050d8                USB_FlushRxFifo
 .text.USB_SetDevSpeed
                0x0000000008005138       0x32 ./Drivers/STM32L4xx_HAL_Driver/Src/stm32l4xx_ll_usb.o
                0x0000000008005138                USB_SetDevSpeed
 .text.USB_GetDevSpeed
                0x000000000800516a       0x3e ./Drivers/STM32L4xx_HAL_Driver/Src/stm32l4xx_ll_usb.o
                0x000000000800516a                USB_GetDevSpeed
 .text.USB_ActivateEndpoint
                0x00000000080051a8      0x10e ./Drivers/STM32L4xx_HAL_Driver/Src/stm32l4xx_ll_usb.o
                0x00000000080051a8                USB_ActivateEndpoint
 *fill*         0x00000000080052b6        0x2 
 .text.USB_DeactivateEndpoint
                0x00000000080052b8      0x1b8 ./Drivers/STM32L4xx_HAL_Driver/Src/stm32l4xx_ll_usb.o
                0x00000000080052b8                USB_DeactivateEndpoint
 .text.USB_EPStartXfer
                0x0000000008005470      0x3c0 ./Drivers/STM32L4xx_HAL_Driver/Src/stm32l4xx_ll_usb.o
                0x0000000008005470                USB_EPStartXfer
 .text.USB_EP0StartXfer
                0x0000000008005830      0x244 ./Drivers/STM32L4xx_HAL_Driver/Src/stm32l4xx_ll_usb.o
                0x0000000008005830                USB_EP0StartXfer
 .text.USB_EPStopXfer
                0x0000000008005a74      0x154 ./Drivers/STM32L4xx_HAL_Driver/Src/stm32l4xx_ll_usb.o
                0x0000000008005a74                USB_EPStopXfer
 .text.USB_WritePacket
                0x0000000008005bc8       0x74 ./Drivers/STM32L4xx_HAL_Driver/Src/stm32l4xx_ll_usb.o
                0x0000000008005bc8                USB_WritePacket
 .text.USB_ReadPacket
                0x0000000008005c3c       0xb0 ./Drivers/STM32L4xx_HAL_Driver/Src/stm32l4xx_ll_usb.o
                0x0000000008005c3c                USB_ReadPacket
 .text.USB_EPSetStall
                0x0000000008005cec       0xdc ./Drivers/STM32L4xx_HAL_Driver/Src/stm32l4xx_ll_usb.o
                0x0000000008005cec                USB_EPSetStall
 .text.USB_EPClearStall
                0x0000000008005dc8       0xcc ./Drivers/STM32L4xx_HAL_Driver/Src/stm32l4xx_ll_usb.o
                0x0000000008005dc8                USB_EPClearStall
 .text.USB_SetDevAddress
                0x0000000008005e94       0x4c ./Drivers/STM32L4xx_HAL_Driver/Src/stm32l4xx_ll_usb.o
                0x0000000008005e94                USB_SetDevAddress
 .text.USB_DevConnect
                0x0000000008005ee0       0x42 ./Drivers/STM32L4xx_HAL_Driver/Src/stm32l4xx_ll_usb.o
                0x0000000008005ee0                USB_DevConnect
 .text.USB_DevDisconnect
                0x0000000008005f22       0x42 ./Drivers/STM32L4xx_HAL_Driver/Src/stm32l4xx_ll_usb.o
                0x0000000008005f22                USB_DevDisconnect
 .text.USB_ReadInterrupts
                0x0000000008005f64       0x26 ./Drivers/STM32L4xx_HAL_Driver/Src/stm32l4xx_ll_usb.o
                0x0000000008005f64                USB_ReadInterrupts
 .text.USB_ReadDevAllOutEpInterrupt
                0x0000000008005f8a       0x34 ./Drivers/STM32L4xx_HAL_Driver/Src/stm32l4xx_ll_usb.o
                0x0000000008005f8a                USB_ReadDevAllOutEpInterrupt
 .text.USB_ReadDevAllInEpInterrupt
                0x0000000008005fbe       0x34 ./Drivers/STM32L4xx_HAL_Driver/Src/stm32l4xx_ll_usb.o
                0x0000000008005fbe                USB_ReadDevAllInEpInterrupt
 .text.USB_ReadDevOutEPInterrupt
                0x0000000008005ff2       0x3c ./Drivers/STM32L4xx_HAL_Driver/Src/stm32l4xx_ll_usb.o
                0x0000000008005ff2                USB_ReadDevOutEPInterrupt
 .text.USB_ReadDevInEPInterrupt
                0x000000000800602e       0x5c ./Drivers/STM32L4xx_HAL_Driver/Src/stm32l4xx_ll_usb.o
                0x000000000800602e                USB_ReadDevInEPInterrupt
 .text.USB_GetMode
                0x000000000800608a       0x1c ./Drivers/STM32L4xx_HAL_Driver/Src/stm32l4xx_ll_usb.o
                0x000000000800608a                USB_GetMode
 .text.USB_ActivateSetup
                0x00000000080060a6       0x46 ./Drivers/STM32L4xx_HAL_Driver/Src/stm32l4xx_ll_usb.o
                0x00000000080060a6                USB_ActivateSetup
 .text.USB_EP0_OutStart
                0x00000000080060ec       0x90 ./Drivers/STM32L4xx_HAL_Driver/Src/stm32l4xx_ll_usb.o
                0x00000000080060ec                USB_EP0_OutStart
 .text.USB_CoreReset
                0x000000000800617c       0x68 ./Drivers/STM32L4xx_HAL_Driver/Src/stm32l4xx_ll_usb.o
 .text.write_K_L_T
                0x00000000080061e4       0x34 ./Fatar/fatar_port.o
                0x00000000080061e4                write_K_L_T
 .text.write_K_R_T
                0x0000000008006218       0x34 ./Fatar/fatar_port.o
                0x0000000008006218                write_K_R_T
 .text.read_K_L_MK
                0x000000000800624c       0x34 ./Fatar/fatar_port.o
                0x000000000800624c                read_K_L_MK
 .text.read_K_L_BR
                0x0000000008006280       0x34 ./Fatar/fatar_port.o
                0x0000000008006280                read_K_L_BR
 .text.read_K_R_MK
                0x00000000080062b4       0x34 ./Fatar/fatar_port.o
                0x00000000080062b4                read_K_R_MK
 .text.read_K_R_BR
                0x00000000080062e8       0x34 ./Fatar/fatar_port.o
                0x00000000080062e8                read_K_R_BR
 .text.getVelocity
                0x000000000800631c       0x60 ./Fatar/fatar_port.o
 .text.scan_L_keys
                0x000000000800637c      0x1cc ./Fatar/fatar_port.o
                0x000000000800637c                scan_L_keys
 .text.scan_R_keys
                0x0000000008006548      0x1cc ./Fatar/fatar_port.o
                0x0000000008006548                scan_R_keys
 .text.midi_note_off
                0x0000000008006714       0x42 ./MIDI/src/midi.o
                0x0000000008006714                midi_note_off
 .text.midi_note_on
                0x0000000008006756       0x42 ./MIDI/src/midi.o
                0x0000000008006756                midi_note_on
 .text._usbmidi_port_tx_bytes
                0x0000000008006798       0x26 ./MIDI/src/midi_port.o
                0x0000000008006798                _usbmidi_port_tx_bytes
 .text._usbmidi_port_rx_bytes
                0x00000000080067be       0x20 ./MIDI/src/midi_port.o
                0x00000000080067be                _usbmidi_port_rx_bytes
 *fill*         0x00000000080067de        0x2 
 .text._uartmidi_port_tx_bytes
                0x00000000080067e0       0x28 ./MIDI/src/midi_port.o
                0x00000000080067e0                _uartmidi_port_tx_bytes
 .text._uartmidi_port_rx_bytes
                0x0000000008006808       0x1a ./MIDI/src/midi_port.o
                0x0000000008006808                _uartmidi_port_rx_bytes
 .text.usbmidi_note_off
                0x0000000008006822       0x48 ./MIDI/src/usbmidi.o
                0x0000000008006822                usbmidi_note_off
 .text.usbmidi_note_on
                0x000000000800686a       0x48 ./MIDI/src/usbmidi.o
                0x000000000800686a                usbmidi_note_on
 .text.usbmidi_tx_bytes
                0x00000000080068b2       0x24 ./MIDI/src/usbmidi.o
                0x00000000080068b2                usbmidi_tx_bytes
 *fill*         0x00000000080068d6        0x2 
 .text.usbmidi_tx
                0x00000000080068d8      0x24c ./MIDI/src/usbmidi.o
                0x00000000080068d8                usbmidi_tx
 .text.USBD_AUDIO_Init
                0x0000000008006b24       0xc8 ./Middlewares/ST/STM32_USB_Device_Library/Class/AUDIO/Src/usbd_audio.o
 .text.USBD_AUDIO_DeInit
                0x0000000008006bec       0x58 ./Middlewares/ST/STM32_USB_Device_Library/Class/AUDIO/Src/usbd_audio.o
 .text.USBD_AUDIO_Setup
                0x0000000008006c44      0x194 ./Middlewares/ST/STM32_USB_Device_Library/Class/AUDIO/Src/usbd_audio.o
 .text.USBD_AUDIO_GetCfgDesc
                0x0000000008006dd8       0x20 ./Middlewares/ST/STM32_USB_Device_Library/Class/AUDIO/Src/usbd_audio.o
 .text.USBD_AUDIO_DataIn
                0x0000000008006df8       0x1a ./Middlewares/ST/STM32_USB_Device_Library/Class/AUDIO/Src/usbd_audio.o
 .text.USBD_AUDIO_EP0_RxReady
                0x0000000008006e12       0x6e ./Middlewares/ST/STM32_USB_Device_Library/Class/AUDIO/Src/usbd_audio.o
 .text.USBD_AUDIO_EP0_TxReady
                0x0000000008006e80       0x16 ./Middlewares/ST/STM32_USB_Device_Library/Class/AUDIO/Src/usbd_audio.o
 .text.USBD_AUDIO_SOF
                0x0000000008006e96       0x16 ./Middlewares/ST/STM32_USB_Device_Library/Class/AUDIO/Src/usbd_audio.o
 .text.USBD_AUDIO_IsoINIncomplete
                0x0000000008006eac       0x1a ./Middlewares/ST/STM32_USB_Device_Library/Class/AUDIO/Src/usbd_audio.o
 .text.USBD_AUDIO_IsoOutIncomplete
                0x0000000008006ec6       0x1a ./Middlewares/ST/STM32_USB_Device_Library/Class/AUDIO/Src/usbd_audio.o
 .text.USBD_AUDIO_DataOut
                0x0000000008006ee0      0x106 ./Middlewares/ST/STM32_USB_Device_Library/Class/AUDIO/Src/usbd_audio.o
 .text.AUDIO_REQ_GetCurrent
                0x0000000008006fe6       0x48 ./Middlewares/ST/STM32_USB_Device_Library/Class/AUDIO/Src/usbd_audio.o
 .text.AUDIO_REQ_SetCurrent
                0x000000000800702e       0x6e ./Middlewares/ST/STM32_USB_Device_Library/Class/AUDIO/Src/usbd_audio.o
 .text.USBD_AUDIO_GetDeviceQualifierDesc
                0x000000000800709c       0x20 ./Middlewares/ST/STM32_USB_Device_Library/Class/AUDIO/Src/usbd_audio.o
 .text.USBD_AUDIO_RegisterInterface
                0x00000000080070bc       0x2a ./Middlewares/ST/STM32_USB_Device_Library/Class/AUDIO/Src/usbd_audio.o
                0x00000000080070bc                USBD_AUDIO_RegisterInterface
 *fill*         0x00000000080070e6        0x2 
 .text.USBD_MIDI_Init
                0x00000000080070e8       0x48 ./Middlewares/ST/STM32_USB_Device_Library/Class/MIDI/Src/usbd_midi.o
 .text.USBD_MIDI_DeInit
                0x0000000008007130       0x30 ./Middlewares/ST/STM32_USB_Device_Library/Class/MIDI/Src/usbd_midi.o
 .text.USBD_MIDI_DataIn
                0x0000000008007160       0x2c ./Middlewares/ST/STM32_USB_Device_Library/Class/MIDI/Src/usbd_midi.o
 .text.USBD_MIDI_DataOut
                0x000000000800718c       0x54 ./Middlewares/ST/STM32_USB_Device_Library/Class/MIDI/Src/usbd_midi.o
 .text.USBD_MIDI_SendPacket
                0x00000000080071e0       0xe0 ./Middlewares/ST/STM32_USB_Device_Library/Class/MIDI/Src/usbd_midi.o
                0x00000000080071e0                USBD_MIDI_SendPacket
 .text.USBD_MIDI_GetCfgDesc
                0x00000000080072c0       0x20 ./Middlewares/ST/STM32_USB_Device_Library/Class/MIDI/Src/usbd_midi.o
 .text.USBD_MIDI_RegisterInterface
                0x00000000080072e0       0x2e ./Middlewares/ST/STM32_USB_Device_Library/Class/MIDI/Src/usbd_midi.o
                0x00000000080072e0                USBD_MIDI_RegisterInterface
 .text.USBD_Init
                0x000000000800730e       0x60 ./Middlewares/ST/STM32_USB_Device_Library/Core/Src/usbd_core.o
                0x000000000800730e                USBD_Init
 .text.USBD_RegisterClass
                0x000000000800736e       0x4e ./Middlewares/ST/STM32_USB_Device_Library/Core/Src/usbd_core.o
                0x000000000800736e                USBD_RegisterClass
 .text.USBD_Start
                0x00000000080073bc       0x18 ./Middlewares/ST/STM32_USB_Device_Library/Core/Src/usbd_core.o
                0x00000000080073bc                USBD_Start
 .text.USBD_RunTestMode
                0x00000000080073d4       0x16 ./Middlewares/ST/STM32_USB_Device_Library/Core/Src/usbd_core.o
                0x00000000080073d4                USBD_RunTestMode
 .text.USBD_SetClassConfig
                0x00000000080073ea       0x38 ./Middlewares/ST/STM32_USB_Device_Library/Core/Src/usbd_core.o
                0x00000000080073ea                USBD_SetClassConfig
 .text.USBD_ClrClassConfig
                0x0000000008007422       0x30 ./Middlewares/ST/STM32_USB_Device_Library/Core/Src/usbd_core.o
                0x0000000008007422                USBD_ClrClassConfig
 .text.USBD_LL_SetupStage
                0x0000000008007452       0xaa ./Middlewares/ST/STM32_USB_Device_Library/Core/Src/usbd_core.o
                0x0000000008007452                USBD_LL_SetupStage
 .text.USBD_LL_DataOutStage
                0x00000000080074fc       0xc6 ./Middlewares/ST/STM32_USB_Device_Library/Core/Src/usbd_core.o
                0x00000000080074fc                USBD_LL_DataOutStage
 .text.USBD_LL_DataInStage
                0x00000000080075c2      0x12c ./Middlewares/ST/STM32_USB_Device_Library/Core/Src/usbd_core.o
                0x00000000080075c2                USBD_LL_DataInStage
 .text.USBD_LL_Reset
                0x00000000080076ee       0x9c ./Middlewares/ST/STM32_USB_Device_Library/Core/Src/usbd_core.o
                0x00000000080076ee                USBD_LL_Reset
 .text.USBD_LL_SetSpeed
                0x000000000800778a       0x20 ./Middlewares/ST/STM32_USB_Device_Library/Core/Src/usbd_core.o
                0x000000000800778a                USBD_LL_SetSpeed
 .text.USBD_LL_Suspend
                0x00000000080077aa       0x2c ./Middlewares/ST/STM32_USB_Device_Library/Core/Src/usbd_core.o
                0x00000000080077aa                USBD_LL_Suspend
 .text.USBD_LL_Resume
                0x00000000080077d6       0x30 ./Middlewares/ST/STM32_USB_Device_Library/Core/Src/usbd_core.o
                0x00000000080077d6                USBD_LL_Resume
 .text.USBD_LL_SOF
                0x0000000008007806       0x44 ./Middlewares/ST/STM32_USB_Device_Library/Core/Src/usbd_core.o
                0x0000000008007806                USBD_LL_SOF
 .text.USBD_LL_IsoINIncomplete
                0x000000000800784a       0x4c ./Middlewares/ST/STM32_USB_Device_Library/Core/Src/usbd_core.o
                0x000000000800784a                USBD_LL_IsoINIncomplete
 .text.USBD_LL_IsoOUTIncomplete
                0x0000000008007896       0x4c ./Middlewares/ST/STM32_USB_Device_Library/Core/Src/usbd_core.o
                0x0000000008007896                USBD_LL_IsoOUTIncomplete
 .text.USBD_LL_DevConnected
                0x00000000080078e2       0x16 ./Middlewares/ST/STM32_USB_Device_Library/Core/Src/usbd_core.o
                0x00000000080078e2                USBD_LL_DevConnected
 .text.USBD_LL_DevDisconnected
                0x00000000080078f8       0x38 ./Middlewares/ST/STM32_USB_Device_Library/Core/Src/usbd_core.o
                0x00000000080078f8                USBD_LL_DevDisconnected
 .text.SWAPBYTE
                0x0000000008007930       0x3c ./Middlewares/ST/STM32_USB_Device_Library/Core/Src/usbd_ctlreq.o
 .text.USBD_StdDevReq
                0x000000000800796c       0xdc ./Middlewares/ST/STM32_USB_Device_Library/Core/Src/usbd_ctlreq.o
                0x000000000800796c                USBD_StdDevReq
 .text.USBD_StdItfReq
                0x0000000008007a48       0x92 ./Middlewares/ST/STM32_USB_Device_Library/Core/Src/usbd_ctlreq.o
                0x0000000008007a48                USBD_StdItfReq
 .text.USBD_StdEPReq
                0x0000000008007ada      0x2c4 ./Middlewares/ST/STM32_USB_Device_Library/Core/Src/usbd_ctlreq.o
                0x0000000008007ada                USBD_StdEPReq
 *fill*         0x0000000008007d9e        0x2 
 .text.USBD_GetDescriptor
                0x0000000008007da0      0x328 ./Middlewares/ST/STM32_USB_Device_Library/Core/Src/usbd_ctlreq.o
 .text.USBD_SetAddress
                0x00000000080080c8       0x88 ./Middlewares/ST/STM32_USB_Device_Library/Core/Src/usbd_ctlreq.o
 .text.USBD_SetConfig
                0x0000000008008150      0x14c ./Middlewares/ST/STM32_USB_Device_Library/Core/Src/usbd_ctlreq.o
 .text.USBD_GetConfig
                0x000000000800829c       0x6c ./Middlewares/ST/STM32_USB_Device_Library/Core/Src/usbd_ctlreq.o
 .text.USBD_GetStatus
                0x0000000008008308       0x68 ./Middlewares/ST/STM32_USB_Device_Library/Core/Src/usbd_ctlreq.o
 .text.USBD_SetFeature
                0x0000000008008370       0x28 ./Middlewares/ST/STM32_USB_Device_Library/Core/Src/usbd_ctlreq.o
 .text.USBD_ClrFeature
                0x0000000008008398       0x44 ./Middlewares/ST/STM32_USB_Device_Library/Core/Src/usbd_ctlreq.o
 .text.USBD_ParseSetupRequest
                0x00000000080083dc       0x74 ./Middlewares/ST/STM32_USB_Device_Library/Core/Src/usbd_ctlreq.o
                0x00000000080083dc                USBD_ParseSetupRequest
 .text.USBD_CtlError
                0x0000000008008450       0x22 ./Middlewares/ST/STM32_USB_Device_Library/Core/Src/usbd_ctlreq.o
                0x0000000008008450                USBD_CtlError
 .text.USBD_GetString
                0x0000000008008472       0x8c ./Middlewares/ST/STM32_USB_Device_Library/Core/Src/usbd_ctlreq.o
                0x0000000008008472                USBD_GetString
 .text.USBD_GetLen
                0x00000000080084fe       0x34 ./Middlewares/ST/STM32_USB_Device_Library/Core/Src/usbd_ctlreq.o
 .text.USBD_CtlSendData
                0x0000000008008532       0x36 ./Middlewares/ST/STM32_USB_Device_Library/Core/Src/usbd_ioreq.o
                0x0000000008008532                USBD_CtlSendData
 .text.USBD_CtlContinueSendData
                0x0000000008008568       0x22 ./Middlewares/ST/STM32_USB_Device_Library/Core/Src/usbd_ioreq.o
                0x0000000008008568                USBD_CtlContinueSendData
 .text.USBD_CtlPrepareRx
                0x000000000800858a       0x3a ./Middlewares/ST/STM32_USB_Device_Library/Core/Src/usbd_ioreq.o
                0x000000000800858a                USBD_CtlPrepareRx
 .text.USBD_CtlContinueRx
                0x00000000080085c4       0x22 ./Middlewares/ST/STM32_USB_Device_Library/Core/Src/usbd_ioreq.o
                0x00000000080085c4                USBD_CtlContinueRx
 .text.USBD_CtlSendStatus
                0x00000000080085e6       0x26 ./Middlewares/ST/STM32_USB_Device_Library/Core/Src/usbd_ioreq.o
                0x00000000080085e6                USBD_CtlSendStatus
 .text.USBD_CtlReceiveStatus
                0x000000000800860c       0x26 ./Middlewares/ST/STM32_USB_Device_Library/Core/Src/usbd_ioreq.o
                0x000000000800860c                USBD_CtlReceiveStatus
 *fill*         0x0000000008008632        0x2 
 .text.MX_USB_DEVICE_Init
                0x0000000008008634       0x9c ./USB_DEVICE/App/usb_device.o
                0x0000000008008634                MX_USB_DEVICE_Init
 .text.AUDIO_Init_FS
                0x00000000080086d0       0x1a ./USB_DEVICE/App/usbd_audio_if.o
 .text.AUDIO_DeInit_FS
                0x00000000080086ea       0x16 ./USB_DEVICE/App/usbd_audio_if.o
 .text.AUDIO_AudioCmd_FS
                0x0000000008008700       0x28 ./USB_DEVICE/App/usbd_audio_if.o
 .text.AUDIO_VolumeCtl_FS
                0x0000000008008728       0x18 ./USB_DEVICE/App/usbd_audio_if.o
 .text.AUDIO_MuteCtl_FS
                0x0000000008008740       0x18 ./USB_DEVICE/App/usbd_audio_if.o
 .text.AUDIO_PeriodicTC_FS
                0x0000000008008758       0x1c ./USB_DEVICE/App/usbd_audio_if.o
 .text.AUDIO_GetState_FS
                0x0000000008008774       0x10 ./USB_DEVICE/App/usbd_audio_if.o
 .text.USBD_FS_DeviceDescriptor
                0x0000000008008784       0x24 ./USB_DEVICE/App/usbd_desc.o
                0x0000000008008784                USBD_FS_DeviceDescriptor
 .text.USBD_FS_LangIDStrDescriptor
                0x00000000080087a8       0x24 ./USB_DEVICE/App/usbd_desc.o
                0x00000000080087a8                USBD_FS_LangIDStrDescriptor
 .text.USBD_FS_ProductStrDescriptor
                0x00000000080087cc       0x3c ./USB_DEVICE/App/usbd_desc.o
                0x00000000080087cc                USBD_FS_ProductStrDescriptor
 .text.USBD_FS_ManufacturerStrDescriptor
                0x0000000008008808       0x28 ./USB_DEVICE/App/usbd_desc.o
                0x0000000008008808                USBD_FS_ManufacturerStrDescriptor
 .text.USBD_FS_SerialStrDescriptor
                0x0000000008008830       0x24 ./USB_DEVICE/App/usbd_desc.o
                0x0000000008008830                USBD_FS_SerialStrDescriptor
 .text.USBD_FS_ConfigStrDescriptor
                0x0000000008008854       0x3c ./USB_DEVICE/App/usbd_desc.o
                0x0000000008008854                USBD_FS_ConfigStrDescriptor
 .text.USBD_FS_InterfaceStrDescriptor
                0x0000000008008890       0x3c ./USB_DEVICE/App/usbd_desc.o
                0x0000000008008890                USBD_FS_InterfaceStrDescriptor
 .text.USBD_FS_USR_BOSDescriptor
                0x00000000080088cc       0x24 ./USB_DEVICE/App/usbd_desc.o
                0x00000000080088cc                USBD_FS_USR_BOSDescriptor
 .text.Get_SerialNum
                0x00000000080088f0       0x58 ./USB_DEVICE/App/usbd_desc.o
 .text.IntToUnicode
                0x0000000008008948       0x7e ./USB_DEVICE/App/usbd_desc.o
 *fill*         0x00000000080089c6        0x2 
 .text.MIDI_DataRx
                0x00000000080089c8       0xc0 ./USB_DEVICE/App/usbd_midi_if.o
                0x00000000080089c8                MIDI_DataRx
 .text.MIDI_DataTx
                0x0000000008008a88       0x60 ./USB_DEVICE/App/usbd_midi_if.o
                0x0000000008008a88                MIDI_DataTx
 .text.HAL_PCD_MspInit
                0x0000000008008ae8      0x124 ./USB_DEVICE/Target/usbd_conf.o
                0x0000000008008ae8                HAL_PCD_MspInit
 .text.HAL_PCD_SetupStageCallback
                0x0000000008008c0c       0x24 ./USB_DEVICE/Target/usbd_conf.o
                0x0000000008008c0c                HAL_PCD_SetupStageCallback
 .text.HAL_PCD_DataOutStageCallback
                0x0000000008008c30       0x36 ./USB_DEVICE/Target/usbd_conf.o
                0x0000000008008c30                HAL_PCD_DataOutStageCallback
 .text.HAL_PCD_DataInStageCallback
                0x0000000008008c66       0x34 ./USB_DEVICE/Target/usbd_conf.o
                0x0000000008008c66                HAL_PCD_DataInStageCallback
 .text.HAL_PCD_SOFCallback
                0x0000000008008c9a       0x1c ./USB_DEVICE/Target/usbd_conf.o
                0x0000000008008c9a                HAL_PCD_SOFCallback
 .text.HAL_PCD_ResetCallback
                0x0000000008008cb6       0x3c ./USB_DEVICE/Target/usbd_conf.o
                0x0000000008008cb6                HAL_PCD_ResetCallback
 *fill*         0x0000000008008cf2        0x2 
 .text.HAL_PCD_SuspendCallback
                0x0000000008008cf4       0x4c ./USB_DEVICE/Target/usbd_conf.o
                0x0000000008008cf4                HAL_PCD_SuspendCallback
 .text.HAL_PCD_ResumeCallback
                0x0000000008008d40       0x50 ./USB_DEVICE/Target/usbd_conf.o
                0x0000000008008d40                HAL_PCD_ResumeCallback
 .text.HAL_PCD_ISOOUTIncompleteCallback
                0x0000000008008d90       0x24 ./USB_DEVICE/Target/usbd_conf.o
                0x0000000008008d90                HAL_PCD_ISOOUTIncompleteCallback
 .text.HAL_PCD_ISOINIncompleteCallback
                0x0000000008008db4       0x24 ./USB_DEVICE/Target/usbd_conf.o
                0x0000000008008db4                HAL_PCD_ISOINIncompleteCallback
 .text.HAL_PCD_ConnectCallback
                0x0000000008008dd8       0x1c ./USB_DEVICE/Target/usbd_conf.o
                0x0000000008008dd8                HAL_PCD_ConnectCallback
 .text.HAL_PCD_DisconnectCallback
                0x0000000008008df4       0x1c ./USB_DEVICE/Target/usbd_conf.o
                0x0000000008008df4                HAL_PCD_DisconnectCallback
 .text.USBD_LL_Init
                0x0000000008008e10       0x98 ./USB_DEVICE/Target/usbd_conf.o
                0x0000000008008e10                USBD_LL_Init
 .text.USBD_LL_Start
                0x0000000008008ea8       0x64 ./USB_DEVICE/Target/usbd_conf.o
                0x0000000008008ea8                USBD_LL_Start
 .text.USBD_LL_OpenEP
                0x0000000008008f0c       0x7c ./USB_DEVICE/Target/usbd_conf.o
                0x0000000008008f0c                USBD_LL_OpenEP
 .text.USBD_LL_CloseEP
                0x0000000008008f88       0x6c ./USB_DEVICE/Target/usbd_conf.o
                0x0000000008008f88                USBD_LL_CloseEP
 .text.USBD_LL_StallEP
                0x0000000008008ff4       0x6c ./USB_DEVICE/Target/usbd_conf.o
                0x0000000008008ff4                USBD_LL_StallEP
 .text.USBD_LL_ClearStallEP
                0x0000000008009060       0x6c ./USB_DEVICE/Target/usbd_conf.o
                0x0000000008009060                USBD_LL_ClearStallEP
 .text.USBD_LL_IsStallEP
                0x00000000080090cc       0x58 ./USB_DEVICE/Target/usbd_conf.o
                0x00000000080090cc                USBD_LL_IsStallEP
 .text.USBD_LL_SetUSBAddress
                0x0000000008009124       0x6c ./USB_DEVICE/Target/usbd_conf.o
                0x0000000008009124                USBD_LL_SetUSBAddress
 .text.USBD_LL_Transmit
                0x0000000008009190       0x70 ./USB_DEVICE/Target/usbd_conf.o
                0x0000000008009190                USBD_LL_Transmit
 .text.USBD_LL_PrepareReceive
                0x0000000008009200       0x70 ./USB_DEVICE/Target/usbd_conf.o
                0x0000000008009200                USBD_LL_PrepareReceive
 .text.USBD_LL_GetRxDataSize
                0x0000000008009270       0x26 ./USB_DEVICE/Target/usbd_conf.o
                0x0000000008009270                USBD_LL_GetRxDataSize
 *fill*         0x0000000008009296        0x2 
 .text.HAL_PCDEx_LPM_Callback
                0x0000000008009298       0x9c ./USB_DEVICE/Target/usbd_conf.o
                0x0000000008009298                HAL_PCDEx_LPM_Callback
 .text.USBD_static_malloc
                0x0000000008009334       0x1c ./USB_DEVICE/Target/usbd_conf.o
                0x0000000008009334                USBD_static_malloc
 .text.USBD_static_free
                0x0000000008009350       0x14 ./USB_DEVICE/Target/usbd_conf.o
                0x0000000008009350                USBD_static_free
 .text.SystemClockConfig_Resume
                0x0000000008009364        0xc ./USB_DEVICE/Target/usbd_conf.o
 .text.__libc_init_array
                0x0000000008009370       0x48 c:/st/stm32cubeide_1.10.1/stm32cubeide/plugins/com.st.stm32cube.ide.mcu.externaltools.gnu-tools-for-stm32.10.3-2021.10.win32_1.0.0.202111181127/tools/bin/../lib/gcc/arm-none-eabi/10.3.1/../../../../arm-none-eabi/lib/thumb/v7e-m+fp/hard\libc_nano.a(lib_a-init.o)
                0x0000000008009370                __libc_init_array
 .text.memset   0x00000000080093b8       0x10 c:/st/stm32cubeide_1.10.1/stm32cubeide/plugins/com.st.stm32cube.ide.mcu.externaltools.gnu-tools-for-stm32.10.3-2021.10.win32_1.0.0.202111181127/tools/bin/../lib/gcc/arm-none-eabi/10.3.1/../../../../arm-none-eabi/lib/thumb/v7e-m+fp/hard\libc_nano.a(lib_a-memset.o)
                0x00000000080093b8                memset
 *(.glue_7)
 .glue_7        0x00000000080093c8        0x0 linker stubs
 *(.glue_7t)
 .glue_7t       0x00000000080093c8        0x0 linker stubs
 *(.eh_frame)
 .eh_frame      0x00000000080093c8        0x0 c:/st/stm32cubeide_1.10.1/stm32cubeide/plugins/com.st.stm32cube.ide.mcu.externaltools.gnu-tools-for-stm32.10.3-2021.10.win32_1.0.0.202111181127/tools/bin/../lib/gcc/arm-none-eabi/10.3.1/thumb/v7e-m+fp/hard/crtbegin.o
 *(.init)
 .init          0x00000000080093c8        0x4 c:/st/stm32cubeide_1.10.1/stm32cubeide/plugins/com.st.stm32cube.ide.mcu.externaltools.gnu-tools-for-stm32.10.3-2021.10.win32_1.0.0.202111181127/tools/bin/../lib/gcc/arm-none-eabi/10.3.1/thumb/v7e-m+fp/hard/crti.o
                0x00000000080093c8                _init
 .init          0x00000000080093cc        0x8 c:/st/stm32cubeide_1.10.1/stm32cubeide/plugins/com.st.stm32cube.ide.mcu.externaltools.gnu-tools-for-stm32.10.3-2021.10.win32_1.0.0.202111181127/tools/bin/../lib/gcc/arm-none-eabi/10.3.1/thumb/v7e-m+fp/hard/crtn.o
 *(.fini)
 .fini          0x00000000080093d4        0x4 c:/st/stm32cubeide_1.10.1/stm32cubeide/plugins/com.st.stm32cube.ide.mcu.externaltools.gnu-tools-for-stm32.10.3-2021.10.win32_1.0.0.202111181127/tools/bin/../lib/gcc/arm-none-eabi/10.3.1/thumb/v7e-m+fp/hard/crti.o
                0x00000000080093d4                _fini
 .fini          0x00000000080093d8        0x8 c:/st/stm32cubeide_1.10.1/stm32cubeide/plugins/com.st.stm32cube.ide.mcu.externaltools.gnu-tools-for-stm32.10.3-2021.10.win32_1.0.0.202111181127/tools/bin/../lib/gcc/arm-none-eabi/10.3.1/thumb/v7e-m+fp/hard/crtn.o
                0x00000000080093e0                . = ALIGN (0x4)
                0x00000000080093e0                _etext = .

.vfp11_veneer   0x00000000080093e0        0x0
 .vfp11_veneer  0x00000000080093e0        0x0 linker stubs

.v4_bx          0x00000000080093e0        0x0
 .v4_bx         0x00000000080093e0        0x0 linker stubs

.iplt           0x00000000080093e0        0x0
 .iplt          0x00000000080093e0        0x0 c:/st/stm32cubeide_1.10.1/stm32cubeide/plugins/com.st.stm32cube.ide.mcu.externaltools.gnu-tools-for-stm32.10.3-2021.10.win32_1.0.0.202111181127/tools/bin/../lib/gcc/arm-none-eabi/10.3.1/thumb/v7e-m+fp/hard/crtbegin.o

.rodata         0x00000000080093e0       0x80
                0x00000000080093e0                . = ALIGN (0x4)
 *(.rodata)
 .rodata        0x00000000080093e0       0x37 ./USB_DEVICE/App/usbd_desc.o
 *(.rodata*)
 *fill*         0x0000000008009417        0x1 
 .rodata.AHBPrescTable
                0x0000000008009418       0x10 ./Core/Src/system_stm32l4xx.o
                0x0000000008009418                AHBPrescTable
 .rodata.APBPrescTable
                0x0000000008009428        0x8 ./Core/Src/system_stm32l4xx.o
                0x0000000008009428                APBPrescTable
 .rodata.MSIRangeTable
                0x0000000008009430       0x30 ./Core/Src/system_stm32l4xx.o
                0x0000000008009430                MSIRangeTable
                0x0000000008009460                . = ALIGN (0x4)

.ARM.extab      0x0000000008009460        0x0
                0x0000000008009460                . = ALIGN (0x4)
 *(.ARM.extab* .gnu.linkonce.armextab.*)
                0x0000000008009460                . = ALIGN (0x4)

.ARM            0x0000000008009460        0x8
                0x0000000008009460                . = ALIGN (0x4)
                0x0000000008009460                __exidx_start = .
 *(.ARM.exidx*)
 .ARM.exidx     0x0000000008009460        0x8 c:/st/stm32cubeide_1.10.1/stm32cubeide/plugins/com.st.stm32cube.ide.mcu.externaltools.gnu-tools-for-stm32.10.3-2021.10.win32_1.0.0.202111181127/tools/bin/../lib/gcc/arm-none-eabi/10.3.1/thumb/v7e-m+fp/hard\libgcc.a(_udivmoddi4.o)
                0x0000000008009468                __exidx_end = .
                0x0000000008009468                . = ALIGN (0x4)

.rel.dyn        0x0000000008009468        0x0
 .rel.iplt      0x0000000008009468        0x0 c:/st/stm32cubeide_1.10.1/stm32cubeide/plugins/com.st.stm32cube.ide.mcu.externaltools.gnu-tools-for-stm32.10.3-2021.10.win32_1.0.0.202111181127/tools/bin/../lib/gcc/arm-none-eabi/10.3.1/thumb/v7e-m+fp/hard/crtbegin.o

.preinit_array  0x0000000008009468        0x0
                0x0000000008009468                . = ALIGN (0x4)
                0x0000000008009468                PROVIDE (__preinit_array_start = .)
 *(.preinit_array*)
                0x0000000008009468                PROVIDE (__preinit_array_end = .)
                0x0000000008009468                . = ALIGN (0x4)

.init_array     0x0000000008009468        0x4
                0x0000000008009468                . = ALIGN (0x4)
                0x0000000008009468                PROVIDE (__init_array_start = .)
 *(SORT_BY_NAME(.init_array.*))
 *(.init_array*)
 .init_array    0x0000000008009468        0x4 c:/st/stm32cubeide_1.10.1/stm32cubeide/plugins/com.st.stm32cube.ide.mcu.externaltools.gnu-tools-for-stm32.10.3-2021.10.win32_1.0.0.202111181127/tools/bin/../lib/gcc/arm-none-eabi/10.3.1/thumb/v7e-m+fp/hard/crtbegin.o
                0x000000000800946c                PROVIDE (__init_array_end = .)
                0x000000000800946c                . = ALIGN (0x4)

.fini_array     0x000000000800946c        0x4
                0x000000000800946c                . = ALIGN (0x4)
                [!provide]                        PROVIDE (__fini_array_start = .)
 *(SORT_BY_NAME(.fini_array.*))
 *(.fini_array*)
 .fini_array    0x000000000800946c        0x4 c:/st/stm32cubeide_1.10.1/stm32cubeide/plugins/com.st.stm32cube.ide.mcu.externaltools.gnu-tools-for-stm32.10.3-2021.10.win32_1.0.0.202111181127/tools/bin/../lib/gcc/arm-none-eabi/10.3.1/thumb/v7e-m+fp/hard/crtbegin.o
                [!provide]                        PROVIDE (__fini_array_end = .)
                0x0000000008009470                . = ALIGN (0x4)
                0x0000000008009470                _sidata = LOADADDR (.data)

.data           0x0000000020000000      0x4f0 load address 0x0000000008009470
                0x0000000020000000                . = ALIGN (0x4)
                0x0000000020000000                _sdata = .
 *(.data)
 *(.data*)
 .data.SystemCoreClock
                0x0000000020000000        0x4 ./Core/Src/system_stm32l4xx.o
                0x0000000020000000                SystemCoreClock
 .data.uwTickPrio
                0x0000000020000004        0x4 ./Drivers/STM32L4xx_HAL_Driver/Src/stm32l4xx_hal.o
                0x0000000020000004                uwTickPrio
 .data.uwTickFreq
                0x0000000020000008        0x1 ./Drivers/STM32L4xx_HAL_Driver/Src/stm32l4xx_hal.o
                0x0000000020000008                uwTickFreq
 *fill*         0x0000000020000009        0x3 
 .data.threshold
                0x000000002000000c        0x4 ./Fatar/fatar_port.o
 .data.nCurve   0x0000000020000010      0x1fc ./Fatar/fatar_port.o
 .data.K_L_T_PORT
                0x000000002000020c       0x20 ./Fatar/fatar_port.o
                0x000000002000020c                K_L_T_PORT
 .data.K_L_T_PIN
                0x000000002000022c       0x10 ./Fatar/fatar_port.o
                0x000000002000022c                K_L_T_PIN
 .data.K_L_BR_PORT
                0x000000002000023c       0x14 ./Fatar/fatar_port.o
                0x000000002000023c                K_L_BR_PORT
 .data.K_L_BR_PIN
                0x0000000020000250        0xa ./Fatar/fatar_port.o
                0x0000000020000250                K_L_BR_PIN
 *fill*         0x000000002000025a        0x2 
 .data.K_L_MK_PORT
                0x000000002000025c       0x14 ./Fatar/fatar_port.o
                0x000000002000025c                K_L_MK_PORT
 .data.K_L_MK_PIN
                0x0000000020000270        0xa ./Fatar/fatar_port.o
                0x0000000020000270                K_L_MK_PIN
 *fill*         0x000000002000027a        0x2 
 .data.K_R_T_PORT
                0x000000002000027c       0x20 ./Fatar/fatar_port.o
                0x000000002000027c                K_R_T_PORT
 .data.K_R_T_PIN
                0x000000002000029c       0x10 ./Fatar/fatar_port.o
                0x000000002000029c                K_R_T_PIN
 .data.K_R_BR_PORT
                0x00000000200002ac       0x18 ./Fatar/fatar_port.o
                0x00000000200002ac                K_R_BR_PORT
 .data.K_R_BR_PIN
                0x00000000200002c4        0xc ./Fatar/fatar_port.o
                0x00000000200002c4                K_R_BR_PIN
 .data.K_R_MK_PORT
                0x00000000200002d0       0x18 ./Fatar/fatar_port.o
                0x00000000200002d0                K_R_MK_PORT
 .data.K_R_MK_PIN
                0x00000000200002e8        0xc ./Fatar/fatar_port.o
                0x00000000200002e8                K_R_MK_PIN
 .data.USBMIDI1
                0x00000000200002f4        0xc ./MIDI/src/midi_port.o
                0x00000000200002f4                USBMIDI1
 .data.MIDI1    0x0000000020000300        0x8 ./MIDI/src/midi_port.o
                0x0000000020000300                MIDI1
 .data.USBD_AUDIO
                0x0000000020000308       0x38 ./Middlewares/ST/STM32_USB_Device_Library/Class/AUDIO/Src/usbd_audio.o
                0x0000000020000308                USBD_AUDIO
 .data.USBD_AUDIO_CfgDesc
                0x0000000020000340       0x6d ./Middlewares/ST/STM32_USB_Device_Library/Class/AUDIO/Src/usbd_audio.o
 *fill*         0x00000000200003ad        0x3 
 .data.USBD_AUDIO_DeviceQualifierDesc
                0x00000000200003b0        0xa ./Middlewares/ST/STM32_USB_Device_Library/Class/AUDIO/Src/usbd_audio.o
 *fill*         0x00000000200003ba        0x2 
 .data.USBD_MIDI
                0x00000000200003bc       0x38 ./Middlewares/ST/STM32_USB_Device_Library/Class/MIDI/Src/usbd_midi.o
                0x00000000200003bc                USBD_MIDI
 .data.USBD_MIDI_CfgDesc
                0x00000000200003f4       0x65 ./Middlewares/ST/STM32_USB_Device_Library/Class/MIDI/Src/usbd_midi.o
                0x00000000200003f4                USBD_MIDI_CfgDesc
 *fill*         0x0000000020000459        0x3 
 .data.USBD_AUDIO_fops_FS
                0x000000002000045c       0x1c ./USB_DEVICE/App/usbd_audio_if.o
                0x000000002000045c                USBD_AUDIO_fops_FS
 .data.FS_Desc  0x0000000020000478       0x20 ./USB_DEVICE/App/usbd_desc.o
                0x0000000020000478                FS_Desc
 .data.USBD_FS_DeviceDesc
                0x0000000020000498       0x12 ./USB_DEVICE/App/usbd_desc.o
                0x0000000020000498                USBD_FS_DeviceDesc
 *fill*         0x00000000200004aa        0x2 
 .data.USBD_FS_BOSDesc
                0x00000000200004ac        0xc ./USB_DEVICE/App/usbd_desc.o
                0x00000000200004ac                USBD_FS_BOSDesc
 .data.USBD_LangIDDesc
                0x00000000200004b8        0x4 ./USB_DEVICE/App/usbd_desc.o
                0x00000000200004b8                USBD_LangIDDesc
 .data.USBD_StringSerial
                0x00000000200004bc       0x1a ./USB_DEVICE/App/usbd_desc.o
                0x00000000200004bc                USBD_StringSerial
 *fill*         0x00000000200004d6        0x2 
 .data.SysexID  0x00000000200004d8        0xf ./USB_DEVICE/App/usbd_midi_if.o
                0x00000000200004d8                SysexID
 *fill*         0x00000000200004e7        0x1 
 .data.USBD_Interface_fops_FS
                0x00000000200004e8        0x8 ./USB_DEVICE/App/usbd_midi_if.o
                0x00000000200004e8                USBD_Interface_fops_FS
 *(.RamFunc)
 *(.RamFunc*)
                0x00000000200004f0                . = ALIGN (0x4)
                0x00000000200004f0                _edata = .

.igot.plt       0x00000000200004f0        0x0 load address 0x0000000008009960
 .igot.plt      0x00000000200004f0        0x0 c:/st/stm32cubeide_1.10.1/stm32cubeide/plugins/com.st.stm32cube.ide.mcu.externaltools.gnu-tools-for-stm32.10.3-2021.10.win32_1.0.0.202111181127/tools/bin/../lib/gcc/arm-none-eabi/10.3.1/thumb/v7e-m+fp/hard/crtbegin.o
                0x00000000200004f0                . = ALIGN (0x4)

.bss            0x00000000200004f0     0x2b0c load address 0x0000000008009960
                0x00000000200004f0                _sbss = .
                0x00000000200004f0                __bss_start__ = _sbss
 *(.bss)
 .bss           0x00000000200004f0       0x1c c:/st/stm32cubeide_1.10.1/stm32cubeide/plugins/com.st.stm32cube.ide.mcu.externaltools.gnu-tools-for-stm32.10.3-2021.10.win32_1.0.0.202111181127/tools/bin/../lib/gcc/arm-none-eabi/10.3.1/thumb/v7e-m+fp/hard/crtbegin.o
 *(.bss*)
 .bss.huart2    0x000000002000050c       0x84 ./Core/Src/main.o
                0x000000002000050c                huart2
 .bss.htim1     0x0000000020000590       0x4c ./Core/Src/stm32l4xx_hal_timebase_tim.o
                0x0000000020000590                htim1
 .bss.uwTick    0x00000000200005dc        0x4 ./Drivers/STM32L4xx_HAL_Driver/Src/stm32l4xx_hal.o
                0x00000000200005dc                uwTick
 .bss.timestamp1
                0x00000000200005e0      0x160 ./Fatar/fatar_port.o
 .bss.timestamp2
                0x0000000020000740      0x160 ./Fatar/fatar_port.o
 .bss.keyStatus
                0x00000000200008a0       0x58 ./Fatar/fatar_port.o
                0x00000000200008a0                keyStatus
 .bss.pInstance
                0x00000000200008f8        0x4 ./Middlewares/ST/STM32_USB_Device_Library/Class/MIDI/Src/usbd_midi.o
                0x00000000200008f8                pInstance
 .bss.APP_Rx_ptr_in
                0x00000000200008fc        0x4 ./Middlewares/ST/STM32_USB_Device_Library/Class/MIDI/Src/usbd_midi.o
                0x00000000200008fc                APP_Rx_ptr_in
 .bss.APP_Rx_ptr_out
                0x0000000020000900        0x4 ./Middlewares/ST/STM32_USB_Device_Library/Class/MIDI/Src/usbd_midi.o
                0x0000000020000900                APP_Rx_ptr_out
 .bss.APP_Rx_length
                0x0000000020000904        0x4 ./Middlewares/ST/STM32_USB_Device_Library/Class/MIDI/Src/usbd_midi.o
                0x0000000020000904                APP_Rx_length
 .bss.USB_Tx_State
                0x0000000020000908        0x1 ./Middlewares/ST/STM32_USB_Device_Library/Class/MIDI/Src/usbd_midi.o
                0x0000000020000908                USB_Tx_State
 *fill*         0x0000000020000909        0x3 
 .bss.USB_Rx_Buffer
                0x000000002000090c       0x40 ./Middlewares/ST/STM32_USB_Device_Library/Class/MIDI/Src/usbd_midi.o
                0x000000002000090c                USB_Rx_Buffer
 .bss.APP_Rx_Buffer
                0x000000002000094c      0x100 ./Middlewares/ST/STM32_USB_Device_Library/Class/MIDI/Src/usbd_midi.o
                0x000000002000094c                APP_Rx_Buffer
 .bss.cfgidx.0  0x0000000020000a4c        0x1 ./Middlewares/ST/STM32_USB_Device_Library/Core/Src/usbd_ctlreq.o
 *fill*         0x0000000020000a4d        0x3 
 .bss.hUsbDeviceFS
                0x0000000020000a50      0x2d0 ./USB_DEVICE/App/usb_device.o
                0x0000000020000a50                hUsbDeviceFS
 .bss.USBD_StrDesc
                0x0000000020000d20      0x200 ./USB_DEVICE/App/usbd_desc.o
                0x0000000020000d20                USBD_StrDesc
 .bss.hpcd_USB_OTG_FS
                0x0000000020000f20      0x50c ./USB_DEVICE/Target/usbd_conf.o
                0x0000000020000f20                hpcd_USB_OTG_FS
 .bss.mem.0     0x000000002000142c     0x1bd0 ./USB_DEVICE/Target/usbd_conf.o
 *(COMMON)
                0x0000000020002ffc                . = ALIGN (0x4)
                0x0000000020002ffc                _ebss = .
                0x0000000020002ffc                __bss_end__ = _ebss

._user_heap_stack
                0x0000000020002ffc      0x604 load address 0x0000000008009960
                0x0000000020003000                . = ALIGN (0x8)
 *fill*         0x0000000020002ffc        0x4 
                [!provide]                        PROVIDE (end = .)
                0x0000000020003000                PROVIDE (_end = .)
                0x0000000020003200                . = (. + _Min_Heap_Size)
 *fill*         0x0000000020003000      0x200 
                0x0000000020003600                . = (. + _Min_Stack_Size)
 *fill*         0x0000000020003200      0x400 
                0x0000000020003600                . = ALIGN (0x8)

/DISCARD/
 libc.a(*)
 libm.a(*)
 libgcc.a(*)

.ARM.attributes
                0x0000000000000000       0x30
 *(.ARM.attributes)
 .ARM.attributes
                0x0000000000000000       0x1e c:/st/stm32cubeide_1.10.1/stm32cubeide/plugins/com.st.stm32cube.ide.mcu.externaltools.gnu-tools-for-stm32.10.3-2021.10.win32_1.0.0.202111181127/tools/bin/../lib/gcc/arm-none-eabi/10.3.1/thumb/v7e-m+fp/hard/crti.o
 .ARM.attributes
                0x000000000000001e       0x34 c:/st/stm32cubeide_1.10.1/stm32cubeide/plugins/com.st.stm32cube.ide.mcu.externaltools.gnu-tools-for-stm32.10.3-2021.10.win32_1.0.0.202111181127/tools/bin/../lib/gcc/arm-none-eabi/10.3.1/thumb/v7e-m+fp/hard/crtbegin.o
 .ARM.attributes
                0x0000000000000052       0x34 ./Core/Src/main.o
 .ARM.attributes
                0x0000000000000086       0x34 ./Core/Src/stm32l4xx_hal_msp.o
 .ARM.attributes
                0x00000000000000ba       0x34 ./Core/Src/stm32l4xx_hal_timebase_tim.o
 .ARM.attributes
                0x00000000000000ee       0x34 ./Core/Src/stm32l4xx_it.o
 .ARM.attributes
                0x0000000000000122       0x34 ./Core/Src/system_stm32l4xx.o
 .ARM.attributes
                0x0000000000000156       0x21 ./Core/Startup/startup_stm32l476rgtx.o
 .ARM.attributes
                0x0000000000000177       0x34 ./Drivers/STM32L4xx_HAL_Driver/Src/stm32l4xx_hal.o
 .ARM.attributes
                0x00000000000001ab       0x34 ./Drivers/STM32L4xx_HAL_Driver/Src/stm32l4xx_hal_cortex.o
 .ARM.attributes
                0x00000000000001df       0x34 ./Drivers/STM32L4xx_HAL_Driver/Src/stm32l4xx_hal_gpio.o
 .ARM.attributes
                0x0000000000000213       0x34 ./Drivers/STM32L4xx_HAL_Driver/Src/stm32l4xx_hal_pcd.o
 .ARM.attributes
                0x0000000000000247       0x34 ./Drivers/STM32L4xx_HAL_Driver/Src/stm32l4xx_hal_pcd_ex.o
 .ARM.attributes
                0x000000000000027b       0x34 ./Drivers/STM32L4xx_HAL_Driver/Src/stm32l4xx_hal_pwr_ex.o
 .ARM.attributes
                0x00000000000002af       0x34 ./Drivers/STM32L4xx_HAL_Driver/Src/stm32l4xx_hal_rcc.o
 .ARM.attributes
                0x00000000000002e3       0x34 ./Drivers/STM32L4xx_HAL_Driver/Src/stm32l4xx_hal_rcc_ex.o
 .ARM.attributes
                0x0000000000000317       0x34 ./Drivers/STM32L4xx_HAL_Driver/Src/stm32l4xx_hal_tim.o
 .ARM.attributes
                0x000000000000034b       0x34 ./Drivers/STM32L4xx_HAL_Driver/Src/stm32l4xx_hal_tim_ex.o
 .ARM.attributes
                0x000000000000037f       0x34 ./Drivers/STM32L4xx_HAL_Driver/Src/stm32l4xx_hal_uart.o
 .ARM.attributes
                0x00000000000003b3       0x34 ./Drivers/STM32L4xx_HAL_Driver/Src/stm32l4xx_ll_usb.o
 .ARM.attributes
                0x00000000000003e7       0x34 ./Fatar/fatar_port.o
 .ARM.attributes
                0x000000000000041b       0x34 ./MIDI/src/midi.o
 .ARM.attributes
                0x000000000000044f       0x34 ./MIDI/src/midi_port.o
 .ARM.attributes
                0x0000000000000483       0x34 ./MIDI/src/usbmidi.o
 .ARM.attributes
                0x00000000000004b7       0x34 ./Middlewares/ST/STM32_USB_Device_Library/Class/AUDIO/Src/usbd_audio.o
 .ARM.attributes
                0x00000000000004eb       0x34 ./Middlewares/ST/STM32_USB_Device_Library/Class/MIDI/Src/usbd_midi.o
 .ARM.attributes
                0x000000000000051f       0x34 ./Middlewares/ST/STM32_USB_Device_Library/Core/Src/usbd_core.o
 .ARM.attributes
                0x0000000000000553       0x34 ./Middlewares/ST/STM32_USB_Device_Library/Core/Src/usbd_ctlreq.o
 .ARM.attributes
                0x0000000000000587       0x34 ./Middlewares/ST/STM32_USB_Device_Library/Core/Src/usbd_ioreq.o
 .ARM.attributes
                0x00000000000005bb       0x34 ./USB_DEVICE/App/usb_device.o
 .ARM.attributes
                0x00000000000005ef       0x34 ./USB_DEVICE/App/usbd_audio_if.o
 .ARM.attributes
                0x0000000000000623       0x34 ./USB_DEVICE/App/usbd_desc.o
 .ARM.attributes
                0x0000000000000657       0x34 ./USB_DEVICE/App/usbd_midi_if.o
 .ARM.attributes
                0x000000000000068b       0x34 ./USB_DEVICE/Target/usbd_conf.o
 .ARM.attributes
                0x00000000000006bf       0x34 c:/st/stm32cubeide_1.10.1/stm32cubeide/plugins/com.st.stm32cube.ide.mcu.externaltools.gnu-tools-for-stm32.10.3-2021.10.win32_1.0.0.202111181127/tools/bin/../lib/gcc/arm-none-eabi/10.3.1/../../../../arm-none-eabi/lib/thumb/v7e-m+fp/hard\libc_nano.a(lib_a-init.o)
 .ARM.attributes
                0x00000000000006f3       0x34 c:/st/stm32cubeide_1.10.1/stm32cubeide/plugins/com.st.stm32cube.ide.mcu.externaltools.gnu-tools-for-stm32.10.3-2021.10.win32_1.0.0.202111181127/tools/bin/../lib/gcc/arm-none-eabi/10.3.1/../../../../arm-none-eabi/lib/thumb/v7e-m+fp/hard\libc_nano.a(lib_a-memset.o)
 .ARM.attributes
                0x0000000000000727       0x1e c:/st/stm32cubeide_1.10.1/stm32cubeide/plugins/com.st.stm32cube.ide.mcu.externaltools.gnu-tools-for-stm32.10.3-2021.10.win32_1.0.0.202111181127/tools/bin/../lib/gcc/arm-none-eabi/10.3.1/thumb/v7e-m+fp/hard\libgcc.a(_aeabi_uldivmod.o)
 .ARM.attributes
                0x0000000000000745       0x34 c:/st/stm32cubeide_1.10.1/stm32cubeide/plugins/com.st.stm32cube.ide.mcu.externaltools.gnu-tools-for-stm32.10.3-2021.10.win32_1.0.0.202111181127/tools/bin/../lib/gcc/arm-none-eabi/10.3.1/thumb/v7e-m+fp/hard\libgcc.a(_udivmoddi4.o)
 .ARM.attributes
                0x0000000000000779       0x1e c:/st/stm32cubeide_1.10.1/stm32cubeide/plugins/com.st.stm32cube.ide.mcu.externaltools.gnu-tools-for-stm32.10.3-2021.10.win32_1.0.0.202111181127/tools/bin/../lib/gcc/arm-none-eabi/10.3.1/thumb/v7e-m+fp/hard\libgcc.a(_dvmd_tls.o)
 .ARM.attributes
                0x0000000000000797       0x1e c:/st/stm32cubeide_1.10.1/stm32cubeide/plugins/com.st.stm32cube.ide.mcu.externaltools.gnu-tools-for-stm32.10.3-2021.10.win32_1.0.0.202111181127/tools/bin/../lib/gcc/arm-none-eabi/10.3.1/thumb/v7e-m+fp/hard/crtn.o
OUTPUT(hoatzin.elf elf32-littlearm)
LOAD linker stubs
LOAD c:/st/stm32cubeide_1.10.1/stm32cubeide/plugins/com.st.stm32cube.ide.mcu.externaltools.gnu-tools-for-stm32.10.3-2021.10.win32_1.0.0.202111181127/tools/bin/../lib/gcc/arm-none-eabi/10.3.1/../../../../arm-none-eabi/lib/thumb/v7e-m+fp/hard\libc.a
LOAD c:/st/stm32cubeide_1.10.1/stm32cubeide/plugins/com.st.stm32cube.ide.mcu.externaltools.gnu-tools-for-stm32.10.3-2021.10.win32_1.0.0.202111181127/tools/bin/../lib/gcc/arm-none-eabi/10.3.1/../../../../arm-none-eabi/lib/thumb/v7e-m+fp/hard\libm.a
LOAD c:/st/stm32cubeide_1.10.1/stm32cubeide/plugins/com.st.stm32cube.ide.mcu.externaltools.gnu-tools-for-stm32.10.3-2021.10.win32_1.0.0.202111181127/tools/bin/../lib/gcc/arm-none-eabi/10.3.1/thumb/v7e-m+fp/hard\libgcc.a

.debug_info     0x0000000000000000    0x1fbb5
 .debug_info    0x0000000000000000     0x1486 ./Core/Src/main.o
 .debug_info    0x0000000000001486      0xd57 ./Core/Src/stm32l4xx_hal_msp.o
 .debug_info    0x00000000000021dd      0xcd0 ./Core/Src/stm32l4xx_hal_timebase_tim.o
 .debug_info    0x0000000000002ead      0xcd4 ./Core/Src/stm32l4xx_it.o
 .debug_info    0x0000000000003b81      0x5c6 ./Core/Src/system_stm32l4xx.o
 .debug_info    0x0000000000004147       0x22 ./Core/Startup/startup_stm32l476rgtx.o
 .debug_info    0x0000000000004169      0xb35 ./Drivers/STM32L4xx_HAL_Driver/Src/stm32l4xx_hal.o
 .debug_info    0x0000000000004c9e      0xe21 ./Drivers/STM32L4xx_HAL_Driver/Src/stm32l4xx_hal_cortex.o
 .debug_info    0x0000000000005abf      0x821 ./Drivers/STM32L4xx_HAL_Driver/Src/stm32l4xx_hal_gpio.o
 .debug_info    0x00000000000062e0     0x1609 ./Drivers/STM32L4xx_HAL_Driver/Src/stm32l4xx_hal_pcd.o
 .debug_info    0x00000000000078e9      0x8e6 ./Drivers/STM32L4xx_HAL_Driver/Src/stm32l4xx_hal_pcd_ex.o
 .debug_info    0x00000000000081cf      0x9f0 ./Drivers/STM32L4xx_HAL_Driver/Src/stm32l4xx_hal_pwr_ex.o
 .debug_info    0x0000000000008bbf      0xced ./Drivers/STM32L4xx_HAL_Driver/Src/stm32l4xx_hal_rcc.o
 .debug_info    0x00000000000098ac      0xe92 ./Drivers/STM32L4xx_HAL_Driver/Src/stm32l4xx_hal_rcc_ex.o
 .debug_info    0x000000000000a73e     0x2d04 ./Drivers/STM32L4xx_HAL_Driver/Src/stm32l4xx_hal_tim.o
 .debug_info    0x000000000000d442     0x17eb ./Drivers/STM32L4xx_HAL_Driver/Src/stm32l4xx_hal_tim_ex.o
 .debug_info    0x000000000000ec2d     0x3d0e ./Drivers/STM32L4xx_HAL_Driver/Src/stm32l4xx_hal_uart.o
 .debug_info    0x000000000001293b     0x1ac6 ./Drivers/STM32L4xx_HAL_Driver/Src/stm32l4xx_ll_usb.o
 .debug_info    0x0000000000014401      0x977 ./Fatar/fatar_port.o
 .debug_info    0x0000000000014d78     0x1838 ./MIDI/src/midi.o
 .debug_info    0x00000000000165b0      0x93c ./MIDI/src/midi_port.o
 .debug_info    0x0000000000016eec     0x1a6b ./MIDI/src/usbmidi.o
 .debug_info    0x0000000000018957      0xd7b ./Middlewares/ST/STM32_USB_Device_Library/Class/AUDIO/Src/usbd_audio.o
 .debug_info    0x00000000000196d2      0xe24 ./Middlewares/ST/STM32_USB_Device_Library/Class/MIDI/Src/usbd_midi.o
 .debug_info    0x000000000001a4f6      0xbcd ./Middlewares/ST/STM32_USB_Device_Library/Core/Src/usbd_core.o
 .debug_info    0x000000000001b0c3      0xae0 ./Middlewares/ST/STM32_USB_Device_Library/Core/Src/usbd_ctlreq.o
 .debug_info    0x000000000001bba3      0x78f ./Middlewares/ST/STM32_USB_Device_Library/Core/Src/usbd_ioreq.o
 .debug_info    0x000000000001c332      0x7c6 ./USB_DEVICE/App/usb_device.o
 .debug_info    0x000000000001caf8      0x890 ./USB_DEVICE/App/usbd_audio_if.o
 .debug_info    0x000000000001d388      0x503 ./USB_DEVICE/App/usbd_desc.o
 .debug_info    0x000000000001d88b      0x26f ./USB_DEVICE/App/usbd_midi_if.o
 .debug_info    0x000000000001dafa     0x20bb ./USB_DEVICE/Target/usbd_conf.o

.debug_abbrev   0x0000000000000000     0x4444
 .debug_abbrev  0x0000000000000000      0x388 ./Core/Src/main.o
 .debug_abbrev  0x0000000000000388      0x1c5 ./Core/Src/stm32l4xx_hal_msp.o
 .debug_abbrev  0x000000000000054d      0x1e6 ./Core/Src/stm32l4xx_hal_timebase_tim.o
 .debug_abbrev  0x0000000000000733      0x1d5 ./Core/Src/stm32l4xx_it.o
 .debug_abbrev  0x0000000000000908      0x116 ./Core/Src/system_stm32l4xx.o
 .debug_abbrev  0x0000000000000a1e       0x12 ./Core/Startup/startup_stm32l476rgtx.o
 .debug_abbrev  0x0000000000000a30      0x23a ./Drivers/STM32L4xx_HAL_Driver/Src/stm32l4xx_hal.o
 .debug_abbrev  0x0000000000000c6a      0x316 ./Drivers/STM32L4xx_HAL_Driver/Src/stm32l4xx_hal_cortex.o
 .debug_abbrev  0x0000000000000f80      0x1bb ./Drivers/STM32L4xx_HAL_Driver/Src/stm32l4xx_hal_gpio.o
 .debug_abbrev  0x000000000000113b      0x2b4 ./Drivers/STM32L4xx_HAL_Driver/Src/stm32l4xx_hal_pcd.o
 .debug_abbrev  0x00000000000013ef      0x24a ./Drivers/STM32L4xx_HAL_Driver/Src/stm32l4xx_hal_pcd_ex.o
 .debug_abbrev  0x0000000000001639      0x1f3 ./Drivers/STM32L4xx_HAL_Driver/Src/stm32l4xx_hal_pwr_ex.o
 .debug_abbrev  0x000000000000182c      0x2bd ./Drivers/STM32L4xx_HAL_Driver/Src/stm32l4xx_hal_rcc.o
 .debug_abbrev  0x0000000000001ae9      0x299 ./Drivers/STM32L4xx_HAL_Driver/Src/stm32l4xx_hal_rcc_ex.o
 .debug_abbrev  0x0000000000001d82      0x264 ./Drivers/STM32L4xx_HAL_Driver/Src/stm32l4xx_hal_tim.o
 .debug_abbrev  0x0000000000001fe6      0x26c ./Drivers/STM32L4xx_HAL_Driver/Src/stm32l4xx_hal_tim_ex.o
 .debug_abbrev  0x0000000000002252      0x2bc ./Drivers/STM32L4xx_HAL_Driver/Src/stm32l4xx_hal_uart.o
 .debug_abbrev  0x000000000000250e      0x296 ./Drivers/STM32L4xx_HAL_Driver/Src/stm32l4xx_ll_usb.o
 .debug_abbrev  0x00000000000027a4      0x25d ./Fatar/fatar_port.o
 .debug_abbrev  0x0000000000002a01      0x14e ./MIDI/src/midi.o
 .debug_abbrev  0x0000000000002b4f      0x1f6 ./MIDI/src/midi_port.o
 .debug_abbrev  0x0000000000002d45      0x141 ./MIDI/src/usbmidi.o
 .debug_abbrev  0x0000000000002e86      0x2c9 ./Middlewares/ST/STM32_USB_Device_Library/Class/AUDIO/Src/usbd_audio.o
 .debug_abbrev  0x000000000000314f      0x285 ./Middlewares/ST/STM32_USB_Device_Library/Class/MIDI/Src/usbd_midi.o
 .debug_abbrev  0x00000000000033d4      0x23d ./Middlewares/ST/STM32_USB_Device_Library/Core/Src/usbd_core.o
 .debug_abbrev  0x0000000000003611      0x26d ./Middlewares/ST/STM32_USB_Device_Library/Core/Src/usbd_ctlreq.o
 .debug_abbrev  0x000000000000387e      0x19b ./Middlewares/ST/STM32_USB_Device_Library/Core/Src/usbd_ioreq.o
 .debug_abbrev  0x0000000000003a19      0x1aa ./USB_DEVICE/App/usb_device.o
 .debug_abbrev  0x0000000000003bc3      0x203 ./USB_DEVICE/App/usbd_audio_if.o
 .debug_abbrev  0x0000000000003dc6      0x1da ./USB_DEVICE/App/usbd_desc.o
 .debug_abbrev  0x0000000000003fa0      0x16d ./USB_DEVICE/App/usbd_midi_if.o
 .debug_abbrev  0x000000000000410d      0x337 ./USB_DEVICE/Target/usbd_conf.o

.debug_aranges  0x0000000000000000     0x1b58
 .debug_aranges
                0x0000000000000000       0x58 ./Core/Src/main.o
 .debug_aranges
                0x0000000000000058       0x30 ./Core/Src/stm32l4xx_hal_msp.o
 .debug_aranges
                0x0000000000000088       0x30 ./Core/Src/stm32l4xx_hal_timebase_tim.o
 .debug_aranges
                0x00000000000000b8       0x70 ./Core/Src/stm32l4xx_it.o
 .debug_aranges
                0x0000000000000128       0x28 ./Core/Src/system_stm32l4xx.o
 .debug_aranges
                0x0000000000000150       0x28 ./Core/Startup/startup_stm32l476rgtx.o
 .debug_aranges
                0x0000000000000178      0x130 ./Drivers/STM32L4xx_HAL_Driver/Src/stm32l4xx_hal.o
 .debug_aranges
                0x00000000000002a8      0x118 ./Drivers/STM32L4xx_HAL_Driver/Src/stm32l4xx_hal_cortex.o
 .debug_aranges
                0x00000000000003c0       0x58 ./Drivers/STM32L4xx_HAL_Driver/Src/stm32l4xx_hal_gpio.o
 .debug_aranges
                0x0000000000000418      0x138 ./Drivers/STM32L4xx_HAL_Driver/Src/stm32l4xx_hal_pcd.o
 .debug_aranges
                0x0000000000000550       0x60 ./Drivers/STM32L4xx_HAL_Driver/Src/stm32l4xx_hal_pcd_ex.o
 .debug_aranges
                0x00000000000005b0      0x160 ./Drivers/STM32L4xx_HAL_Driver/Src/stm32l4xx_hal_pwr_ex.o
 .debug_aranges
                0x0000000000000710       0x90 ./Drivers/STM32L4xx_HAL_Driver/Src/stm32l4xx_hal_rcc.o
 .debug_aranges
                0x00000000000007a0       0xc0 ./Drivers/STM32L4xx_HAL_Driver/Src/stm32l4xx_hal_rcc_ex.o
 .debug_aranges
                0x0000000000000860      0x3e0 ./Drivers/STM32L4xx_HAL_Driver/Src/stm32l4xx_hal_tim.o
 .debug_aranges
                0x0000000000000c40      0x180 ./Drivers/STM32L4xx_HAL_Driver/Src/stm32l4xx_hal_tim_ex.o
 .debug_aranges
                0x0000000000000dc0      0x228 ./Drivers/STM32L4xx_HAL_Driver/Src/stm32l4xx_hal_uart.o
 .debug_aranges
                0x0000000000000fe8      0x1a0 ./Drivers/STM32L4xx_HAL_Driver/Src/stm32l4xx_ll_usb.o
 .debug_aranges
                0x0000000000001188       0x60 ./Fatar/fatar_port.o
 .debug_aranges
                0x00000000000011e8      0x238 ./MIDI/src/midi.o
 .debug_aranges
                0x0000000000001420       0x38 ./MIDI/src/midi_port.o
 .debug_aranges
                0x0000000000001458      0x258 ./MIDI/src/usbmidi.o
 .debug_aranges
                0x00000000000016b0       0x98 ./Middlewares/ST/STM32_USB_Device_Library/Class/AUDIO/Src/usbd_audio.o
 .debug_aranges
                0x0000000000001748       0x50 ./Middlewares/ST/STM32_USB_Device_Library/Class/MIDI/Src/usbd_midi.o
 .debug_aranges
                0x0000000000001798       0xb8 ./Middlewares/ST/STM32_USB_Device_Library/Core/Src/usbd_core.o
 .debug_aranges
                0x0000000000001850       0x90 ./Middlewares/ST/STM32_USB_Device_Library/Core/Src/usbd_ctlreq.o
 .debug_aranges
                0x00000000000018e0       0x50 ./Middlewares/ST/STM32_USB_Device_Library/Core/Src/usbd_ioreq.o
 .debug_aranges
                0x0000000000001930       0x20 ./USB_DEVICE/App/usb_device.o
 .debug_aranges
                0x0000000000001950       0x60 ./USB_DEVICE/App/usbd_audio_if.o
 .debug_aranges
                0x00000000000019b0       0x68 ./USB_DEVICE/App/usbd_desc.o
 .debug_aranges
                0x0000000000001a18       0x28 ./USB_DEVICE/App/usbd_midi_if.o
 .debug_aranges
                0x0000000000001a40      0x118 ./USB_DEVICE/Target/usbd_conf.o

.debug_ranges   0x0000000000000000     0x1990
 .debug_ranges  0x0000000000000000       0x48 ./Core/Src/main.o
 .debug_ranges  0x0000000000000048       0x20 ./Core/Src/stm32l4xx_hal_msp.o
 .debug_ranges  0x0000000000000068       0x20 ./Core/Src/stm32l4xx_hal_timebase_tim.o
 .debug_ranges  0x0000000000000088       0x60 ./Core/Src/stm32l4xx_it.o
 .debug_ranges  0x00000000000000e8       0x18 ./Core/Src/system_stm32l4xx.o
 .debug_ranges  0x0000000000000100       0x20 ./Core/Startup/startup_stm32l476rgtx.o
 .debug_ranges  0x0000000000000120      0x120 ./Drivers/STM32L4xx_HAL_Driver/Src/stm32l4xx_hal.o
 .debug_ranges  0x0000000000000240      0x108 ./Drivers/STM32L4xx_HAL_Driver/Src/stm32l4xx_hal_cortex.o
 .debug_ranges  0x0000000000000348       0x48 ./Drivers/STM32L4xx_HAL_Driver/Src/stm32l4xx_hal_gpio.o
 .debug_ranges  0x0000000000000390      0x128 ./Drivers/STM32L4xx_HAL_Driver/Src/stm32l4xx_hal_pcd.o
 .debug_ranges  0x00000000000004b8       0x50 ./Drivers/STM32L4xx_HAL_Driver/Src/stm32l4xx_hal_pcd_ex.o
 .debug_ranges  0x0000000000000508      0x150 ./Drivers/STM32L4xx_HAL_Driver/Src/stm32l4xx_hal_pwr_ex.o
 .debug_ranges  0x0000000000000658       0x80 ./Drivers/STM32L4xx_HAL_Driver/Src/stm32l4xx_hal_rcc.o
 .debug_ranges  0x00000000000006d8       0xb0 ./Drivers/STM32L4xx_HAL_Driver/Src/stm32l4xx_hal_rcc_ex.o
 .debug_ranges  0x0000000000000788      0x3d0 ./Drivers/STM32L4xx_HAL_Driver/Src/stm32l4xx_hal_tim.o
 .debug_ranges  0x0000000000000b58      0x170 ./Drivers/STM32L4xx_HAL_Driver/Src/stm32l4xx_hal_tim_ex.o
 .debug_ranges  0x0000000000000cc8      0x248 ./Drivers/STM32L4xx_HAL_Driver/Src/stm32l4xx_hal_uart.o
 .debug_ranges  0x0000000000000f10      0x190 ./Drivers/STM32L4xx_HAL_Driver/Src/stm32l4xx_ll_usb.o
 .debug_ranges  0x00000000000010a0       0x50 ./Fatar/fatar_port.o
 .debug_ranges  0x00000000000010f0      0x228 ./MIDI/src/midi.o
 .debug_ranges  0x0000000000001318       0x28 ./MIDI/src/midi_port.o
 .debug_ranges  0x0000000000001340      0x248 ./MIDI/src/usbmidi.o
 .debug_ranges  0x0000000000001588       0x88 ./Middlewares/ST/STM32_USB_Device_Library/Class/AUDIO/Src/usbd_audio.o
 .debug_ranges  0x0000000000001610       0x40 ./Middlewares/ST/STM32_USB_Device_Library/Class/MIDI/Src/usbd_midi.o
 .debug_ranges  0x0000000000001650       0xa8 ./Middlewares/ST/STM32_USB_Device_Library/Core/Src/usbd_core.o
 .debug_ranges  0x00000000000016f8       0x80 ./Middlewares/ST/STM32_USB_Device_Library/Core/Src/usbd_ctlreq.o
 .debug_ranges  0x0000000000001778       0x40 ./Middlewares/ST/STM32_USB_Device_Library/Core/Src/usbd_ioreq.o
 .debug_ranges  0x00000000000017b8       0x10 ./USB_DEVICE/App/usb_device.o
 .debug_ranges  0x00000000000017c8       0x50 ./USB_DEVICE/App/usbd_audio_if.o
 .debug_ranges  0x0000000000001818       0x58 ./USB_DEVICE/App/usbd_desc.o
 .debug_ranges  0x0000000000001870       0x18 ./USB_DEVICE/App/usbd_midi_if.o
 .debug_ranges  0x0000000000001888      0x108 ./USB_DEVICE/Target/usbd_conf.o

.debug_macro    0x0000000000000000    0x2bbfe
 .debug_macro   0x0000000000000000      0x48c ./Core/Src/main.o
 .debug_macro   0x000000000000048c      0xa78 ./Core/Src/main.o
 .debug_macro   0x0000000000000f04      0x1b3 ./Core/Src/main.o
 .debug_macro   0x00000000000010b7       0x2e ./Core/Src/main.o
 .debug_macro   0x00000000000010e5       0x28 ./Core/Src/main.o
 .debug_macro   0x000000000000110d       0x22 ./Core/Src/main.o
 .debug_macro   0x000000000000112f       0x8e ./Core/Src/main.o
 .debug_macro   0x00000000000011bd       0x51 ./Core/Src/main.o
 .debug_macro   0x000000000000120e      0x103 ./Core/Src/main.o
 .debug_macro   0x0000000000001311       0x6a ./Core/Src/main.o
 .debug_macro   0x000000000000137b      0x1df ./Core/Src/main.o
 .debug_macro   0x000000000000155a       0x1c ./Core/Src/main.o
 .debug_macro   0x0000000000001576       0x22 ./Core/Src/main.o
 .debug_macro   0x0000000000001598       0xfb ./Core/Src/main.o
 .debug_macro   0x0000000000001693     0x1011 ./Core/Src/main.o
 .debug_macro   0x00000000000026a4      0x11f ./Core/Src/main.o
 .debug_macro   0x00000000000027c3    0x1a17a ./Core/Src/main.o
 .debug_macro   0x000000000001c93d       0x6d ./Core/Src/main.o
 .debug_macro   0x000000000001c9aa     0x38e6 ./Core/Src/main.o
 .debug_macro   0x0000000000020290      0x174 ./Core/Src/main.o
 .debug_macro   0x0000000000020404       0x5c ./Core/Src/main.o