../MIDI/src/midi.c:11:10:midi_note_off	24	static
../MIDI/src/midi.c:18:10:midi_note_on	24	static
../MIDI/src/midi.c:25:10:midi_polyphonic_key_pressure	24	static
../MIDI/src/midi.c:32:10:midi_control_change	24	static
../MIDI/src/midi.c:39:10:midi_program_change	24	static
../MIDI/src/midi.c:45:10:midi_channel_pressure	24	static
../MIDI/src/midi.c:51:10:midi_pitch_bend_change	24	static
../MIDI/src/midi.c:61:10:midi_control_bankSelect	16	static
../MIDI/src/midi.c:65:10:midi_control_modulationWheel	16	static
../MIDI/src/midi.c:69:10:midi_control_breathController	16	static
../MIDI/src/midi.c:73:10:midi_control_footController	16	static
../MIDI/src/midi.c:77:10:midi_control_portamentoTime	16	static
../MIDI/src/midi.c:81:10:midi_control_dataEntry	16	static
../MIDI/src/midi.c:85:10:midi_control_channelVolume	16	static
../MIDI/src/midi.c:89:10:midi_control_balance	16	static
../MIDI/src/midi.c:93:10:midi_control_pan	16	static
../MIDI/src/midi.c:97:10:midi_control_expression	16	static
../MIDI/src/midi.c:101:10:midi_control_effect_1	16	static
../MIDI/src/midi.c:105:10:midi_control_effect_2	16	static
../MIDI/src/midi.c:109:10:midi_control_generalPurpose_1	16	static
../MIDI/src/midi.c:113:10:midi_control_generalPurpose_2	16	static
../MIDI/src/midi.c:117:10:midi_control_generalPurpose_3	16	static
../MIDI/src/midi.c:121:10:midi_control_generalPurpose_4	16	static
../MIDI/src/midi.c:131:10:midi_damperPedal	16	static
../MIDI/src/midi.c:134:10:midi_portamento	16	static
../MIDI/src/midi.c:137:10:midi_sostenuto	16	static
../MIDI/src/midi.c:140:10:midi_softPedal	16	static
../MIDI/src/midi.c:143:10:midi_legatoFootswitch	16	static
../MIDI/src/midi.c:146:10:midi_hold_2	16	static
../MIDI/src/midi.c:153:10:midi_soundController_1_soundVariation	16	static
../MIDI/src/midi.c:156:10:midi_soundController_2_timbre	16	static
../MIDI/src/midi.c:159:10:midi_soundController_3_releaseTime	16	static
../MIDI/src/midi.c:162:10:midi_soundController_4_attackTime	16	static
../MIDI/src/midi.c:165:10:midi_soundController_5_brightness	16	static
../MIDI/src/midi.c:168:10:midi_soundController_6_decayTime	16	static
../MIDI/src/midi.c:171:10:midi_soundController_1_VibratoRate	16	static
../MIDI/src/midi.c:174:10:midi_soundController_1_VibratoDepth	16	static
../MIDI/src/midi.c:177:10:midi_soundController_1_VibratoDelay	16	static
../MIDI/src/midi.c:181:10:midi_control_generalPurpose_5	16	static
../MIDI/src/midi.c:184:10:midi_control_generalPurpose_6	16	static
../MIDI/src/midi.c:187:10:midi_control_generalPurpose_7	16	static
../MIDI/src/midi.c:190:10:midi_control_generalPurpose_8	16	static
../MIDI/src/midi.c:194:10:midi_control_portamentoControl	16	static
../MIDI/src/midi.c:197:10:midi_control_highResVelocityPrefix	16	static
../MIDI/src/midi.c:202:10:midi_control_effect_1_depth	16	static
../MIDI/src/midi.c:205:10:midi_control_effect_2_depth	16	static
../MIDI/src/midi.c:208:10:midi_control_effect_3_depth	16	static
../MIDI/src/midi.c:211:10:midi_control_effect_4_depth	16	static
../MIDI/src/midi.c:214:10:midi_control_effect_5_depth	16	static
../MIDI/src/midi.c:218:10:midi_dataIncrement	16	static
../MIDI/src/midi.c:221:10:midi_dataDecrement	16	static
../MIDI/src/midi.c:226:10:midi_NRPN	16	static
../MIDI/src/midi.c:230:10:midi_RPN	16	static
../MIDI/src/midi.c:235:10:midi_mode_allSoundOff	16	static
../MIDI/src/midi.c:238:10:midi_mode_resetAllControllers	16	static
../MIDI/src/midi.c:241:10:midi_mode_localControl	16	static
../MIDI/src/midi.c:244:10:midi_mode_allNotesOff	16	static
../MIDI/src/midi.c:247:10:midi_mode_OMNI_Off	16	static
../MIDI/src/midi.c:250:10:midi_mode_OMNI_On	16	static
../MIDI/src/midi.c:253:10:midi_mode_mono_On	16	static
../MIDI/src/midi.c:256:10:midi_mode_poly_On	16	static
../MIDI/src/midi.c:260:10:midi_pitch_bend_sensitivity	16	static
../MIDI/src/midi.c:261:10:midi_channelFineTuning	16	static
../MIDI/src/midi.c:262:10:midi_channelCoarseTuning	16	static
../MIDI/src/midi.c:263:10:midi_tuningProgramChange	16	static
../MIDI/src/midi.c:264:10:midi_tuningPBankSelect	16	static
../MIDI/src/midi.c:265:10:midi_tuningModulationDepthRange	16	static
../MIDI/src/midi.c:266:10:midi_MPEconfigMessage	16	static
