../MIDI/src/usbmidi.c:14:10:usbmidi_note_off	32	static
../MIDI/src/usbmidi.c:24:10:usbmidi_note_on	32	static
../MIDI/src/usbmidi.c:33:10:usbmidi_polyphonic_key_pressure	32	static
../MIDI/src/usbmidi.c:42:10:usbmidi_control_change	32	static
../MIDI/src/usbmidi.c:51:10:usbmidi_program_change	32	static
../MIDI/src/usbmidi.c:58:10:usbmidi_channel_pressure	32	static
../MIDI/src/usbmidi.c:66:10:usbmidi_pitch_bend_change	32	static
../MIDI/src/usbmidi.c:80:10:usbmidi_control_bankSelect	16	static
../MIDI/src/usbmidi.c:81:10:usbmidi_control_modulationWheel	16	static
../MIDI/src/usbmidi.c:82:10:usbmidi_control_breathController	16	static
../MIDI/src/usbmidi.c:83:10:usbmidi_control_footController	16	static
../MIDI/src/usbmidi.c:84:10:usbmidi_control_portamentoTime	16	static
../MIDI/src/usbmidi.c:85:10:usbmidi_control_dataEntry	16	static
../MIDI/src/usbmidi.c:86:10:usbmidi_control_channelVolume	16	static
../MIDI/src/usbmidi.c:87:10:usbmidi_control_balance	16	static
../MIDI/src/usbmidi.c:88:10:usbmidi_control_pan	16	static
../MIDI/src/usbmidi.c:89:10:usbmidi_control_expression	16	static
../MIDI/src/usbmidi.c:90:10:usbmidi_control_effect_1	16	static
../MIDI/src/usbmidi.c:91:10:usbmidi_control_effect_2	16	static
../MIDI/src/usbmidi.c:92:10:usbmidi_control_generalPurpose_1	16	static
../MIDI/src/usbmidi.c:93:10:usbmidi_control_generalPurpose_2	16	static
../MIDI/src/usbmidi.c:94:10:usbmidi_control_generalPurpose_3	16	static
../MIDI/src/usbmidi.c:95:10:usbmidi_control_generalPurpose_4	16	static
../MIDI/src/usbmidi.c:97:10:usbmidi_damperPedal	16	static
../MIDI/src/usbmidi.c:100:10:usbmidi_portamento	16	static
../MIDI/src/usbmidi.c:103:10:usbmidi_sostenuto	16	static
../MIDI/src/usbmidi.c:106:10:usbmidi_softPedal	16	static
../MIDI/src/usbmidi.c:109:10:usbmidi_legatoFootswitch	16	static
../MIDI/src/usbmidi.c:112:10:usbmidi_hold_2	16	static
../MIDI/src/usbmidi.c:114:10:usbmidi_soundController_1_soundVariation	16	static
../MIDI/src/usbmidi.c:115:10:usbmidi_soundController_2_timbre	16	static
../MIDI/src/usbmidi.c:116:10:usbmidi_soundController_3_releaseTime	16	static
../MIDI/src/usbmidi.c:117:10:usbmidi_soundController_4_attackTime	16	static
../MIDI/src/usbmidi.c:118:10:usbmidi_soundController_5_brightness	16	static
../MIDI/src/usbmidi.c:119:10:usbmidi_soundController_6_decayTime	16	static
../MIDI/src/usbmidi.c:120:10:usbmidi_soundController_1_VibratoRate	16	static
../MIDI/src/usbmidi.c:121:10:usbmidi_soundController_1_VibratoDepth	16	static
../MIDI/src/usbmidi.c:122:10:usbmidi_soundController_1_VibratoDelay	16	static
../MIDI/src/usbmidi.c:124:10:usbmidi_control_generalPurpose_5	16	static
../MIDI/src/usbmidi.c:125:10:usbmidi_control_generalPurpose_6	16	static
../MIDI/src/usbmidi.c:126:10:usbmidi_control_generalPurpose_7	16	static
../MIDI/src/usbmidi.c:127:10:usbmidi_control_generalPurpose_8	16	static
../MIDI/src/usbmidi.c:129:10:usbmidi_control_portamentoControl	16	static
../MIDI/src/usbmidi.c:130:10:usbmidi_control_highResVelocityPrefix	16	static
../MIDI/src/usbmidi.c:133:10:usbmidi_control_effect_1_depth	16	static
../MIDI/src/usbmidi.c:134:10:usbmidi_control_effect_2_depth	16	static
../MIDI/src/usbmidi.c:135:10:usbmidi_control_effect_3_depth	16	static
../MIDI/src/usbmidi.c:136:10:usbmidi_control_effect_4_depth	16	static
../MIDI/src/usbmidi.c:137:10:usbmidi_control_effect_5_depth	16	static
../MIDI/src/usbmidi.c:139:10:usbmidi_dataIncrement	16	static
../MIDI/src/usbmidi.c:140:10:usbmidi_dataDecrement	16	static
../MIDI/src/usbmidi.c:143:10:usbmidi_NRPN	16	static
../MIDI/src/usbmidi.c:144:10:usbmidi_RPN	16	static
../MIDI/src/usbmidi.c:146:10:usbmidi_mode_allSoundOff	16	static
../MIDI/src/usbmidi.c:147:10:usbmidi_mode_resetAllControllers	16	static
../MIDI/src/usbmidi.c:148:10:usbmidi_mode_localControl	16	static
../MIDI/src/usbmidi.c:149:10:usbmidi_mode_allNotesOff	16	static
../MIDI/src/usbmidi.c:150:10:usbmidi_mode_OMNI_Off	16	static
../MIDI/src/usbmidi.c:151:10:usbmidi_mode_OMNI_On	16	static
../MIDI/src/usbmidi.c:152:10:usbmidi_mode_mono_On	16	static
../MIDI/src/usbmidi.c:153:10:usbmidi_mode_poly_On	16	static
../MIDI/src/usbmidi.c:155:10:usbmidi_pitch_bend_sensitivity	16	static
../MIDI/src/usbmidi.c:156:10:usbmidi_channelFineTuning	16	static
../MIDI/src/usbmidi.c:157:10:usbmidi_channelCoarseTuning	16	static
../MIDI/src/usbmidi.c:158:10:usbmidi_tuningProgramChange	16	static
../MIDI/src/usbmidi.c:159:10:usbmidi_tuningPBankSelect	16	static
../MIDI/src/usbmidi.c:160:10:usbmidi_tuningModulationDepthRange	16	static
../MIDI/src/usbmidi.c:161:10:usbmidi_MPEconfigMessage	16	static
../MIDI/src/usbmidi.c:168:10:usbmidi_registered_parameter_function	32	static
../MIDI/src/usbmidi.c:207:10:usbmidi_tx_bytes	24	static
../MIDI/src/usbmidi.c:212:10:usbmidi_rx_bytes	24	static
../MIDI/src/usbmidi.c:216:10:usbmidi_tx	32	static
